<html>
<body>
<pre>
<h1>µVision Build Log</h1>
<h2>Tool Versions:</h2>
IDE-Version: £gVision V5.11.2.0
Copyright (C) 2014 ARM Ltd and ARM Germany GmbH. All rights reserved.
License Information: kuo kajiala, abc, LIC=----
 
Tool Versions:
Toolchain:       MDK-Lite  Version: 5.11.0.0
Toolchain Path:  C:\Keil_v5\ARM\ARMCC\bin\
C Compiler:      Armcc.exe V5.04 update 1 (build 49)
Assembler:       Armasm.exe V5.04 update 1 (build 49)
Linker/Locator:  ArmLink.exe V5.04 update 1 (build 49)
Library Manager: ArmAr.exe V5.04 update 1 (build 49)
Hex Converter:   FromElf.exe V5.04 update 1 (build 49)
CPU DLL:         SARMCM3.DLL V5.11.0.0
Dialog DLL:      DCM.DLL V1.11.0.0
    Target DLL: STLink\ST-LINKIII-KEIL.dll
Dialog DLL:      TCM.DLL V1.14.1.0
 
<h2>Project:</h2>
D:\github\demouse\sources\keil\IO_Toggle\MDK-ARM\IO_Toggle.uvproj
Project File Date:  08/11/2017

<h2>Output:</h2>
Rebuild target 'IO_Toggle'
compiling system_stm32f4xx.c...
compiling main.c...
compiling stm32f4xx_it.c...
compiling stm32f4xx_rcc.c...
compiling misc.c...
compiling stm32f4xx_gpio.c...
compiling stm32f4xx_exti.c...
compiling stm32f4xx_syscfg.c...
assembling startup_stm32f4xx.s...
linking...
Program Size: Code=752 RO-data=424 RW-data=8 ZI-data=1024  
FromELF: creating hex file...
".\IO_Toggle\IO_Toggle.axf" - 0 Error(s), 0 Warning(s).
</pre>
</body>
</html>
