Archive member included to satisfy reference by file (symbol)

/home/kajiala/.eclipse/org.eclipse.platform_4.7.0_1473617060_linux_gtk_x86_64/plugins/fr.ac6.mcu.externaltools.arm-none.linux64_1.13.1.201707031232/tools/compiler/bin/../lib/gcc/arm-none-eabi/5.4.1/../../../../arm-none-eabi/lib/armv7e-m/fpu/libc_nano.a(lib_a-exit.o)
                              /home/kajiala/.eclipse/org.eclipse.platform_4.7.0_1473617060_linux_gtk_x86_64/plugins/fr.ac6.mcu.externaltools.arm-none.linux64_1.13.1.201707031232/tools/compiler/bin/../lib/gcc/arm-none-eabi/5.4.1/../../../../arm-none-eabi/lib/armv7e-m/fpu/crt0.o (exit)
/home/kajiala/.eclipse/org.eclipse.platform_4.7.0_1473617060_linux_gtk_x86_64/plugins/fr.ac6.mcu.externaltools.arm-none.linux64_1.13.1.201707031232/tools/compiler/bin/../lib/gcc/arm-none-eabi/5.4.1/../../../../arm-none-eabi/lib/armv7e-m/fpu/libc_nano.a(lib_a-impure.o)
                              /home/kajiala/.eclipse/org.eclipse.platform_4.7.0_1473617060_linux_gtk_x86_64/plugins/fr.ac6.mcu.externaltools.arm-none.linux64_1.13.1.201707031232/tools/compiler/bin/../lib/gcc/arm-none-eabi/5.4.1/../../../../arm-none-eabi/lib/armv7e-m/fpu/libc_nano.a(lib_a-exit.o) (_global_impure_ptr)
/home/kajiala/.eclipse/org.eclipse.platform_4.7.0_1473617060_linux_gtk_x86_64/plugins/fr.ac6.mcu.externaltools.arm-none.linux64_1.13.1.201707031232/tools/compiler/bin/../lib/gcc/arm-none-eabi/5.4.1/../../../../arm-none-eabi/lib/armv7e-m/fpu/libc_nano.a(lib_a-init.o)
                              /home/kajiala/.eclipse/org.eclipse.platform_4.7.0_1473617060_linux_gtk_x86_64/plugins/fr.ac6.mcu.externaltools.arm-none.linux64_1.13.1.201707031232/tools/compiler/bin/../lib/gcc/arm-none-eabi/5.4.1/../../../../arm-none-eabi/lib/armv7e-m/fpu/crt0.o (__libc_init_array)
/home/kajiala/.eclipse/org.eclipse.platform_4.7.0_1473617060_linux_gtk_x86_64/plugins/fr.ac6.mcu.externaltools.arm-none.linux64_1.13.1.201707031232/tools/compiler/bin/../lib/gcc/arm-none-eabi/5.4.1/../../../../arm-none-eabi/lib/armv7e-m/fpu/libc_nano.a(lib_a-malloc.o)
                              Middlewares/ST/STM32_USB_Device_Library/Class/CDC/Src/usbd_cdc.o (malloc)
/home/kajiala/.eclipse/org.eclipse.platform_4.7.0_1473617060_linux_gtk_x86_64/plugins/fr.ac6.mcu.externaltools.arm-none.linux64_1.13.1.201707031232/tools/compiler/bin/../lib/gcc/arm-none-eabi/5.4.1/../../../../arm-none-eabi/lib/armv7e-m/fpu/libc_nano.a(lib_a-memcpy-stub.o)
                              Src/usbd_cdc_if.o (memcpy)
/home/kajiala/.eclipse/org.eclipse.platform_4.7.0_1473617060_linux_gtk_x86_64/plugins/fr.ac6.mcu.externaltools.arm-none.linux64_1.13.1.201707031232/tools/compiler/bin/../lib/gcc/arm-none-eabi/5.4.1/../../../../arm-none-eabi/lib/armv7e-m/fpu/libc_nano.a(lib_a-memset.o)
                              /home/kajiala/.eclipse/org.eclipse.platform_4.7.0_1473617060_linux_gtk_x86_64/plugins/fr.ac6.mcu.externaltools.arm-none.linux64_1.13.1.201707031232/tools/compiler/bin/../lib/gcc/arm-none-eabi/5.4.1/../../../../arm-none-eabi/lib/armv7e-m/fpu/crt0.o (memset)
/home/kajiala/.eclipse/org.eclipse.platform_4.7.0_1473617060_linux_gtk_x86_64/plugins/fr.ac6.mcu.externaltools.arm-none.linux64_1.13.1.201707031232/tools/compiler/bin/../lib/gcc/arm-none-eabi/5.4.1/../../../../arm-none-eabi/lib/armv7e-m/fpu/libc_nano.a(lib_a-nano-freer.o)
                              /home/kajiala/.eclipse/org.eclipse.platform_4.7.0_1473617060_linux_gtk_x86_64/plugins/fr.ac6.mcu.externaltools.arm-none.linux64_1.13.1.201707031232/tools/compiler/bin/../lib/gcc/arm-none-eabi/5.4.1/../../../../arm-none-eabi/lib/armv7e-m/fpu/libc_nano.a(lib_a-malloc.o) (_free_r)
/home/kajiala/.eclipse/org.eclipse.platform_4.7.0_1473617060_linux_gtk_x86_64/plugins/fr.ac6.mcu.externaltools.arm-none.linux64_1.13.1.201707031232/tools/compiler/bin/../lib/gcc/arm-none-eabi/5.4.1/../../../../arm-none-eabi/lib/armv7e-m/fpu/libc_nano.a(lib_a-nano-mallocr.o)
                              /home/kajiala/.eclipse/org.eclipse.platform_4.7.0_1473617060_linux_gtk_x86_64/plugins/fr.ac6.mcu.externaltools.arm-none.linux64_1.13.1.201707031232/tools/compiler/bin/../lib/gcc/arm-none-eabi/5.4.1/../../../../arm-none-eabi/lib/armv7e-m/fpu/libc_nano.a(lib_a-malloc.o) (_malloc_r)
/home/kajiala/.eclipse/org.eclipse.platform_4.7.0_1473617060_linux_gtk_x86_64/plugins/fr.ac6.mcu.externaltools.arm-none.linux64_1.13.1.201707031232/tools/compiler/bin/../lib/gcc/arm-none-eabi/5.4.1/../../../../arm-none-eabi/lib/armv7e-m/fpu/libc_nano.a(lib_a-printf.o)
                              Src/main.o (printf)
/home/kajiala/.eclipse/org.eclipse.platform_4.7.0_1473617060_linux_gtk_x86_64/plugins/fr.ac6.mcu.externaltools.arm-none.linux64_1.13.1.201707031232/tools/compiler/bin/../lib/gcc/arm-none-eabi/5.4.1/../../../../arm-none-eabi/lib/armv7e-m/fpu/libc_nano.a(lib_a-sbrkr.o)
[...]
Memory Configuration

Name             Origin             Length             Attributes
RAM              0x20000000         0x00020000         xrw
CCMRAM           0x10000000         0x00010000         rw
FLASH            0x08000000         0x00100000         xr
*default*        0x00000000         0xffffffff

Linker script and memory map

LOAD /home/kajiala/.eclipse/org.eclipse.platform_4.7.0_1473617060_linux_gtk_x86_64/plugins/fr.ac6.mcu.externaltools.arm-none.linux64_1.13.1.201707031232/tools/compiler/bin/../lib/gcc/arm-none-eabi/5.4.1/armv7e-m/fpu/crti.o
LOAD /home/kajiala/.eclipse/org.eclipse.platform_4.7.0_1473617060_linux_gtk_x86_64/plugins/fr.ac6.mcu.externaltools.arm-none.linux64_1.13.1.201707031232/tools/compiler/bin/../lib/gcc/arm-none-eabi/5.4.1/armv7e-m/fpu/crtbegin.o
LOAD /home/kajiala/.eclipse/org.eclipse.platform_4.7.0_1473617060_linux_gtk_x86_64/plugins/fr.ac6.mcu.externaltools.arm-none.linux64_1.13.1.201707031232/tools/compiler/bin/../lib/gcc/arm-none-eabi/5.4.1/../../../../arm-none-eabi/lib/armv7e-m/fpu/crt0.o
LOAD Drivers/STM32F4xx_HAL_Driver/Src/stm32f4xx_hal.o
LOAD Drivers/STM32F4xx_HAL_Driver/Src/stm32f4xx_hal_cortex.o
LOAD Drivers/STM32F4xx_HAL_Driver/Src/stm32f4xx_hal_dma.o
LOAD Drivers/STM32F4xx_HAL_Driver/Src/stm32f4xx_hal_dma_ex.o
LOAD Drivers/STM32F4xx_HAL_Driver/Src/stm32f4xx_hal_flash.o
LOAD Drivers/STM32F4xx_HAL_Driver/Src/stm32f4xx_hal_flash_ex.o
LOAD Drivers/STM32F4xx_HAL_Driver/Src/stm32f4xx_hal_flash_ramfunc.o
LOAD Drivers/STM32F4xx_HAL_Driver/Src/stm32f4xx_hal_gpio.o
LOAD Drivers/STM32F4xx_HAL_Driver/Src/stm32f4xx_hal_pcd.o
LOAD Drivers/STM32F4xx_HAL_Driver/Src/stm32f4xx_hal_pcd_ex.o
LOAD Drivers/STM32F4xx_HAL_Driver/Src/stm32f4xx_hal_pwr.o
LOAD Drivers/STM32F4xx_HAL_Driver/Src/stm32f4xx_hal_pwr_ex.o
LOAD Drivers/STM32F4xx_HAL_Driver/Src/stm32f4xx_hal_rcc.o
LOAD Drivers/STM32F4xx_HAL_Driver/Src/stm32f4xx_hal_rcc_ex.o
LOAD Drivers/STM32F4xx_HAL_Driver/Src/stm32f4xx_hal_tim.o
LOAD Drivers/STM32F4xx_HAL_Driver/Src/stm32f4xx_hal_tim_ex.o
LOAD Drivers/STM32F4xx_HAL_Driver/Src/stm32f4xx_ll_usb.o
LOAD Middlewares/ST/STM32_USB_Device_Library/Class/CDC/Src/usbd_cdc.o
LOAD Middlewares/ST/STM32_USB_Device_Library/Core/Src/usbd_core.o
LOAD Middlewares/ST/STM32_USB_Device_Library/Core/Src/usbd_ctlreq.o
LOAD Middlewares/ST/STM32_USB_Device_Library/Core/Src/usbd_ioreq.o
LOAD Src/main.o
LOAD Src/stm32f4xx_hal_msp.o
LOAD Src/stm32f4xx_it.o
LOAD Src/system_stm32f4xx.o
LOAD Src/usb_device.o
LOAD Src/usbd_cdc_if.o
LOAD Src/usbd_conf.o
LOAD Src/usbd_desc.o
LOAD startup/startup_stm32f405xx.o
LOAD /home/kajiala/.eclipse/org.eclipse.platform_4.7.0_1473617060_linux_gtk_x86_64/plugins/fr.ac6.mcu.externaltools.arm-none.linux64_1.13.1.201707031232/tools/compiler/bin/../lib/gcc/arm-none-eabi/5.4.1/../../../../arm-none-eabi/lib/armv7e-m/fpu/libm.a
START GROUP
LOAD /home/kajiala/.eclipse/org.eclipse.platform_4.7.0_1473617060_linux_gtk_x86_64/plugins/fr.ac6.mcu.externaltools.arm-none.linux64_1.13.1.201707031232/tools/compiler/bin/../lib/gcc/arm-none-eabi/5.4.1/armv7e-m/fpu/libgcc.a
LOAD /home/kajiala/.eclipse/org.eclipse.platform_4.7.0_1473617060_linux_gtk_x86_64/plugins/fr.ac6.mcu.externaltools.arm-none.linux64_1.13.1.201707031232/tools/compiler/bin/../lib/gcc/arm-none-eabi/5.4.1/../../../../arm-none-eabi/lib/armv7e-m/fpu/libc_nano.a
END GROUP
START GROUP
LOAD /home/kajiala/.eclipse/org.eclipse.platform_4.7.0_1473617060_linux_gtk_x86_64/plugins/fr.ac6.mcu.externaltools.arm-none.linux64_1.13.1.201707031232/tools/compiler/bin/../lib/gcc/arm-none-eabi/5.4.1/armv7e-m/fpu/libgcc.a
LOAD /home/kajiala/.eclipse/org.eclipse.platform_4.7.0_1473617060_linux_gtk_x86_64/plugins/fr.ac6.mcu.externaltools.arm-none.linux64_1.13.1.201707031232/tools/compiler/bin/../lib/gcc/arm-none-eabi/5.4.1/../../../../arm-none-eabi/lib/armv7e-m/fpu/libc_nano.a
LOAD /home/kajiala/.eclipse/org.eclipse.platform_4.7.0_1473617060_linux_gtk_x86_64/plugins/fr.ac6.mcu.externaltools.arm-none.linux64_1.13.1.201707031232/tools/compiler/bin/../lib/gcc/arm-none-eabi/5.4.1/../../../../arm-none-eabi/lib/armv7e-m/fpu/libnosys.a
END GROUP
START GROUP
LOAD /home/kajiala/.eclipse/org.eclipse.platform_4.7.0_1473617060_linux_gtk_x86_64/plugins/fr.ac6.mcu.externaltools.arm-none.linux64_1.13.1.201707031232/tools/compiler/bin/../lib/gcc/arm-none-eabi/5.4.1/armv7e-m/fpu/libgcc.a
LOAD /home/kajiala/.eclipse/org.eclipse.platform_4.7.0_1473617060_linux_gtk_x86_64/plugins/fr.ac6.mcu.externaltools.arm-none.linux64_1.13.1.201707031232/tools/compiler/bin/../lib/gcc/arm-none-eabi/5.4.1/../../../../arm-none-eabi/lib/armv7e-m/fpu/libc_nano.a
LOAD /home/kajiala/.eclipse/org.eclipse.platform_4.7.0_1473617060_linux_gtk_x86_64/plugins/fr.ac6.mcu.externaltools.arm-none.linux64_1.13.1.201707031232/tools/compiler/bin/../lib/gcc/arm-none-eabi/5.4.1/../../../../arm-none-eabi/lib/armv7e-m/fpu/libnosys.a
END GROUP
LOAD /home/kajiala/.eclipse/org.eclipse.platform_4.7.0_1473617060_linux_gtk_x86_64/plugins/fr.ac6.mcu.externaltools.arm-none.linux64_1.13.1.201707031232/tools/compiler/bin/../lib/gcc/arm-none-eabi/5.4.1/armv7e-m/fpu/crtend.o
LOAD /home/kajiala/.eclipse/org.eclipse.platform_4.7.0_1473617060_linux_gtk_x86_64/plugins/fr.ac6.mcu.externaltools.arm-none.linux64_1.13.1.201707031232/tools/compiler/bin/../lib/gcc/arm-none-eabi/5.4.1/armv7e-m/fpu/crtn.o
                0x20020000                _estack = 0x20020000
                0x00000200                _Min_Heap_Size = 0x200
                0x00000400                _Min_Stack_Size = 0x400

.isr_vector     0x08000000      0x188
                0x08000000                . = ALIGN (0x4)
 *(.isr_vector)
 .isr_vector    0x08000000      0x188 startup/startup_stm32f405xx.o
                0x08000000                g_pfnVectors
                0x08000188                . = ALIGN (0x4)

.text           0x08000190     0x3f14
                0x08000190                . = ALIGN (0x4)
 *(.text)
 .text          0x08000190       0x5c /home/kajiala/.eclipse/org.eclipse.platform_4.7.0_1473617060_linux_gtk_x86_64/plugins/fr.ac6.mcu.externaltools.arm-none.linux64_1.13.1.201707031232/tools/compiler/bin/../lib/gcc/arm-none-eabi/5.4.1/armv7e-m/fpu/crtbegin.o
 *fill*         0x080001ec        0x4 
 .text          0x080001f0       0xa0 /home/kajiala/.eclipse/org.eclipse.platform_4.7.0_1473617060_linux_gtk_x86_64/plugins/fr.ac6.mcu.externaltools.arm-none.linux64_1.13.1.201707031232/tools/compiler/bin/../lib/gcc/arm-none-eabi/5.4.1/../../../../arm-none-eabi/lib/armv7e-m/fpu/libc_nano.a(lib_a-memchr.o)
                0x080001f0                memchr
 *(.text*)
 .text.HAL_InitTick
                0x08000290       0x2c Drivers/STM32F4xx_HAL_Driver/Src/stm32f4xx_hal.o
                0x08000290                HAL_InitTick
 .text.HAL_Init
                0x080002bc       0x34 Drivers/STM32F4xx_HAL_Driver/Src/stm32f4xx_hal.o
                0x080002bc                HAL_Init
 .text.HAL_IncTick
                0x080002f0       0x10 Drivers/STM32F4xx_HAL_Driver/Src/stm32f4xx_hal.o
                0x080002f0                HAL_IncTick
 .text.HAL_GetTick
                0x08000300        0xc Drivers/STM32F4xx_HAL_Driver/Src/stm32f4xx_hal.o
                0x08000300                HAL_GetTick
 .text.HAL_Delay
                0x0800030c       0x24 Drivers/STM32F4xx_HAL_Driver/Src/stm32f4xx_hal.o
                0x0800030c                HAL_Delay
 .text.HAL_NVIC_SetPriorityGrouping
                0x08000330       0x24 Drivers/STM32F4xx_HAL_Driver/Src/stm32f4xx_hal_cortex.o
                0x08000330                HAL_NVIC_SetPriorityGrouping
 .text.HAL_NVIC_SetPriority
                0x08000354       0x64 Drivers/STM32F4xx_HAL_Driver/Src/stm32f4xx_hal_cortex.o
                0x08000354                HAL_NVIC_SetPriority
 .text.HAL_NVIC_EnableIRQ
                0x080003b8       0x18 Drivers/STM32F4xx_HAL_Driver/Src/stm32f4xx_hal_cortex.o
                0x080003b8                HAL_NVIC_EnableIRQ
 .text.HAL_SYSTICK_Config
                0x080003d0       0x2c Drivers/STM32F4xx_HAL_Driver/Src/stm32f4xx_hal_cortex.o
                0x080003d0                HAL_SYSTICK_Config
 .text.HAL_SYSTICK_CLKSourceConfig
                0x080003fc       0x20 Drivers/STM32F4xx_HAL_Driver/Src/stm32f4xx_hal_cortex.o
                0x080003fc                HAL_SYSTICK_CLKSourceConfig
 .text.HAL_SYSTICK_Callback
                0x0800041c        0x4 Drivers/STM32F4xx_HAL_Driver/Src/stm32f4xx_hal_cortex.o
                0x0800041c                HAL_SYSTICK_Callback
 .text.HAL_SYSTICK_IRQHandler
                0x08000420        0x8 Drivers/STM32F4xx_HAL_Driver/Src/stm32f4xx_hal_cortex.o
                0x08000420                HAL_SYSTICK_IRQHandler
 .text.HAL_GPIO_Init
                0x08000428      0x1c0 Drivers/STM32F4xx_HAL_Driver/Src/stm32f4xx_hal_gpio.o
                0x08000428                HAL_GPIO_Init
 .text.PCD_WriteEmptyTxFifo
                0x080005e8       0xb0 Drivers/STM32F4xx_HAL_Driver/Src/stm32f4xx_hal_pcd.o
 .text.HAL_PCD_Init
                0x08000698       0xe4 Drivers/STM32F4xx_HAL_Driver/Src/stm32f4xx_hal_pcd.o
                0x08000698                HAL_PCD_Init
 .text.HAL_PCD_Start
                0x0800077c       0x2c Drivers/STM32F4xx_HAL_Driver/Src/stm32f4xx_hal_pcd.o
                0x0800077c                HAL_PCD_Start
 .text.HAL_PCD_IRQHandler
                0x080007a8      0x57c Drivers/STM32F4xx_HAL_Driver/Src/stm32f4xx_hal_pcd.o
                0x080007a8                HAL_PCD_IRQHandler
 .text.HAL_PCD_SetAddress
                0x08000d24       0x24 Drivers/STM32F4xx_HAL_Driver/Src/stm32f4xx_hal_pcd.o
                0x08000d24                HAL_PCD_SetAddress
 .text.HAL_PCD_EP_Open
                0x08000d48       0x68 Drivers/STM32F4xx_HAL_Driver/Src/stm32f4xx_hal_pcd.o
                0x08000d48                HAL_PCD_EP_Open
 .text.HAL_PCD_EP_Close
                0x08000db0       0x58 Drivers/STM32F4xx_HAL_Driver/Src/stm32f4xx_hal_pcd.o
                0x08000db0                HAL_PCD_EP_Close
 .text.HAL_PCD_EP_Receive
                0x08000e08       0x58 Drivers/STM32F4xx_HAL_Driver/Src/stm32f4xx_hal_pcd.o
                0x08000e08                HAL_PCD_EP_Receive
 .text.HAL_PCD_EP_GetRxCount
                0x08000e60       0x14 Drivers/STM32F4xx_HAL_Driver/Src/stm32f4xx_hal_pcd.o
                0x08000e60                HAL_PCD_EP_GetRxCount
 .text.HAL_PCD_EP_Transmit
                0x08000e74       0x50 Drivers/STM32F4xx_HAL_Driver/Src/stm32f4xx_hal_pcd.o
                0x08000e74                HAL_PCD_EP_Transmit
 .text.HAL_PCD_EP_SetStall
                0x08000ec4       0x64 Drivers/STM32F4xx_HAL_Driver/Src/stm32f4xx_hal_pcd.o
                0x08000ec4                HAL_PCD_EP_SetStall
 .text.HAL_PCD_EP_ClrStall
                0x08000f28       0x58 Drivers/STM32F4xx_HAL_Driver/Src/stm32f4xx_hal_pcd.o
                0x08000f28                HAL_PCD_EP_ClrStall
 .text.HAL_PCDEx_SetTxFiFo
                0x08000f80       0x48 Drivers/STM32F4xx_HAL_Driver/Src/stm32f4xx_hal_pcd_ex.o
                0x08000f80                HAL_PCDEx_SetTxFiFo
 .text.HAL_PCDEx_SetRxFiFo
                0x08000fc8        0x8 Drivers/STM32F4xx_HAL_Driver/Src/stm32f4xx_hal_pcd_ex.o
                0x08000fc8                HAL_PCDEx_SetRxFiFo
 .text.HAL_RCC_OscConfig
                0x08000fd0      0x3c8 Drivers/STM32F4xx_HAL_Driver/Src/stm32f4xx_hal_rcc.o
                0x08000fd0                HAL_RCC_OscConfig
 .text.HAL_RCC_GetSysClockFreq
                0x08001398       0xa4 Drivers/STM32F4xx_HAL_Driver/Src/stm32f4xx_hal_rcc.o
                0x08001398                HAL_RCC_GetSysClockFreq
 .text.HAL_RCC_ClockConfig
                0x0800143c      0x1b0 Drivers/STM32F4xx_HAL_Driver/Src/stm32f4xx_hal_rcc.o
                0x0800143c                HAL_RCC_ClockConfig
 .text.HAL_RCC_GetHCLKFreq
                0x080015ec        0xc Drivers/STM32F4xx_HAL_Driver/Src/stm32f4xx_hal_rcc.o
                0x080015ec                HAL_RCC_GetHCLKFreq
 .text.USB_CoreInit
                0x080015f8       0x78 Drivers/STM32F4xx_HAL_Driver/Src/stm32f4xx_ll_usb.o
                0x080015f8                USB_CoreInit
 .text.USB_EnableGlobalInt
                0x08001670        0xc Drivers/STM32F4xx_HAL_Driver/Src/stm32f4xx_ll_usb.o
                0x08001670                USB_EnableGlobalInt
 .text.USB_DisableGlobalInt
                0x0800167c        0xc Drivers/STM32F4xx_HAL_Driver/Src/stm32f4xx_ll_usb.o
                0x0800167c                USB_DisableGlobalInt
 .text.USB_SetCurrentMode
                0x08001688       0x2c Drivers/STM32F4xx_HAL_Driver/Src/stm32f4xx_ll_usb.o
                0x08001688                USB_SetCurrentMode
 .text.USB_DevInit
                0x080016b4      0x14c Drivers/STM32F4xx_HAL_Driver/Src/stm32f4xx_ll_usb.o
                0x080016b4                USB_DevInit
 .text.USB_FlushTxFifo
                0x08001800       0x28 Drivers/STM32F4xx_HAL_Driver/Src/stm32f4xx_ll_usb.o
                0x08001800                USB_FlushTxFifo
 .text.USB_FlushRxFifo
                0x08001828       0x24 Drivers/STM32F4xx_HAL_Driver/Src/stm32f4xx_ll_usb.o
                0x08001828                USB_FlushRxFifo
 .text.USB_SetDevSpeed
                0x0800184c       0x10 Drivers/STM32F4xx_HAL_Driver/Src/stm32f4xx_ll_usb.o
                0x0800184c                USB_SetDevSpeed
 .text.USB_GetDevSpeed
                0x0800185c       0x40 Drivers/STM32F4xx_HAL_Driver/Src/stm32f4xx_ll_usb.o
                0x0800185c                USB_GetDevSpeed
 .text.USB_ActivateEndpoint
                0x0800189c       0x98 Drivers/STM32F4xx_HAL_Driver/Src/stm32f4xx_ll_usb.o
                0x0800189c                USB_ActivateEndpoint
 .text.USB_DeactivateEndpoint
                0x08001934       0xf4 Drivers/STM32F4xx_HAL_Driver/Src/stm32f4xx_ll_usb.o
                0x08001934                USB_DeactivateEndpoint
 .text.USB_EPStartXfer
                0x08001a28      0x258 Drivers/STM32F4xx_HAL_Driver/Src/stm32f4xx_ll_usb.o
                0x08001a28                USB_EPStartXfer
 .text.USB_EP0StartXfer
                0x08001c80      0x160 Drivers/STM32F4xx_HAL_Driver/Src/stm32f4xx_ll_usb.o
                0x08001c80                USB_EP0StartXfer
 .text.USB_WritePacket
                0x08001de0       0x2c Drivers/STM32F4xx_HAL_Driver/Src/stm32f4xx_ll_usb.o
                0x08001de0                USB_WritePacket
 .text.USB_ReadPacket
                0x08001e0c       0x24 Drivers/STM32F4xx_HAL_Driver/Src/stm32f4xx_ll_usb.o
                0x08001e0c                USB_ReadPacket
 .text.USB_EPSetStall
                0x08001e30       0x64 Drivers/STM32F4xx_HAL_Driver/Src/stm32f4xx_ll_usb.o
                0x08001e30                USB_EPSetStall
 .text.USB_EPClearStall
                0x08001e94       0x68 Drivers/STM32F4xx_HAL_Driver/Src/stm32f4xx_ll_usb.o
                0x08001e94                USB_EPClearStall
 .text.USB_SetDevAddress
                0x08001efc       0x20 Drivers/STM32F4xx_HAL_Driver/Src/stm32f4xx_ll_usb.o
                0x08001efc                USB_SetDevAddress
 .text.USB_DevConnect
                0x08001f1c       0x18 Drivers/STM32F4xx_HAL_Driver/Src/stm32f4xx_ll_usb.o
                0x08001f1c                USB_DevConnect
 .text.USB_DevDisconnect
                0x08001f34       0x18 Drivers/STM32F4xx_HAL_Driver/Src/stm32f4xx_ll_usb.o
                0x08001f34                USB_DevDisconnect
 .text.USB_ReadInterrupts
                0x08001f4c        0x8 Drivers/STM32F4xx_HAL_Driver/Src/stm32f4xx_ll_usb.o
                0x08001f4c                USB_ReadInterrupts
 .text.USB_ReadDevAllOutEpInterrupt
                0x08001f54       0x10 Drivers/STM32F4xx_HAL_Driver/Src/stm32f4xx_ll_usb.o
                0x08001f54                USB_ReadDevAllOutEpInterrupt
 .text.USB_ReadDevAllInEpInterrupt
                0x08001f64       0x10 Drivers/STM32F4xx_HAL_Driver/Src/stm32f4xx_ll_usb.o
                0x08001f64                USB_ReadDevAllInEpInterrupt
 .text.USB_ReadDevOutEPInterrupt
                0x08001f74       0x14 Drivers/STM32F4xx_HAL_Driver/Src/stm32f4xx_ll_usb.o
                0x08001f74                USB_ReadDevOutEPInterrupt
 .text.USB_ReadDevInEPInterrupt
                0x08001f88       0x24 Drivers/STM32F4xx_HAL_Driver/Src/stm32f4xx_ll_usb.o
                0x08001f88                USB_ReadDevInEPInterrupt
 .text.USB_GetMode
                0x08001fac        0x8 Drivers/STM32F4xx_HAL_Driver/Src/stm32f4xx_ll_usb.o
                0x08001fac                USB_GetMode
 .text.USB_ActivateSetup
                0x08001fb4       0x38 Drivers/STM32F4xx_HAL_Driver/Src/stm32f4xx_ll_usb.o
                0x08001fb4                USB_ActivateSetup
 .text.USB_EP0_OutStart
                0x08001fec       0x44 Drivers/STM32F4xx_HAL_Driver/Src/stm32f4xx_ll_usb.o
                0x08001fec                USB_EP0_OutStart
 .text.USB_CoreReset
                0x08002030       0x3c Drivers/STM32F4xx_HAL_Driver/Src/stm32f4xx_ll_usb.o
 .text.USBD_CDC_DataIn
                0x0800206c       0x14 Middlewares/ST/STM32_USB_Device_Library/Class/CDC/Src/usbd_cdc.o
 .text.USBD_CDC_EP0_RxReady
                0x08002080       0x28 Middlewares/ST/STM32_USB_Device_Library/Class/CDC/Src/usbd_cdc.o
 .text.USBD_CDC_GetFSCfgDesc
                0x080020a8        0xc Middlewares/ST/STM32_USB_Device_Library/Class/CDC/Src/usbd_cdc.o
 .text.USBD_CDC_GetHSCfgDesc
                0x080020b4        0xc Middlewares/ST/STM32_USB_Device_Library/Class/CDC/Src/usbd_cdc.o
 .text.USBD_CDC_GetOtherSpeedCfgDesc
                0x080020c0        0xc Middlewares/ST/STM32_USB_Device_Library/Class/CDC/Src/usbd_cdc.o
 .text.USBD_CDC_GetDeviceQualifierDescriptor
                0x080020cc        0xc Middlewares/ST/STM32_USB_Device_Library/Class/CDC/Src/usbd_cdc.o
                0x080020cc                USBD_CDC_GetDeviceQualifierDescriptor
 .text.USBD_CDC_DataOut
                0x080020d8       0x30 Middlewares/ST/STM32_USB_Device_Library/Class/CDC/Src/usbd_cdc.o
 .text.USBD_CDC_Setup
                0x08002108       0x74 Middlewares/ST/STM32_USB_Device_Library/Class/CDC/Src/usbd_cdc.o
 .text.USBD_CDC_DeInit
                0x0800217c       0x3c Middlewares/ST/STM32_USB_Device_Library/Class/CDC/Src/usbd_cdc.o
 .text.USBD_CDC_Init
                0x080021b8       0x98 Middlewares/ST/STM32_USB_Device_Library/Class/CDC/Src/usbd_cdc.o
 .text.USBD_CDC_RegisterInterface
                0x08002250       0x10 Middlewares/ST/STM32_USB_Device_Library/Class/CDC/Src/usbd_cdc.o
                0x08002250                USBD_CDC_RegisterInterface
 .text.USBD_CDC_SetTxBuffer
                0x08002260       0x10 Middlewares/ST/STM32_USB_Device_Library/Class/CDC/Src/usbd_cdc.o
                0x08002260                USBD_CDC_SetTxBuffer
 .text.USBD_CDC_SetRxBuffer
                0x08002270        0xc Middlewares/ST/STM32_USB_Device_Library/Class/CDC/Src/usbd_cdc.o
                0x08002270                USBD_CDC_SetRxBuffer
 .text.USBD_CDC_ReceivePacket
                0x0800227c       0x34 Middlewares/ST/STM32_USB_Device_Library/Class/CDC/Src/usbd_cdc.o
                0x0800227c                USBD_CDC_ReceivePacket
 .text.USBD_Init
                0x080022b0       0x30 Middlewares/ST/STM32_USB_Device_Library/Core/Src/usbd_core.o
                0x080022b0                USBD_Init
 .text.USBD_RegisterClass
                0x080022e0       0x10 Middlewares/ST/STM32_USB_Device_Library/Core/Src/usbd_core.o
                0x080022e0                USBD_RegisterClass
 .text.USBD_Start
                0x080022f0        0xc Middlewares/ST/STM32_USB_Device_Library/Core/Src/usbd_core.o
                0x080022f0                USBD_Start
 .text.USBD_SetClassConfig
                0x080022fc       0x1c Middlewares/ST/STM32_USB_Device_Library/Core/Src/usbd_core.o
                0x080022fc                USBD_SetClassConfig
 .text.USBD_ClrClassConfig
                0x08002318       0x10 Middlewares/ST/STM32_USB_Device_Library/Core/Src/usbd_core.o
                0x08002318                USBD_ClrClassConfig
 .text.USBD_LL_SetupStage
                0x08002328       0x5c Middlewares/ST/STM32_USB_Device_Library/Core/Src/usbd_core.o
                0x08002328                USBD_LL_SetupStage
 .text.USBD_LL_DataOutStage
                0x08002384       0x68 Middlewares/ST/STM32_USB_Device_Library/Core/Src/usbd_core.o
                0x08002384                USBD_LL_DataOutStage
 .text.USBD_LL_DataInStage
                0x080023ec       0xac Middlewares/ST/STM32_USB_Device_Library/Core/Src/usbd_core.o
                0x080023ec                USBD_LL_DataInStage
 .text.USBD_LL_Reset
                0x08002498       0x40 Middlewares/ST/STM32_USB_Device_Library/Core/Src/usbd_core.o
                0x08002498                USBD_LL_Reset
 .text.USBD_LL_SetSpeed
                0x080024d8        0x8 Middlewares/ST/STM32_USB_Device_Library/Core/Src/usbd_core.o
                0x080024d8                USBD_LL_SetSpeed
 .text.USBD_LL_Suspend
                0x080024e0       0x14 Middlewares/ST/STM32_USB_Device_Library/Core/Src/usbd_core.o
                0x080024e0                USBD_LL_Suspend
 .text.USBD_LL_Resume
                0x080024f4        0xc Middlewares/ST/STM32_USB_Device_Library/Core/Src/usbd_core.o
                0x080024f4                USBD_LL_Resume
 .text.USBD_LL_SOF
                0x08002500       0x18 Middlewares/ST/STM32_USB_Device_Library/Core/Src/usbd_core.o
                0x08002500                USBD_LL_SOF
 .text.USBD_LL_IsoINIncomplete
                0x08002518        0x4 Middlewares/ST/STM32_USB_Device_Library/Core/Src/usbd_core.o
                0x08002518                USBD_LL_IsoINIncomplete
 .text.USBD_LL_IsoOUTIncomplete
                0x0800251c        0x4 Middlewares/ST/STM32_USB_Device_Library/Core/Src/usbd_core.o
                0x0800251c                USBD_LL_IsoOUTIncomplete
 .text.USBD_LL_DevConnected
                0x08002520        0x4 Middlewares/ST/STM32_USB_Device_Library/Core/Src/usbd_core.o
                0x08002520                USBD_LL_DevConnected
 .text.USBD_LL_DevDisconnected
                0x08002524       0x18 Middlewares/ST/STM32_USB_Device_Library/Core/Src/usbd_core.o
                0x08002524                USBD_LL_DevDisconnected
 .text.USBD_GetLen
                0x0800253c       0x14 Middlewares/ST/STM32_USB_Device_Library/Core/Src/usbd_ctlreq.o
 .text.USBD_SetFeature
                0x08002550       0x20 Middlewares/ST/STM32_USB_Device_Library/Core/Src/usbd_ctlreq.o
 .text.USBD_ParseSetupRequest
                0x08002570       0x28 Middlewares/ST/STM32_USB_Device_Library/Core/Src/usbd_ctlreq.o
                0x08002570                USBD_ParseSetupRequest
 .text.USBD_CtlError
                0x08002598       0x14 Middlewares/ST/STM32_USB_Device_Library/Core/Src/usbd_ctlreq.o
                0x08002598                USBD_CtlError
 .text.USBD_GetDescriptor
                0x080025ac      0x130 Middlewares/ST/STM32_USB_Device_Library/Core/Src/usbd_ctlreq.o
 .text.USBD_SetAddress
                0x080026dc       0x4c Middlewares/ST/STM32_USB_Device_Library/Core/Src/usbd_ctlreq.o
 .text.USBD_SetConfig
                0x08002728       0xa8 Middlewares/ST/STM32_USB_Device_Library/Core/Src/usbd_ctlreq.o
 .text.USBD_GetConfig
                0x080027d0       0x3c Middlewares/ST/STM32_USB_Device_Library/Core/Src/usbd_ctlreq.o
 .text.USBD_GetStatus
                0x0800280c       0x2c Middlewares/ST/STM32_USB_Device_Library/Core/Src/usbd_ctlreq.o
 .text.USBD_ClrFeature
                0x08002838       0x30 Middlewares/ST/STM32_USB_Device_Library/Core/Src/usbd_ctlreq.o
 .text.USBD_StdDevReq
                0x08002868       0x48 Middlewares/ST/STM32_USB_Device_Library/Core/Src/usbd_ctlreq.o
                0x08002868                USBD_StdDevReq
 .text.USBD_StdItfReq
                0x080028b0       0x38 Middlewares/ST/STM32_USB_Device_Library/Core/Src/usbd_ctlreq.o
                0x080028b0                USBD_StdItfReq
 .text.USBD_StdEPReq
                0x080028e8      0x11c Middlewares/ST/STM32_USB_Device_Library/Core/Src/usbd_ctlreq.o
                0x080028e8                USBD_StdEPReq
 .text.USBD_GetString
                0x08002a04       0x3c Middlewares/ST/STM32_USB_Device_Library/Core/Src/usbd_ctlreq.o
                0x08002a04                USBD_GetString
 .text.USBD_CtlSendData
                0x08002a40       0x1c Middlewares/ST/STM32_USB_Device_Library/Core/Src/usbd_ioreq.o
                0x08002a40                USBD_CtlSendData
 .text.USBD_CtlContinueSendData
                0x08002a5c       0x10 Middlewares/ST/STM32_USB_Device_Library/Core/Src/usbd_ioreq.o
                0x08002a5c                USBD_CtlContinueSendData
 .text.USBD_CtlPrepareRx
                0x08002a6c       0x20 Middlewares/ST/STM32_USB_Device_Library/Core/Src/usbd_ioreq.o
                0x08002a6c                USBD_CtlPrepareRx
 .text.USBD_CtlContinueRx
                0x08002a8c       0x10 Middlewares/ST/STM32_USB_Device_Library/Core/Src/usbd_ioreq.o
                0x08002a8c                USBD_CtlContinueRx
 .text.USBD_CtlSendStatus
                0x08002a9c       0x18 Middlewares/ST/STM32_USB_Device_Library/Core/Src/usbd_ioreq.o
                0x08002a9c                USBD_CtlSendStatus
 .text.USBD_CtlReceiveStatus
                0x08002ab4       0x18 Middlewares/ST/STM32_USB_Device_Library/Core/Src/usbd_ioreq.o
                0x08002ab4                USBD_CtlReceiveStatus
 .text._Error_Handler
                0x08002acc        0x4 Src/main.o
                0x08002acc                _Error_Handler
 .text.SystemClock_Config
                0x08002ad0       0xc4 Src/main.o
                0x08002ad0                SystemClock_Config
 .text.main     0x08002b94       0x24 Src/main.o
                0x08002b94                main
 .text.HAL_GPIO_MspInit
                0x08002bb8       0x38 Src/stm32f4xx_hal_msp.o
                0x08002bb8                HAL_GPIO_MspInit
 .text.HAL_USB_DEV_MspInit
                0x08002bf0        0x8 Src/stm32f4xx_hal_msp.o
                0x08002bf0                HAL_USB_DEV_MspInit
 .text.HAL_MspInit
                0x08002bf8       0x68 Src/stm32f4xx_hal_msp.o
                0x08002bf8                HAL_MspInit
 .text.NMI_Handler
                0x08002c60        0x4 Src/stm32f4xx_it.o
                0x08002c60                NMI_Handler
 .text.HardFault_Handler
                0x08002c64        0x4 Src/stm32f4xx_it.o
                0x08002c64                HardFault_Handler
 .text.MemManage_Handler
                0x08002c68        0x4 Src/stm32f4xx_it.o
                0x08002c68                MemManage_Handler
 .text.BusFault_Handler
                0x08002c6c        0x4 Src/stm32f4xx_it.o
                0x08002c6c                BusFault_Handler
 .text.UsageFault_Handler
                0x08002c70        0x4 Src/stm32f4xx_it.o
                0x08002c70                UsageFault_Handler
 .text.SVC_Handler
                0x08002c74        0x4 Src/stm32f4xx_it.o
                0x08002c74                SVC_Handler
 .text.DebugMon_Handler
                0x08002c78        0x4 Src/stm32f4xx_it.o
                0x08002c78                DebugMon_Handler
 .text.PendSV_Handler
                0x08002c7c        0x4 Src/stm32f4xx_it.o
                0x08002c7c                PendSV_Handler
 .text.SysTick_Handler
                0x08002c80        0xc Src/stm32f4xx_it.o
                0x08002c80                SysTick_Handler
 .text.OTG_FS_IRQHandler
                0x08002c8c       0x10 Src/stm32f4xx_it.o
                0x08002c8c                OTG_FS_IRQHandler
 .text.SystemInit
                0x08002c9c       0x4c Src/system_stm32f4xx.o
                0x08002c9c                SystemInit
 .text.MX_USB_DEVICE_Init
                0x08002ce8       0x38 Src/usb_device.o
                0x08002ce8                MX_USB_DEVICE_Init
 .text.CDC_DeInit_FS
                0x08002d20        0x4 Src/usbd_cdc_if.o
 .text.CDC_Control_FS
                0x08002d24        0x4 Src/usbd_cdc_if.o
 .text.CDC_Receive_FS
                0x08002d28       0x34 Src/usbd_cdc_if.o
 .text.CDC_Init_FS
                0x08002d5c       0x28 Src/usbd_cdc_if.o
 .text.HAL_PCD_MspInit
                0x08002d84       0x68 Src/usbd_conf.o
                0x08002d84                HAL_PCD_MspInit
 .text.HAL_PCD_SetupStageCallback
                0x08002dec       0x10 Src/usbd_conf.o
                0x08002dec                HAL_PCD_SetupStageCallback
 .text.HAL_PCD_DataOutStageCallback
                0x08002dfc       0x18 Src/usbd_conf.o
                0x08002dfc                HAL_PCD_DataOutStageCallback
 .text.HAL_PCD_DataInStageCallback
                0x08002e14       0x18 Src/usbd_conf.o
                0x08002e14                HAL_PCD_DataInStageCallback
 .text.HAL_PCD_SOFCallback
                0x08002e2c        0xc Src/usbd_conf.o
                0x08002e2c                HAL_PCD_SOFCallback
 .text.HAL_PCD_ResetCallback
                0x08002e38       0x20 Src/usbd_conf.o
                0x08002e38                HAL_PCD_ResetCallback
 .text.HAL_PCD_SuspendCallback
                0x08002e58       0x30 Src/usbd_conf.o
                0x08002e58                HAL_PCD_SuspendCallback
 .text.HAL_PCD_ResumeCallback
                0x08002e88        0xc Src/usbd_conf.o
                0x08002e88                HAL_PCD_ResumeCallback
 .text.HAL_PCD_ISOOUTIncompleteCallback
                0x08002e94        0xc Src/usbd_conf.o
                0x08002e94                HAL_PCD_ISOOUTIncompleteCallback
 .text.HAL_PCD_ISOINIncompleteCallback
                0x08002ea0        0xc Src/usbd_conf.o
                0x08002ea0                HAL_PCD_ISOINIncompleteCallback
 .text.HAL_PCD_ConnectCallback
                0x08002eac        0xc Src/usbd_conf.o
                0x08002eac                HAL_PCD_ConnectCallback
 .text.HAL_PCD_DisconnectCallback
                0x08002eb8        0xc Src/usbd_conf.o
                0x08002eb8                HAL_PCD_DisconnectCallback
 .text.USBD_LL_Init
                0x08002ec4       0x74 Src/usbd_conf.o
                0x08002ec4                USBD_LL_Init
 .text.USBD_LL_Start
                0x08002f38       0x20 Src/usbd_conf.o
                0x08002f38                USBD_LL_Start
 .text.USBD_LL_OpenEP
                0x08002f58       0x24 Src/usbd_conf.o
                0x08002f58                USBD_LL_OpenEP
 .text.USBD_LL_CloseEP
                0x08002f7c       0x20 Src/usbd_conf.o
                0x08002f7c                USBD_LL_CloseEP
 .text.USBD_LL_StallEP
                0x08002f9c       0x20 Src/usbd_conf.o
                0x08002f9c                USBD_LL_StallEP
 .text.USBD_LL_ClearStallEP
                0x08002fbc       0x20 Src/usbd_conf.o
                0x08002fbc                USBD_LL_ClearStallEP
 .text.USBD_LL_IsStallEP
                0x08002fdc       0x30 Src/usbd_conf.o
                0x08002fdc                USBD_LL_IsStallEP
 .text.USBD_LL_SetUSBAddress
                0x0800300c       0x20 Src/usbd_conf.o
                0x0800300c                USBD_LL_SetUSBAddress
 .text.USBD_LL_Transmit
                0x0800302c       0x20 Src/usbd_conf.o
                0x0800302c                USBD_LL_Transmit
 .text.USBD_LL_PrepareReceive
                0x0800304c       0x20 Src/usbd_conf.o
                0x0800304c                USBD_LL_PrepareReceive
 .text.USBD_LL_GetRxDataSize
                0x0800306c        0xc Src/usbd_conf.o
                0x0800306c                USBD_LL_GetRxDataSize
 .text.USBD_FS_DeviceDescriptor
                0x08003078        0xc Src/usbd_desc.o
                0x08003078                USBD_FS_DeviceDescriptor
 .text.USBD_FS_LangIDStrDescriptor
                0x08003084        0xc Src/usbd_desc.o
                0x08003084                USBD_FS_LangIDStrDescriptor
 .text.USBD_FS_ProductStrDescriptor
                0x08003090       0x24 Src/usbd_desc.o
                0x08003090                USBD_FS_ProductStrDescriptor
 .text.USBD_FS_ManufacturerStrDescriptor
                0x080030b4       0x1c Src/usbd_desc.o
                0x080030b4                USBD_FS_ManufacturerStrDescriptor
 .text.USBD_FS_SerialStrDescriptor
                0x080030d0       0x24 Src/usbd_desc.o
                0x080030d0                USBD_FS_SerialStrDescriptor
 .text.USBD_FS_ConfigStrDescriptor
                0x080030f4       0x24 Src/usbd_desc.o
                0x080030f4                USBD_FS_ConfigStrDescriptor
 .text.USBD_FS_InterfaceStrDescriptor
                0x08003118       0x24 Src/usbd_desc.o
                0x08003118                USBD_FS_InterfaceStrDescriptor
 .text.Reset_Handler
                0x0800313c       0x50 startup/startup_stm32f405xx.o
                0x0800313c                Reset_Handler
 .text.Default_Handler
                0x0800318c        0x2 startup/startup_stm32f405xx.o
                0x0800318c                RTC_Alarm_IRQHandler
                0x0800318c                HASH_RNG_IRQHandler
                0x0800318c                EXTI2_IRQHandler
                0x0800318c                TIM8_CC_IRQHandler
                0x0800318c                TIM1_CC_IRQHandler
                0x0800318c                DMA2_Stream5_IRQHandler
                0x0800318c                DMA1_Stream5_IRQHandler
                0x0800318c                PVD_IRQHandler
                0x0800318c                SDIO_IRQHandler
                0x0800318c                TAMP_STAMP_IRQHandler
                0x0800318c                CAN2_RX1_IRQHandler
                0x0800318c                EXTI3_IRQHandler
                0x0800318c                TIM8_TRG_COM_TIM14_IRQHandler
                0x0800318c                TIM1_UP_TIM10_IRQHandler
                0x0800318c                TIM8_UP_TIM13_IRQHandler
                0x0800318c                I2C3_ER_IRQHandler
                0x0800318c                EXTI0_IRQHandler
                0x0800318c                I2C2_EV_IRQHandler
                0x0800318c                DMA1_Stream2_IRQHandler
                0x0800318c                CAN1_RX0_IRQHandler
                0x0800318c                FPU_IRQHandler
                0x0800318c                OTG_HS_WKUP_IRQHandler
                0x0800318c                CAN2_SCE_IRQHandler
                0x0800318c                DMA2_Stream2_IRQHandler
                0x0800318c                SPI1_IRQHandler
                0x0800318c                TIM6_DAC_IRQHandler
                0x0800318c                TIM1_BRK_TIM9_IRQHandler
                0x0800318c                CAN2_RX0_IRQHandler
                0x0800318c                DMA2_Stream3_IRQHandler
                0x0800318c                USART6_IRQHandler
                0x0800318c                USART3_IRQHandler
                0x0800318c                CAN1_RX1_IRQHandler
                0x0800318c                UART5_IRQHandler
                0x0800318c                DMA2_Stream0_IRQHandler
                0x0800318c                TIM4_IRQHandler
                0x0800318c                I2C1_EV_IRQHandler
                0x0800318c                DMA1_Stream6_IRQHandler
                0x0800318c                DMA1_Stream1_IRQHandler
                0x0800318c                UART4_IRQHandler
                0x0800318c                TIM3_IRQHandler
                0x0800318c                RCC_IRQHandler
                0x0800318c                TIM8_BRK_TIM12_IRQHandler
                0x0800318c                Default_Handler
                0x0800318c                EXTI15_10_IRQHandler
                0x0800318c                ADC_IRQHandler
                0x0800318c                DMA1_Stream7_IRQHandler
                0x0800318c                TIM7_IRQHandler
                0x0800318c                CAN2_TX_IRQHandler
                0x0800318c                TIM5_IRQHandler
                0x0800318c                DMA2_Stream7_IRQHandler
                0x0800318c                I2C3_EV_IRQHandler
                0x0800318c                EXTI9_5_IRQHandler
                0x0800318c                RTC_WKUP_IRQHandler
                0x0800318c                SPI2_IRQHandler
                0x0800318c                OTG_HS_EP1_IN_IRQHandler
                0x0800318c                DMA1_Stream0_IRQHandler
                0x0800318c                CAN1_TX_IRQHandler
                0x0800318c                EXTI4_IRQHandler
                0x0800318c                FSMC_IRQHandler
                0x0800318c                OTG_HS_EP1_OUT_IRQHandler
                0x0800318c                WWDG_IRQHandler
                0x0800318c                TIM2_IRQHandler
                0x0800318c                OTG_FS_WKUP_IRQHandler
                0x0800318c                TIM1_TRG_COM_TIM11_IRQHandler
                0x0800318c                OTG_HS_IRQHandler
                0x0800318c                EXTI1_IRQHandler
                0x0800318c                USART2_IRQHandler
                0x0800318c                I2C2_ER_IRQHandler
                0x0800318c                DMA2_Stream1_IRQHandler
                0x0800318c                CAN1_SCE_IRQHandler
                0x0800318c                FLASH_IRQHandler
                0x0800318c                DMA2_Stream4_IRQHandler
                0x0800318c                USART1_IRQHandler
                0x0800318c                SPI3_IRQHandler
                0x0800318c                DMA1_Stream4_IRQHandler
                0x0800318c                I2C1_ER_IRQHandler
                0x0800318c                DMA2_Stream6_IRQHandler
                0x0800318c                DMA1_Stream3_IRQHandler
 *fill*         0x0800318e        0x2 
 .text.__libc_init_array
                0x08003190       0x4c /home/kajiala/.eclipse/org.eclipse.platform_4.7.0_1473617060_linux_gtk_x86_64/plugins/fr.ac6.mcu.externaltools.arm-none.linux64_1.13.1.201707031232/tools/compiler/bin/../lib/gcc/arm-none-eabi/5.4.1/../../../../arm-none-eabi/lib/armv7e-m/fpu/libc_nano.a(lib_a-init.o)
                0x08003190                __libc_init_array
 .text.malloc   0x080031dc       0x10 /home/kajiala/.eclipse/org.eclipse.platform_4.7.0_1473617060_linux_gtk_x86_64/plugins/fr.ac6.mcu.externaltools.arm-none.linux64_1.13.1.201707031232/tools/compiler/bin/../lib/gcc/arm-none-eabi/5.4.1/../../../../arm-none-eabi/lib/armv7e-m/fpu/libc_nano.a(lib_a-malloc.o)
                0x080031dc                malloc
 .text.free     0x080031ec       0x10 /home/kajiala/.eclipse/org.eclipse.platform_4.7.0_1473617060_linux_gtk_x86_64/plugins/fr.ac6.mcu.externaltools.arm-none.linux64_1.13.1.201707031232/tools/compiler/bin/../lib/gcc/arm-none-eabi/5.4.1/../../../../arm-none-eabi/lib/armv7e-m/fpu/libc_nano.a(lib_a-malloc.o)
                0x080031ec                free
 .text.memset   0x080031fc       0x10 /home/kajiala/.eclipse/org.eclipse.platform_4.7.0_1473617060_linux_gtk_x86_64/plugins/fr.ac6.mcu.externaltools.arm-none.linux64_1.13.1.201707031232/tools/compiler/bin/../lib/gcc/arm-none-eabi/5.4.1/../../../../arm-none-eabi/lib/armv7e-m/fpu/libc_nano.a(lib_a-memset.o)
                0x080031fc                memset
 .text._free_r  0x0800320c       0x9c /home/kajiala/.eclipse/org.eclipse.platform_4.7.0_1473617060_linux_gtk_x86_64/plugins/fr.ac6.mcu.externaltools.arm-none.linux64_1.13.1.201707031232/tools/compiler/bin/../lib/gcc/arm-none-eabi/5.4.1/../../../../arm-none-eabi/lib/armv7e-m/fpu/libc_nano.a(lib_a-nano-freer.o)
                0x0800320c                _free_r
 .text._malloc_r
                0x080032a8       0xbc /home/kajiala/.eclipse/org.eclipse.platform_4.7.0_1473617060_linux_gtk_x86_64/plugins/fr.ac6.mcu.externaltools.arm-none.linux64_1.13.1.201707031232/tools/compiler/bin/../lib/gcc/arm-none-eabi/5.4.1/../../../../arm-none-eabi/lib/armv7e-m/fpu/libc_nano.a(lib_a-nano-mallocr.o)
                0x080032a8                _malloc_r
 .text.printf   0x08003364       0x30 /home/kajiala/.eclipse/org.eclipse.platform_4.7.0_1473617060_linux_gtk_x86_64/plugins/fr.ac6.mcu.externaltools.arm-none.linux64_1.13.1.201707031232/tools/compiler/bin/../lib/gcc/arm-none-eabi/5.4.1/../../../../arm-none-eabi/lib/armv7e-m/fpu/libc_nano.a(lib_a-printf.o)
                0x08003364                printf
                0x08003364                iprintf
 .text._sbrk_r  0x08003394       0x20 /home/kajiala/.eclipse/org.eclipse.platform_4.7.0_1473617060_linux_gtk_x86_64/plugins/fr.ac6.mcu.externaltools.arm-none.linux64_1.13.1.201707031232/tools/compiler/bin/../lib/gcc/arm-none-eabi/5.4.1/../../../../arm-none-eabi/lib/armv7e-m/fpu/libc_nano.a(lib_a-sbrkr.o)
                0x08003394                _sbrk_r
 .text._cleanup_r
                0x080033b4        0xc /home/kajiala/.eclipse/org.eclipse.platform_4.7.0_1473617060_linux_gtk_x86_64/plugins/fr.ac6.mcu.externaltools.arm-none.linux64_1.13.1.201707031232/tools/compiler/bin/../lib/gcc/arm-none-eabi/5.4.1/../../../../arm-none-eabi/lib/armv7e-m/fpu/libc_nano.a(lib_a-findfp.o)
                0x080033b4                _cleanup_r
 .text.std.isra.0
                0x080033c0       0x48 /home/kajiala/.eclipse/org.eclipse.platform_4.7.0_1473617060_linux_gtk_x86_64/plugins/fr.ac6.mcu.externaltools.arm-none.linux64_1.13.1.201707031232/tools/compiler/bin/../lib/gcc/arm-none-eabi/5.4.1/../../../../arm-none-eabi/lib/armv7e-m/fpu/libc_nano.a(lib_a-findfp.o)
 .text.__sfmoreglue
                0x08003408       0x2c /home/kajiala/.eclipse/org.eclipse.platform_4.7.0_1473617060_linux_gtk_x86_64/plugins/fr.ac6.mcu.externaltools.arm-none.linux64_1.13.1.201707031232/tools/compiler/bin/../lib/gcc/arm-none-eabi/5.4.1/../../../../arm-none-eabi/lib/armv7e-m/fpu/libc_nano.a(lib_a-findfp.o)
                0x08003408                __sfmoreglue
 .text.__sinit  0x08003434       0x60 /home/kajiala/.eclipse/org.eclipse.platform_4.7.0_1473617060_linux_gtk_x86_64/plugins/fr.ac6.mcu.externaltools.arm-none.linux64_1.13.1.201707031232/tools/compiler/bin/../lib/gcc/arm-none-eabi/5.4.1/../../../../arm-none-eabi/lib/armv7e-m/fpu/libc_nano.a(lib_a-findfp.o)
                0x08003434                __sinit
 .text.__sfp    0x08003494       0x78 /home/kajiala/.eclipse/org.eclipse.platform_4.7.0_1473617060_linux_gtk_x86_64/plugins/fr.ac6.mcu.externaltools.arm-none.linux64_1.13.1.201707031232/tools/compiler/bin/../lib/gcc/arm-none-eabi/5.4.1/../../../../arm-none-eabi/lib/armv7e-m/fpu/libc_nano.a(lib_a-findfp.o)
                0x08003494                __sfp
 .text._fwalk_reent
                0x0800350c       0x3c /home/kajiala/.eclipse/org.eclipse.platform_4.7.0_1473617060_linux_gtk_x86_64/plugins/fr.ac6.mcu.externaltools.arm-none.linux64_1.13.1.201707031232/tools/compiler/bin/../lib/gcc/arm-none-eabi/5.4.1/../../../../arm-none-eabi/lib/armv7e-m/fpu/libc_nano.a(lib_a-fwalk.o)
                0x0800350c                _fwalk_reent
 .text.__malloc_lock
                0x08003548        0x2 /home/kajiala/.eclipse/org.eclipse.platform_4.7.0_1473617060_linux_gtk_x86_64/plugins/fr.ac6.mcu.externaltools.arm-none.linux64_1.13.1.201707031232/tools/compiler/bin/../lib/gcc/arm-none-eabi/5.4.1/../../../../arm-none-eabi/lib/armv7e-m/fpu/libc_nano.a(lib_a-mlock.o)
                0x08003548                __malloc_lock
 .text.__malloc_unlock
                0x0800354a        0x2 /home/kajiala/.eclipse/org.eclipse.platform_4.7.0_1473617060_linux_gtk_x86_64/plugins/fr.ac6.mcu.externaltools.arm-none.linux64_1.13.1.201707031232/tools/compiler/bin/../lib/gcc/arm-none-eabi/5.4.1/../../../../arm-none-eabi/lib/armv7e-m/fpu/libc_nano.a(lib_a-mlock.o)
                0x0800354a                __malloc_unlock
 .text.__sfputc_r
                0x0800354c       0x30 /home/kajiala/.eclipse/org.eclipse.platform_4.7.0_1473617060_linux_gtk_x86_64/plugins/fr.ac6.mcu.externaltools.arm-none.linux64_1.13.1.201707031232/tools/compiler/bin/../lib/gcc/arm-none-eabi/5.4.1/../../../../arm-none-eabi/lib/armv7e-m/fpu/libc_nano.a(lib_a-nano-vfprintf.o)
 .text.__sfputs_r
                0x0800357c       0x24 /home/kajiala/.eclipse/org.eclipse.platform_4.7.0_1473617060_linux_gtk_x86_64/plugins/fr.ac6.mcu.externaltools.arm-none.linux64_1.13.1.201707031232/tools/compiler/bin/../lib/gcc/arm-none-eabi/5.4.1/../../../../arm-none-eabi/lib/armv7e-m/fpu/libc_nano.a(lib_a-nano-vfprintf.o)
                0x0800357c                __sfputs_r
 .text._vfprintf_r
                0x080035a0      0x238 /home/kajiala/.eclipse/org.eclipse.platform_4.7.0_1473617060_linux_gtk_x86_64/plugins/fr.ac6.mcu.externaltools.arm-none.linux64_1.13.1.201707031232/tools/compiler/bin/../lib/gcc/arm-none-eabi/5.4.1/../../../../arm-none-eabi/lib/armv7e-m/fpu/libc_nano.a(lib_a-nano-vfprintf.o)
                0x080035a0                _vfiprintf_r
                0x080035a0                _vfprintf_r
 .text._printf_common
                0x080037d8       0xec /home/kajiala/.eclipse/org.eclipse.platform_4.7.0_1473617060_linux_gtk_x86_64/plugins/fr.ac6.mcu.externaltools.arm-none.linux64_1.13.1.201707031232/tools/compiler/bin/../lib/gcc/arm-none-eabi/5.4.1/../../../../arm-none-eabi/lib/armv7e-m/fpu/libc_nano.a(lib_a-nano-vfprintf_i.o)
                0x080037d8                _printf_common
 .text._printf_i
                0x080038c4      0x24c /home/kajiala/.eclipse/org.eclipse.platform_4.7.0_1473617060_linux_gtk_x86_64/plugins/fr.ac6.mcu.externaltools.arm-none.linux64_1.13.1.201707031232/tools/compiler/bin/../lib/gcc/arm-none-eabi/5.4.1/../../../../arm-none-eabi/lib/armv7e-m/fpu/libc_nano.a(lib_a-nano-vfprintf_i.o)
                0x080038c4                _printf_i
 .text.__sread  0x08003b10       0x22 /home/kajiala/.eclipse/org.eclipse.platform_4.7.0_1473617060_linux_gtk_x86_64/plugins/fr.ac6.mcu.externaltools.arm-none.linux64_1.13.1.201707031232/tools/compiler/bin/../lib/gcc/arm-none-eabi/5.4.1/../../../../arm-none-eabi/lib/armv7e-m/fpu/libc_nano.a(lib_a-stdio.o)
                0x08003b10                __sread
 .text.__swrite
                0x08003b32       0x38 /home/kajiala/.eclipse/org.eclipse.platform_4.7.0_1473617060_linux_gtk_x86_64/plugins/fr.ac6.mcu.externaltools.arm-none.linux64_1.13.1.201707031232/tools/compiler/bin/../lib/gcc/arm-none-eabi/5.4.1/../../../../arm-none-eabi/lib/armv7e-m/fpu/libc_nano.a(lib_a-stdio.o)
                0x08003b32                __swrite
 .text.__sseek  0x08003b6a       0x24 /home/kajiala/.eclipse/org.eclipse.platform_4.7.0_1473617060_linux_gtk_x86_64/plugins/fr.ac6.mcu.externaltools.arm-none.linux64_1.13.1.201707031232/tools/compiler/bin/../lib/gcc/arm-none-eabi/5.4.1/../../../../arm-none-eabi/lib/armv7e-m/fpu/libc_nano.a(lib_a-stdio.o)
                0x08003b6a                __sseek
 .text.__sclose
                0x08003b8e        0x8 /home/kajiala/.eclipse/org.eclipse.platform_4.7.0_1473617060_linux_gtk_x86_64/plugins/fr.ac6.mcu.externaltools.arm-none.linux64_1.13.1.201707031232/tools/compiler/bin/../lib/gcc/arm-none-eabi/5.4.1/../../../../arm-none-eabi/lib/armv7e-m/fpu/libc_nano.a(lib_a-stdio.o)
                0x08003b8e                __sclose
 *fill*         0x08003b96        0x2 
 .text.__swbuf_r
                0x08003b98       0xa8 /home/kajiala/.eclipse/org.eclipse.platform_4.7.0_1473617060_linux_gtk_x86_64/plugins/fr.ac6.mcu.externaltools.arm-none.linux64_1.13.1.201707031232/tools/compiler/bin/../lib/gcc/arm-none-eabi/5.4.1/../../../../arm-none-eabi/lib/armv7e-m/fpu/libc_nano.a(lib_a-wbuf.o)
                0x08003b98                __swbuf_r
 .text._write_r
                0x08003c40       0x24 /home/kajiala/.eclipse/org.eclipse.platform_4.7.0_1473617060_linux_gtk_x86_64/plugins/fr.ac6.mcu.externaltools.arm-none.linux64_1.13.1.201707031232/tools/compiler/bin/../lib/gcc/arm-none-eabi/5.4.1/../../../../arm-none-eabi/lib/armv7e-m/fpu/libc_nano.a(lib_a-writer.o)
                0x08003c40                _write_r
 .text.__swsetup_r
                0x08003c64       0xdc /home/kajiala/.eclipse/org.eclipse.platform_4.7.0_1473617060_linux_gtk_x86_64/plugins/fr.ac6.mcu.externaltools.arm-none.linux64_1.13.1.201707031232/tools/compiler/bin/../lib/gcc/arm-none-eabi/5.4.1/../../../../arm-none-eabi/lib/armv7e-m/fpu/libc_nano.a(lib_a-wsetup.o)
                0x08003c64                __swsetup_r
 .text._close_r
                0x08003d40       0x20 /home/kajiala/.eclipse/org.eclipse.platform_4.7.0_1473617060_linux_gtk_x86_64/plugins/fr.ac6.mcu.externaltools.arm-none.linux64_1.13.1.201707031232/tools/compiler/bin/../lib/gcc/arm-none-eabi/5.4.1/../../../../arm-none-eabi/lib/armv7e-m/fpu/libc_nano.a(lib_a-closer.o)
                0x08003d40                _close_r
 .text.__sflush_r
                0x08003d60      0x110 /home/kajiala/.eclipse/org.eclipse.platform_4.7.0_1473617060_linux_gtk_x86_64/plugins/fr.ac6.mcu.externaltools.arm-none.linux64_1.13.1.201707031232/tools/compiler/bin/../lib/gcc/arm-none-eabi/5.4.1/../../../../arm-none-eabi/lib/armv7e-m/fpu/libc_nano.a(lib_a-fflush.o)
                0x08003d60                __sflush_r
 .text._fflush_r
                0x08003e70       0x54 /home/kajiala/.eclipse/org.eclipse.platform_4.7.0_1473617060_linux_gtk_x86_64/plugins/fr.ac6.mcu.externaltools.arm-none.linux64_1.13.1.201707031232/tools/compiler/bin/../lib/gcc/arm-none-eabi/5.4.1/../../../../arm-none-eabi/lib/armv7e-m/fpu/libc_nano.a(lib_a-fflush.o)
                0x08003e70                _fflush_r
 .text._lseek_r
                0x08003ec4       0x24 /home/kajiala/.eclipse/org.eclipse.platform_4.7.0_1473617060_linux_gtk_x86_64/plugins/fr.ac6.mcu.externaltools.arm-none.linux64_1.13.1.201707031232/tools/compiler/bin/../lib/gcc/arm-none-eabi/5.4.1/../../../../arm-none-eabi/lib/armv7e-m/fpu/libc_nano.a(lib_a-lseekr.o)
                0x08003ec4                _lseek_r
 .text.__swhatbuf_r
                0x08003ee8       0x46 /home/kajiala/.eclipse/org.eclipse.platform_4.7.0_1473617060_linux_gtk_x86_64/plugins/fr.ac6.mcu.externaltools.arm-none.linux64_1.13.1.201707031232/tools/compiler/bin/../lib/gcc/arm-none-eabi/5.4.1/../../../../arm-none-eabi/lib/armv7e-m/fpu/libc_nano.a(lib_a-makebuf.o)
                0x08003ee8                __swhatbuf_r
 *fill*         0x08003f2e        0x2 
 .text.__smakebuf_r
                0x08003f30       0x78 /home/kajiala/.eclipse/org.eclipse.platform_4.7.0_1473617060_linux_gtk_x86_64/plugins/fr.ac6.mcu.externaltools.arm-none.linux64_1.13.1.201707031232/tools/compiler/bin/../lib/gcc/arm-none-eabi/5.4.1/../../../../arm-none-eabi/lib/armv7e-m/fpu/libc_nano.a(lib_a-makebuf.o)
                0x08003f30                __smakebuf_r
 .text._read_r  0x08003fa8       0x24 /home/kajiala/.eclipse/org.eclipse.platform_4.7.0_1473617060_linux_gtk_x86_64/plugins/fr.ac6.mcu.externaltools.arm-none.linux64_1.13.1.201707031232/tools/compiler/bin/../lib/gcc/arm-none-eabi/5.4.1/../../../../arm-none-eabi/lib/armv7e-m/fpu/libc_nano.a(lib_a-readr.o)
                0x08003fa8                _read_r
 .text._fstat_r
                0x08003fcc       0x24 /home/kajiala/.eclipse/org.eclipse.platform_4.7.0_1473617060_linux_gtk_x86_64/plugins/fr.ac6.mcu.externaltools.arm-none.linux64_1.13.1.201707031232/tools/compiler/bin/../lib/gcc/arm-none-eabi/5.4.1/../../../../arm-none-eabi/lib/armv7e-m/fpu/libc_nano.a(lib_a-fstatr.o)
                0x08003fcc                _fstat_r
 .text._isatty_r
                0x08003ff0       0x20 /home/kajiala/.eclipse/org.eclipse.platform_4.7.0_1473617060_linux_gtk_x86_64/plugins/fr.ac6.mcu.externaltools.arm-none.linux64_1.13.1.201707031232/tools/compiler/bin/../lib/gcc/arm-none-eabi/5.4.1/../../../../arm-none-eabi/lib/armv7e-m/fpu/libc_nano.a(lib_a-isattyr.o)
                0x08003ff0                _isatty_r
 .text._close   0x08004010       0x10 /home/kajiala/.eclipse/org.eclipse.platform_4.7.0_1473617060_linux_gtk_x86_64/plugins/fr.ac6.mcu.externaltools.arm-none.linux64_1.13.1.201707031232/tools/compiler/bin/../lib/gcc/arm-none-eabi/5.4.1/../../../../arm-none-eabi/lib/armv7e-m/fpu/libnosys.a(close.o)
                0x08004010                _close
 .text._fstat   0x08004020       0x10 /home/kajiala/.eclipse/org.eclipse.platform_4.7.0_1473617060_linux_gtk_x86_64/plugins/fr.ac6.mcu.externaltools.arm-none.linux64_1.13.1.201707031232/tools/compiler/bin/../lib/gcc/arm-none-eabi/5.4.1/../../../../arm-none-eabi/lib/armv7e-m/fpu/libnosys.a(fstat.o)
                0x08004020                _fstat
 .text._isatty  0x08004030       0x10 /home/kajiala/.eclipse/org.eclipse.platform_4.7.0_1473617060_linux_gtk_x86_64/plugins/fr.ac6.mcu.externaltools.arm-none.linux64_1.13.1.201707031232/tools/compiler/bin/../lib/gcc/arm-none-eabi/5.4.1/../../../../arm-none-eabi/lib/armv7e-m/fpu/libnosys.a(isatty.o)
                0x08004030                _isatty
 .text._lseek   0x08004040       0x10 /home/kajiala/.eclipse/org.eclipse.platform_4.7.0_1473617060_linux_gtk_x86_64/plugins/fr.ac6.mcu.externaltools.arm-none.linux64_1.13.1.201707031232/tools/compiler/bin/../lib/gcc/arm-none-eabi/5.4.1/../../../../arm-none-eabi/lib/armv7e-m/fpu/libnosys.a(lseek.o)
                0x08004040                _lseek
 .text._read    0x08004050       0x10 /home/kajiala/.eclipse/org.eclipse.platform_4.7.0_1473617060_linux_gtk_x86_64/plugins/fr.ac6.mcu.externaltools.arm-none.linux64_1.13.1.201707031232/tools/compiler/bin/../lib/gcc/arm-none-eabi/5.4.1/../../../../arm-none-eabi/lib/armv7e-m/fpu/libnosys.a(read.o)
                0x08004050                _read
 .text._sbrk    0x08004060       0x1c /home/kajiala/.eclipse/org.eclipse.platform_4.7.0_1473617060_linux_gtk_x86_64/plugins/fr.ac6.mcu.externaltools.arm-none.linux64_1.13.1.201707031232/tools/compiler/bin/../lib/gcc/arm-none-eabi/5.4.1/../../../../arm-none-eabi/lib/armv7e-m/fpu/libnosys.a(sbrk.o)
                0x08004060                _sbrk
 .text._write   0x0800407c       0x10 /home/kajiala/.eclipse/org.eclipse.platform_4.7.0_1473617060_linux_gtk_x86_64/plugins/fr.ac6.mcu.externaltools.arm-none.linux64_1.13.1.201707031232/tools/compiler/bin/../lib/gcc/arm-none-eabi/5.4.1/../../../../arm-none-eabi/lib/armv7e-m/fpu/libnosys.a(write.o)
                0x0800407c                _write
 *(.glue_7)
 .glue_7        0x0800408c        0x0 linker stubs
 *(.glue_7t)
 .glue_7t       0x0800408c        0x0 linker stubs
 *(.eh_frame)
 .eh_frame      0x0800408c        0x0 /home/kajiala/.eclipse/org.eclipse.platform_4.7.0_1473617060_linux_gtk_x86_64/plugins/fr.ac6.mcu.externaltools.arm-none.linux64_1.13.1.201707031232/tools/compiler/bin/../lib/gcc/arm-none-eabi/5.4.1/armv7e-m/fpu/crtbegin.o
 *(.init)
 .init          0x0800408c        0x4 /home/kajiala/.eclipse/org.eclipse.platform_4.7.0_1473617060_linux_gtk_x86_64/plugins/fr.ac6.mcu.externaltools.arm-none.linux64_1.13.1.201707031232/tools/compiler/bin/../lib/gcc/arm-none-eabi/5.4.1/armv7e-m/fpu/crti.o
                0x0800408c                _init
 .init          0x08004090        0x8 /home/kajiala/.eclipse/org.eclipse.platform_4.7.0_1473617060_linux_gtk_x86_64/plugins/fr.ac6.mcu.externaltools.arm-none.linux64_1.13.1.201707031232/tools/compiler/bin/../lib/gcc/arm-none-eabi/5.4.1/armv7e-m/fpu/crtn.o
 *(.fini)
 .fini          0x08004098        0x4 /home/kajiala/.eclipse/org.eclipse.platform_4.7.0_1473617060_linux_gtk_x86_64/plugins/fr.ac6.mcu.externaltools.arm-none.linux64_1.13.1.201707031232/tools/compiler/bin/../lib/gcc/arm-none-eabi/5.4.1/armv7e-m/fpu/crti.o
                0x08004098                _fini
 .fini          0x0800409c        0x8 /home/kajiala/.eclipse/org.eclipse.platform_4.7.0_1473617060_linux_gtk_x86_64/plugins/fr.ac6.mcu.externaltools.arm-none.linux64_1.13.1.201707031232/tools/compiler/bin/../lib/gcc/arm-none-eabi/5.4.1/armv7e-m/fpu/crtn.o
                0x080040a4                . = ALIGN (0x4)
                0x080040a4                _etext = .

.vfp11_veneer   0x080040a4        0x0
 .vfp11_veneer  0x080040a4        0x0 linker stubs

.v4_bx          0x080040a4        0x0
 .v4_bx         0x080040a4        0x0 linker stubs

.iplt           0x080040a4        0x0
 .iplt          0x080040a4        0x0 /home/kajiala/.eclipse/org.eclipse.platform_4.7.0_1473617060_linux_gtk_x86_64/plugins/fr.ac6.mcu.externaltools.arm-none.linux64_1.13.1.201707031232/tools/compiler/bin/../lib/gcc/arm-none-eabi/5.4.1/armv7e-m/fpu/crtbegin.o

.rodata         0x080040a4      0x130
                0x080040a4                . = ALIGN (0x4)
 *(.rodata)
 .rodata        0x080040a4       0x18 Src/system_stm32f4xx.o
                0x080040a4                AHBPrescTable
                0x080040b4                APBPrescTable
 *(.rodata*)
 .rodata.str1.4
                0x080040bc       0x13 Src/main.o
 *fill*         0x080040cf        0x1 
 .rodata.str1.4
                0x080040d0       0x13 Src/usbd_conf.o
 *fill*         0x080040e3        0x1 
 .rodata.str1.4
                0x080040e4       0x58 Src/usbd_desc.o
                                 0x56 (size before relaxing)
 .rodata._global_impure_ptr
                0x0800413c        0x4 /home/kajiala/.eclipse/org.eclipse.platform_4.7.0_1473617060_linux_gtk_x86_64/plugins/fr.ac6.mcu.externaltools.arm-none.linux64_1.13.1.201707031232/tools/compiler/bin/../lib/gcc/arm-none-eabi/5.4.1/../../../../arm-none-eabi/lib/armv7e-m/fpu/libc_nano.a(lib_a-impure.o)
                0x0800413c                _global_impure_ptr
 .rodata.__sf_fake_stdin
                0x08004140       0x20 /home/kajiala/.eclipse/org.eclipse.platform_4.7.0_1473617060_linux_gtk_x86_64/plugins/fr.ac6.mcu.externaltools.arm-none.linux64_1.13.1.201707031232/tools/compiler/bin/../lib/gcc/arm-none-eabi/5.4.1/../../../../arm-none-eabi/lib/armv7e-m/fpu/libc_nano.a(lib_a-findfp.o)
                0x08004140                __sf_fake_stdin
 .rodata.__sf_fake_stdout
                0x08004160       0x20 /home/kajiala/.eclipse/org.eclipse.platform_4.7.0_1473617060_linux_gtk_x86_64/plugins/fr.ac6.mcu.externaltools.arm-none.linux64_1.13.1.201707031232/tools/compiler/bin/../lib/gcc/arm-none-eabi/5.4.1/../../../../arm-none-eabi/lib/armv7e-m/fpu/libc_nano.a(lib_a-findfp.o)
                0x08004160                __sf_fake_stdout
 .rodata.__sf_fake_stderr
                0x08004180       0x20 /home/kajiala/.eclipse/org.eclipse.platform_4.7.0_1473617060_linux_gtk_x86_64/plugins/fr.ac6.mcu.externaltools.arm-none.linux64_1.13.1.201707031232/tools/compiler/bin/../lib/gcc/arm-none-eabi/5.4.1/../../../../arm-none-eabi/lib/armv7e-m/fpu/libc_nano.a(lib_a-findfp.o)
                0x08004180                __sf_fake_stderr
 .rodata.str1.1
                0x080041a0       0x11 /home/kajiala/.eclipse/org.eclipse.platform_4.7.0_1473617060_linux_gtk_x86_64/plugins/fr.ac6.mcu.externaltools.arm-none.linux64_1.13.1.201707031232/tools/compiler/bin/../lib/gcc/arm-none-eabi/5.4.1/../../../../arm-none-eabi/lib/armv7e-m/fpu/libc_nano.a(lib_a-nano-vfprintf.o)
 .rodata.str1.1
                0x080041b1       0x22 /home/kajiala/.eclipse/org.eclipse.platform_4.7.0_1473617060_linux_gtk_x86_64/plugins/fr.ac6.mcu.externaltools.arm-none.linux64_1.13.1.201707031232/tools/compiler/bin/../lib/gcc/arm-none-eabi/5.4.1/../../../../arm-none-eabi/lib/armv7e-m/fpu/libc_nano.a(lib_a-nano-vfprintf_i.o)
                0x080041d4                . = ALIGN (0x4)
 *fill*         0x080041d3        0x1 

.rel.dyn        0x080041d4        0x0
 .rel.iplt      0x080041d4        0x0 /home/kajiala/.eclipse/org.eclipse.platform_4.7.0_1473617060_linux_gtk_x86_64/plugins/fr.ac6.mcu.externaltools.arm-none.linux64_1.13.1.201707031232/tools/compiler/bin/../lib/gcc/arm-none-eabi/5.4.1/armv7e-m/fpu/crtbegin.o

.ARM.extab
 *(.ARM.extab* .gnu.linkonce.armextab.*)

.ARM            0x080041d4        0x0
                0x080041d4                __exidx_start = .
 *(.ARM.exidx*)
                0x080041d4                __exidx_end = .

.preinit_array  0x080041d4        0x0
                0x080041d4                PROVIDE (__preinit_array_start, .)
 *(.preinit_array*)
                0x080041d4                PROVIDE (__preinit_array_end, .)

.init_array     0x080041d4        0x4
                0x080041d4                PROVIDE (__init_array_start, .)
 *(SORT(.init_array.*))
 *(.init_array*)
 .init_array    0x080041d4        0x4 /home/kajiala/.eclipse/org.eclipse.platform_4.7.0_1473617060_linux_gtk_x86_64/plugins/fr.ac6.mcu.externaltools.arm-none.linux64_1.13.1.201707031232/tools/compiler/bin/../lib/gcc/arm-none-eabi/5.4.1/armv7e-m/fpu/crtbegin.o
                0x080041d8                PROVIDE (__init_array_end, .)

.fini_array     0x080041d8        0x4
                [!provide]                PROVIDE (__fini_array_start, .)
 *(SORT(.fini_array.*))
 *(.fini_array*)
 .fini_array    0x080041d8        0x4 /home/kajiala/.eclipse/org.eclipse.platform_4.7.0_1473617060_linux_gtk_x86_64/plugins/fr.ac6.mcu.externaltools.arm-none.linux64_1.13.1.201707031232/tools/compiler/bin/../lib/gcc/arm-none-eabi/5.4.1/armv7e-m/fpu/crtbegin.o
                [!provide]                PROVIDE (__fini_array_end, .)
                0x080041dc                _sidata = LOADADDR (.data)

.data           0x20000000      0x1cc load address 0x080041dc
                0x20000000                . = ALIGN (0x4)
                0x20000000                _sdata = .
 *(.data)
 .data          0x20000000      0x110 Middlewares/ST/STM32_USB_Device_Library/Class/CDC/Src/usbd_cdc.o
                0x20000000                USBD_CDC_CfgFSDesc
                0x20000044                USBD_CDC_CfgHSDesc
                0x20000088                USBD_CDC_OtherSpeedCfgDesc
                0x200000d8                USBD_CDC
 .data          0x20000110       0x10 Src/main.o
                0x20000110                mystring
 .data          0x20000120        0x4 Src/system_stm32f4xx.o
                0x20000120                SystemCoreClock
 .data          0x20000124       0x10 Src/usbd_cdc_if.o
                0x20000124                USBD_Interface_fops_FS
 .data          0x20000134       0x34 Src/usbd_desc.o
                0x20000134                USBD_FS_DeviceDesc
                0x20000148                USBD_LangIDDesc
                0x2000014c                FS_Desc
 *(.data*)
 .data.impure_data
                0x20000168       0x60 /home/kajiala/.eclipse/org.eclipse.platform_4.7.0_1473617060_linux_gtk_x86_64/plugins/fr.ac6.mcu.externaltools.arm-none.linux64_1.13.1.201707031232/tools/compiler/bin/../lib/gcc/arm-none-eabi/5.4.1/../../../../arm-none-eabi/lib/armv7e-m/fpu/libc_nano.a(lib_a-impure.o)
 .data._impure_ptr
                0x200001c8        0x4 /home/kajiala/.eclipse/org.eclipse.platform_4.7.0_1473617060_linux_gtk_x86_64/plugins/fr.ac6.mcu.externaltools.arm-none.linux64_1.13.1.201707031232/tools/compiler/bin/../lib/gcc/arm-none-eabi/5.4.1/../../../../arm-none-eabi/lib/armv7e-m/fpu/libc_nano.a(lib_a-impure.o)
                0x200001c8                _impure_ptr
                0x200001cc                . = ALIGN (0x4)
                0x200001cc                _edata = .
                0x080043a8                _siccmram = LOADADDR (.ccmram)

.jcr            0x200001cc        0x0 load address 0x080043a8
 .jcr           0x200001cc        0x0 /home/kajiala/.eclipse/org.eclipse.platform_4.7.0_1473617060_linux_gtk_x86_64/plugins/fr.ac6.mcu.externaltools.arm-none.linux64_1.13.1.201707031232/tools/compiler/bin/../lib/gcc/arm-none-eabi/5.4.1/armv7e-m/fpu/crtbegin.o

.igot.plt       0x200001cc        0x0 load address 0x080043a8
 .igot.plt      0x200001cc        0x0 /home/kajiala/.eclipse/org.eclipse.platform_4.7.0_1473617060_linux_gtk_x86_64/plugins/fr.ac6.mcu.externaltools.arm-none.linux64_1.13.1.201707031232/tools/compiler/bin/../lib/gcc/arm-none-eabi/5.4.1/armv7e-m/fpu/crtbegin.o

.ccmram         0x10000000        0x0 load address 0x080043a8
                0x10000000                . = ALIGN (0x4)
                0x10000000                _sccmram = .
 *(.ccmram)
 *(.ccmram*)
                0x10000000                . = ALIGN (0x4)
                0x10000000                _eccmram = .
                0x10000000                . = ALIGN (0x4)

.bss            0x200001cc      0x8c8
                0x200001cc                _sbss = .
                0x200001cc                __bss_start__ = _sbss
 *(.bss)
 .bss           0x200001cc       0x1c /home/kajiala/.eclipse/org.eclipse.platform_4.7.0_1473617060_linux_gtk_x86_64/plugins/fr.ac6.mcu.externaltools.arm-none.linux64_1.13.1.201707031232/tools/compiler/bin/../lib/gcc/arm-none-eabi/5.4.1/armv7e-m/fpu/crtbegin.o
 .bss           0x200001e8        0x1 Middlewares/ST/STM32_USB_Device_Library/Class/CDC/Src/usbd_cdc.o
 .bss           0x200001e9        0x1 Middlewares/ST/STM32_USB_Device_Library/Core/Src/usbd_ctlreq.o
 .bss           0x200001ea        0x1 Src/usbd_cdc_if.o
                0x200001ea                _index
 *(.bss*)
 *fill*         0x200001eb        0x1 
 .bss.__malloc_sbrk_start
                0x200001ec        0x4 /home/kajiala/.eclipse/org.eclipse.platform_4.7.0_1473617060_linux_gtk_x86_64/plugins/fr.ac6.mcu.externaltools.arm-none.linux64_1.13.1.201707031232/tools/compiler/bin/../lib/gcc/arm-none-eabi/5.4.1/../../../../arm-none-eabi/lib/armv7e-m/fpu/libc_nano.a(lib_a-nano-mallocr.o)
                0x200001ec                __malloc_sbrk_start
 .bss.__malloc_free_list
                0x200001f0        0x4 /home/kajiala/.eclipse/org.eclipse.platform_4.7.0_1473617060_linux_gtk_x86_64/plugins/fr.ac6.mcu.externaltools.arm-none.linux64_1.13.1.201707031232/tools/compiler/bin/../lib/gcc/arm-none-eabi/5.4.1/../../../../arm-none-eabi/lib/armv7e-m/fpu/libc_nano.a(lib_a-nano-mallocr.o)
                0x200001f0                __malloc_free_list
 .bss.heap_end.4169
                0x200001f4        0x4 /home/kajiala/.eclipse/org.eclipse.platform_4.7.0_1473617060_linux_gtk_x86_64/plugins/fr.ac6.mcu.externaltools.arm-none.linux64_1.13.1.201707031232/tools/compiler/bin/../lib/gcc/arm-none-eabi/5.4.1/../../../../arm-none-eabi/lib/armv7e-m/fpu/libnosys.a(sbrk.o)
 *(COMMON)
 COMMON         0x200001f8        0x4 Drivers/STM32F4xx_HAL_Driver/Src/stm32f4xx_hal.o
                0x200001f8                uwTick
 COMMON         0x200001fc      0x224 Src/usb_device.o
                0x200001fc                hUsbDeviceFS
 COMMON         0x20000420       0x80 Src/usbd_cdc_if.o
                0x20000420                UserRxBufferFS
                0x20000460                UserTxBufferFS
 COMMON         0x200004a0      0x3f0 Src/usbd_conf.o
                0x200004a0                hpcd_USB_OTG_FS
 COMMON         0x20000890      0x200 Src/usbd_desc.o
                0x20000890                USBD_StrDesc
 COMMON         0x20000a90        0x4 /home/kajiala/.eclipse/org.eclipse.platform_4.7.0_1473617060_linux_gtk_x86_64/plugins/fr.ac6.mcu.externaltools.arm-none.linux64_1.13.1.201707031232/tools/compiler/bin/../lib/gcc/arm-none-eabi/5.4.1/../../../../arm-none-eabi/lib/armv7e-m/fpu/libc_nano.a(lib_a-reent.o)
                0x20000a90                errno
                0x20000a94                . = ALIGN (0x4)
                0x20000a94                _ebss = .
                0x20000a94                __bss_end__ = _ebss

._user_heap_stack
                0x20000a94      0x604
                0x20000a98                . = ALIGN (0x8)
 *fill*         0x20000a94        0x4 
                0x20000a98                PROVIDE (end, .)
                [!provide]                PROVIDE (_end, .)
                0x20000c98                . = (. + _Min_Heap_Size)
 *fill*         0x20000a98      0x200 
                0x20001098                . = (. + _Min_Stack_Size)
 *fill*         0x20000c98      0x400 
                0x20001098                . = ALIGN (0x8)

/DISCARD/
 libc.a(*)
 libm.a(*)
 libgcc.a(*)

.ARM.attributes
                0x00000000       0x30
 *(.ARM.attributes)
 .ARM.attributes
                0x00000000       0x22 /home/kajiala/.eclipse/org.eclipse.platform_4.7.0_1473617060_linux_gtk_x86_64/plugins/fr.ac6.mcu.externaltools.arm-none.linux64_1.13.1.201707031232/tools/compiler/bin/../lib/gcc/arm-none-eabi/5.4.1/armv7e-m/fpu/crti.o
 .ARM.attributes
                0x00000022       0x34 /home/kajiala/.eclipse/org.eclipse.platform_4.7.0_1473617060_linux_gtk_x86_64/plugins/fr.ac6.mcu.externaltools.arm-none.linux64_1.13.1.201707031232/tools/compiler/bin/../lib/gcc/arm-none-eabi/5.4.1/armv7e-m/fpu/crtbegin.o
 .ARM.attributes
                0x00000056       0x39 Drivers/STM32F4xx_HAL_Driver/Src/stm32f4xx_hal.o
 .ARM.attributes
                0x0000008f       0x39 Drivers/STM32F4xx_HAL_Driver/Src/stm32f4xx_hal_cortex.o
 .ARM.attributes
                0x000000c8       0x39 Drivers/STM32F4xx_HAL_Driver/Src/stm32f4xx_hal_gpio.o
 .ARM.attributes
                0x00000101       0x39 Drivers/STM32F4xx_HAL_Driver/Src/stm32f4xx_hal_pcd.o
 .ARM.attributes
                0x0000013a       0x39 Drivers/STM32F4xx_HAL_Driver/Src/stm32f4xx_hal_pcd_ex.o
 .ARM.attributes
                0x00000173       0x39 Drivers/STM32F4xx_HAL_Driver/Src/stm32f4xx_hal_rcc.o
 .ARM.attributes
                0x000001ac       0x39 Drivers/STM32F4xx_HAL_Driver/Src/stm32f4xx_ll_usb.o
 .ARM.attributes
                0x000001e5       0x39 Middlewares/ST/STM32_USB_Device_Library/Class/CDC/Src/usbd_cdc.o
 .ARM.attributes
                0x0000021e       0x39 Middlewares/ST/STM32_USB_Device_Library/Core/Src/usbd_core.o
 .ARM.attributes
                0x00000257       0x39 Middlewares/ST/STM32_USB_Device_Library/Core/Src/usbd_ctlreq.o
 .ARM.attributes
                0x00000290       0x39 Middlewares/ST/STM32_USB_Device_Library/Core/Src/usbd_ioreq.o
 .ARM.attributes
                0x000002c9       0x39 Src/main.o
 .ARM.attributes
                0x00000302       0x39 Src/stm32f4xx_hal_msp.o
 .ARM.attributes
                0x0000033b       0x39 Src/stm32f4xx_it.o
 .ARM.attributes
                0x00000374       0x39 Src/system_stm32f4xx.o
 .ARM.attributes
                0x000003ad       0x39 Src/usb_device.o
 .ARM.attributes
                0x000003e6       0x39 Src/usbd_cdc_if.o
 .ARM.attributes
                0x0000041f       0x39 Src/usbd_conf.o
 .ARM.attributes
                0x00000458       0x39 Src/usbd_desc.o
 .ARM.attributes
                0x00000491       0x21 startup/startup_stm32f405xx.o
 .ARM.attributes
                0x000004b2       0x34 /home/kajiala/.eclipse/org.eclipse.platform_4.7.0_1473617060_linux_gtk_x86_64/plugins/fr.ac6.mcu.externaltools.arm-none.linux64_1.13.1.201707031232/tools/compiler/bin/../lib/gcc/arm-none-eabi/5.4.1/../../../../arm-none-eabi/lib/armv7e-m/fpu/libc_nano.a(lib_a-impure.o)
 .ARM.attributes
                0x000004e6       0x34 /home/kajiala/.eclipse/org.eclipse.platform_4.7.0_1473617060_linux_gtk_x86_64/plugins/fr.ac6.mcu.externaltools.arm-none.linux64_1.13.1.201707031232/tools/compiler/bin/../lib/gcc/arm-none-eabi/5.4.1/../../../../arm-none-eabi/lib/armv7e-m/fpu/libc_nano.a(lib_a-init.o)
 .ARM.attributes
                0x0000051a       0x34 /home/kajiala/.eclipse/org.eclipse.platform_4.7.0_1473617060_linux_gtk_x86_64/plugins/fr.ac6.mcu.externaltools.arm-none.linux64_1.13.1.201707031232/tools/compiler/bin/../lib/gcc/arm-none-eabi/5.4.1/../../../../arm-none-eabi/lib/armv7e-m/fpu/libc_nano.a(lib_a-malloc.o)
 .ARM.attributes
                0x0000054e       0x34 /home/kajiala/.eclipse/org.eclipse.platform_4.7.0_1473617060_linux_gtk_x86_64/plugins/fr.ac6.mcu.externaltools.arm-none.linux64_1.13.1.201707031232/tools/compiler/bin/../lib/gcc/arm-none-eabi/5.4.1/../../../../arm-none-eabi/lib/armv7e-m/fpu/libc_nano.a(lib_a-memset.o)
 .ARM.attributes
                0x00000582       0x34 /home/kajiala/.eclipse/org.eclipse.platform_4.7.0_1473617060_linux_gtk_x86_64/plugins/fr.ac6.mcu.externaltools.arm-none.linux64_1.13.1.201707031232/tools/compiler/bin/../lib/gcc/arm-none-eabi/5.4.1/../../../../arm-none-eabi/lib/armv7e-m/fpu/libc_nano.a(lib_a-nano-freer.o)
 .ARM.attributes
                0x000005b6       0x34 /home/kajiala/.eclipse/org.eclipse.platform_4.7.0_1473617060_linux_gtk_x86_64/plugins/fr.ac6.mcu.externaltools.arm-none.linux64_1.13.1.201707031232/tools/compiler/bin/../lib/gcc/arm-none-eabi/5.4.1/../../../../arm-none-eabi/lib/armv7e-m/fpu/libc_nano.a(lib_a-nano-mallocr.o)
 .ARM.attributes
                0x000005ea       0x34 /home/kajiala/.eclipse/org.eclipse.platform_4.7.0_1473617060_linux_gtk_x86_64/plugins/fr.ac6.mcu.externaltools.arm-none.linux64_1.13.1.201707031232/tools/compiler/bin/../lib/gcc/arm-none-eabi/5.4.1/../../../../arm-none-eabi/lib/armv7e-m/fpu/libc_nano.a(lib_a-printf.o)
 .ARM.attributes
                0x0000061e       0x34 /home/kajiala/.eclipse/org.eclipse.platform_4.7.0_1473617060_linux_gtk_x86_64/plugins/fr.ac6.mcu.externaltools.arm-none.linux64_1.13.1.201707031232/tools/compiler/bin/../lib/gcc/arm-none-eabi/5.4.1/../../../../arm-none-eabi/lib/armv7e-m/fpu/libc_nano.a(lib_a-sbrkr.o)
 .ARM.attributes
                0x00000652       0x34 /home/kajiala/.eclipse/org.eclipse.platform_4.7.0_1473617060_linux_gtk_x86_64/plugins/fr.ac6.mcu.externaltools.arm-none.linux64_1.13.1.201707031232/tools/compiler/bin/../lib/gcc/arm-none-eabi/5.4.1/../../../../arm-none-eabi/lib/armv7e-m/fpu/libc_nano.a(lib_a-findfp.o)
 .ARM.attributes
                0x00000686       0x34 /home/kajiala/.eclipse/org.eclipse.platform_4.7.0_1473617060_linux_gtk_x86_64/plugins/fr.ac6.mcu.externaltools.arm-none.linux64_1.13.1.201707031232/tools/compiler/bin/../lib/gcc/arm-none-eabi/5.4.1/../../../../arm-none-eabi/lib/armv7e-m/fpu/libc_nano.a(lib_a-fwalk.o)
 .ARM.attributes
                0x000006ba       0x34 /home/kajiala/.eclipse/org.eclipse.platform_4.7.0_1473617060_linux_gtk_x86_64/plugins/fr.ac6.mcu.externaltools.arm-none.linux64_1.13.1.201707031232/tools/compiler/bin/../lib/gcc/arm-none-eabi/5.4.1/../../../../arm-none-eabi/lib/armv7e-m/fpu/libc_nano.a(lib_a-mlock.o)
 .ARM.attributes
                0x000006ee       0x34 /home/kajiala/.eclipse/org.eclipse.platform_4.7.0_1473617060_linux_gtk_x86_64/plugins/fr.ac6.mcu.externaltools.arm-none.linux64_1.13.1.201707031232/tools/compiler/bin/../lib/gcc/arm-none-eabi/5.4.1/../../../../arm-none-eabi/lib/armv7e-m/fpu/libc_nano.a(lib_a-nano-vfprintf.o)
 .ARM.attributes
                0x00000722       0x34 /home/kajiala/.eclipse/org.eclipse.platform_4.7.0_1473617060_linux_gtk_x86_64/plugins/fr.ac6.mcu.externaltools.arm-none.linux64_1.13.1.201707031232/tools/compiler/bin/../lib/gcc/arm-none-eabi/5.4.1/../../../../arm-none-eabi/lib/armv7e-m/fpu/libc_nano.a(lib_a-nano-vfprintf_i.o)
 .ARM.attributes
                0x00000756       0x34 /home/kajiala/.eclipse/org.eclipse.platform_4.7.0_1473617060_linux_gtk_x86_64/plugins/fr.ac6.mcu.externaltools.arm-none.linux64_1.13.1.201707031232/tools/compiler/bin/../lib/gcc/arm-none-eabi/5.4.1/../../../../arm-none-eabi/lib/armv7e-m/fpu/libc_nano.a(lib_a-reent.o)
 .ARM.attributes
                0x0000078a       0x34 /home/kajiala/.eclipse/org.eclipse.platform_4.7.0_1473617060_linux_gtk_x86_64/plugins/fr.ac6.mcu.externaltools.arm-none.linux64_1.13.1.201707031232/tools/compiler/bin/../lib/gcc/arm-none-eabi/5.4.1/../../../../arm-none-eabi/lib/armv7e-m/fpu/libc_nano.a(lib_a-stdio.o)
 .ARM.attributes
                0x000007be       0x34 /home/kajiala/.eclipse/org.eclipse.platform_4.7.0_1473617060_linux_gtk_x86_64/plugins/fr.ac6.mcu.externaltools.arm-none.linux64_1.13.1.201707031232/tools/compiler/bin/../lib/gcc/arm-none-eabi/5.4.1/../../../../arm-none-eabi/lib/armv7e-m/fpu/libc_nano.a(lib_a-wbuf.o)
 .ARM.attributes
                0x000007f2       0x34 /home/kajiala/.eclipse/org.eclipse.platform_4.7.0_1473617060_linux_gtk_x86_64/plugins/fr.ac6.mcu.externaltools.arm-none.linux64_1.13.1.201707031232/tools/compiler/bin/../lib/gcc/arm-none-eabi/5.4.1/../../../../arm-none-eabi/lib/armv7e-m/fpu/libc_nano.a(lib_a-writer.o)
 .ARM.attributes
                0x00000826       0x34 /home/kajiala/.eclipse/org.eclipse.platform_4.7.0_1473617060_linux_gtk_x86_64/plugins/fr.ac6.mcu.externaltools.arm-none.linux64_1.13.1.201707031232/tools/compiler/bin/../lib/gcc/arm-none-eabi/5.4.1/../../../../arm-none-eabi/lib/armv7e-m/fpu/libc_nano.a(lib_a-wsetup.o)
 .ARM.attributes
                0x0000085a       0x34 /home/kajiala/.eclipse/org.eclipse.platform_4.7.0_1473617060_linux_gtk_x86_64/plugins/fr.ac6.mcu.externaltools.arm-none.linux64_1.13.1.201707031232/tools/compiler/bin/../lib/gcc/arm-none-eabi/5.4.1/../../../../arm-none-eabi/lib/armv7e-m/fpu/libc_nano.a(lib_a-closer.o)
 .ARM.attributes
                0x0000088e       0x34 /home/kajiala/.eclipse/org.eclipse.platform_4.7.0_1473617060_linux_gtk_x86_64/plugins/fr.ac6.mcu.externaltools.arm-none.linux64_1.13.1.201707031232/tools/compiler/bin/../lib/gcc/arm-none-eabi/5.4.1/../../../../arm-none-eabi/lib/armv7e-m/fpu/libc_nano.a(lib_a-fflush.o)
 .ARM.attributes
                0x000008c2       0x34 /home/kajiala/.eclipse/org.eclipse.platform_4.7.0_1473617060_linux_gtk_x86_64/plugins/fr.ac6.mcu.externaltools.arm-none.linux64_1.13.1.201707031232/tools/compiler/bin/../lib/gcc/arm-none-eabi/5.4.1/../../../../arm-none-eabi/lib/armv7e-m/fpu/libc_nano.a(lib_a-lseekr.o)
 .ARM.attributes
                0x000008f6       0x34 /home/kajiala/.eclipse/org.eclipse.platform_4.7.0_1473617060_linux_gtk_x86_64/plugins/fr.ac6.mcu.externaltools.arm-none.linux64_1.13.1.201707031232/tools/compiler/bin/../lib/gcc/arm-none-eabi/5.4.1/../../../../arm-none-eabi/lib/armv7e-m/fpu/libc_nano.a(lib_a-makebuf.o)
 .ARM.attributes
                0x0000092a       0x20 /home/kajiala/.eclipse/org.eclipse.platform_4.7.0_1473617060_linux_gtk_x86_64/plugins/fr.ac6.mcu.externaltools.arm-none.linux64_1.13.1.201707031232/tools/compiler/bin/../lib/gcc/arm-none-eabi/5.4.1/../../../../arm-none-eabi/lib/armv7e-m/fpu/libc_nano.a(lib_a-memchr.o)
 .ARM.attributes
                0x0000094a       0x34 /home/kajiala/.eclipse/org.eclipse.platform_4.7.0_1473617060_linux_gtk_x86_64/plugins/fr.ac6.mcu.externaltools.arm-none.linux64_1.13.1.201707031232/tools/compiler/bin/../lib/gcc/arm-none-eabi/5.4.1/../../../../arm-none-eabi/lib/armv7e-m/fpu/libc_nano.a(lib_a-readr.o)
 .ARM.attributes
                0x0000097e       0x34 /home/kajiala/.eclipse/org.eclipse.platform_4.7.0_1473617060_linux_gtk_x86_64/plugins/fr.ac6.mcu.externaltools.arm-none.linux64_1.13.1.201707031232/tools/compiler/bin/../lib/gcc/arm-none-eabi/5.4.1/../../../../arm-none-eabi/lib/armv7e-m/fpu/libc_nano.a(lib_a-fstatr.o)
 .ARM.attributes
                0x000009b2       0x34 /home/kajiala/.eclipse/org.eclipse.platform_4.7.0_1473617060_linux_gtk_x86_64/plugins/fr.ac6.mcu.externaltools.arm-none.linux64_1.13.1.201707031232/tools/compiler/bin/../lib/gcc/arm-none-eabi/5.4.1/../../../../arm-none-eabi/lib/armv7e-m/fpu/libc_nano.a(lib_a-isattyr.o)
 .ARM.attributes
                0x000009e6       0x34 /home/kajiala/.eclipse/org.eclipse.platform_4.7.0_1473617060_linux_gtk_x86_64/plugins/fr.ac6.mcu.externaltools.arm-none.linux64_1.13.1.201707031232/tools/compiler/bin/../lib/gcc/arm-none-eabi/5.4.1/../../../../arm-none-eabi/lib/armv7e-m/fpu/libnosys.a(close.o)
 .ARM.attributes
                0x00000a1a       0x34 /home/kajiala/.eclipse/org.eclipse.platform_4.7.0_1473617060_linux_gtk_x86_64/plugins/fr.ac6.mcu.externaltools.arm-none.linux64_1.13.1.201707031232/tools/compiler/bin/../lib/gcc/arm-none-eabi/5.4.1/../../../../arm-none-eabi/lib/armv7e-m/fpu/libnosys.a(fstat.o)
 .ARM.attributes
                0x00000a4e       0x34 /home/kajiala/.eclipse/org.eclipse.platform_4.7.0_1473617060_linux_gtk_x86_64/plugins/fr.ac6.mcu.externaltools.arm-none.linux64_1.13.1.201707031232/tools/compiler/bin/../lib/gcc/arm-none-eabi/5.4.1/../../../../arm-none-eabi/lib/armv7e-m/fpu/libnosys.a(isatty.o)
 .ARM.attributes
                0x00000a82       0x34 /home/kajiala/.eclipse/org.eclipse.platform_4.7.0_1473617060_linux_gtk_x86_64/plugins/fr.ac6.mcu.externaltools.arm-none.linux64_1.13.1.201707031232/tools/compiler/bin/../lib/gcc/arm-none-eabi/5.4.1/../../../../arm-none-eabi/lib/armv7e-m/fpu/libnosys.a(lseek.o)
 .ARM.attributes
                0x00000ab6       0x34 /home/kajiala/.eclipse/org.eclipse.platform_4.7.0_1473617060_linux_gtk_x86_64/plugins/fr.ac6.mcu.externaltools.arm-none.linux64_1.13.1.201707031232/tools/compiler/bin/../lib/gcc/arm-none-eabi/5.4.1/../../../../arm-none-eabi/lib/armv7e-m/fpu/libnosys.a(read.o)
 .ARM.attributes
                0x00000aea       0x34 /home/kajiala/.eclipse/org.eclipse.platform_4.7.0_1473617060_linux_gtk_x86_64/plugins/fr.ac6.mcu.externaltools.arm-none.linux64_1.13.1.201707031232/tools/compiler/bin/../lib/gcc/arm-none-eabi/5.4.1/../../../../arm-none-eabi/lib/armv7e-m/fpu/libnosys.a(sbrk.o)
 .ARM.attributes
                0x00000b1e       0x34 /home/kajiala/.eclipse/org.eclipse.platform_4.7.0_1473617060_linux_gtk_x86_64/plugins/fr.ac6.mcu.externaltools.arm-none.linux64_1.13.1.201707031232/tools/compiler/bin/../lib/gcc/arm-none-eabi/5.4.1/../../../../arm-none-eabi/lib/armv7e-m/fpu/libnosys.a(write.o)
 .ARM.attributes
                0x00000b52       0x22 /home/kajiala/.eclipse/org.eclipse.platform_4.7.0_1473617060_linux_gtk_x86_64/plugins/fr.ac6.mcu.externaltools.arm-none.linux64_1.13.1.201707031232/tools/compiler/bin/../lib/gcc/arm-none-eabi/5.4.1/armv7e-m/fpu/crtn.o
OUTPUT(USB_VirtualComPort.elf elf32-littlearm)

.debug_info     0x00000000     0xd248
 .debug_info    0x00000000      0x916 Drivers/STM32F4xx_HAL_Driver/Src/stm32f4xx_hal.o
 .debug_info    0x00000916      0xefb Drivers/STM32F4xx_HAL_Driver/Src/stm32f4xx_hal_cortex.o
 .debug_info    0x00001811      0x72a Drivers/STM32F4xx_HAL_Driver/Src/stm32f4xx_hal_gpio.o
 .debug_info    0x00001f3b     0x143e Drivers/STM32F4xx_HAL_Driver/Src/stm32f4xx_hal_pcd.o
 .debug_info    0x00003379      0x574 Drivers/STM32F4xx_HAL_Driver/Src/stm32f4xx_hal_pcd_ex.o
 .debug_info    0x000038ed      0xce5 Drivers/STM32F4xx_HAL_Driver/Src/stm32f4xx_hal_rcc.o
 .debug_info    0x000045d2     0x16ac Drivers/STM32F4xx_HAL_Driver/Src/stm32f4xx_ll_usb.o
 .debug_info    0x00005c7e      0xd07 Middlewares/ST/STM32_USB_Device_Library/Class/CDC/Src/usbd_cdc.o
 .debug_info    0x00006985      0xc42 Middlewares/ST/STM32_USB_Device_Library/Core/Src/usbd_core.o
 .debug_info    0x000075c7      0xdfb Middlewares/ST/STM32_USB_Device_Library/Core/Src/usbd_ctlreq.o
 .debug_info    0x000083c2      0x765 Middlewares/ST/STM32_USB_Device_Library/Core/Src/usbd_ioreq.o
 .debug_info    0x00008b27      0x88a Src/main.o
 .debug_info    0x000093b1      0x618 Src/stm32f4xx_hal_msp.o
 .debug_info    0x000099c9      0x5a4 Src/stm32f4xx_it.o
 .debug_info    0x00009f6d      0x500 Src/system_stm32f4xx.o
 .debug_info    0x0000a46d      0x616 Src/usb_device.o
 .debug_info    0x0000aa83      0x86d Src/usbd_cdc_if.o
 .debug_info    0x0000b2f0     0x1a06 Src/usbd_conf.o
 .debug_info    0x0000ccf6      0x4cc Src/usbd_desc.o
 .debug_info    0x0000d1c2       0x86 startup/startup_stm32f405xx.o

.debug_abbrev   0x00000000     0x2577
 .debug_abbrev  0x00000000      0x25c Drivers/STM32F4xx_HAL_Driver/Src/stm32f4xx_hal.o
 .debug_abbrev  0x0000025c      0x2fe Drivers/STM32F4xx_HAL_Driver/Src/stm32f4xx_hal_cortex.o
 .debug_abbrev  0x0000055a      0x1cd Drivers/STM32F4xx_HAL_Driver/Src/stm32f4xx_hal_gpio.o
 .debug_abbrev  0x00000727      0x283 Drivers/STM32F4xx_HAL_Driver/Src/stm32f4xx_hal_pcd.o
 .debug_abbrev  0x000009aa      0x172 Drivers/STM32F4xx_HAL_Driver/Src/stm32f4xx_hal_pcd_ex.o
 .debug_abbrev  0x00000b1c      0x2b0 Drivers/STM32F4xx_HAL_Driver/Src/stm32f4xx_hal_rcc.o
 .debug_abbrev  0x00000dcc      0x242 Drivers/STM32F4xx_HAL_Driver/Src/stm32f4xx_ll_usb.o
 .debug_abbrev  0x0000100e      0x24a Middlewares/ST/STM32_USB_Device_Library/Class/CDC/Src/usbd_cdc.o
 .debug_abbrev  0x00001258      0x1ef Middlewares/ST/STM32_USB_Device_Library/Core/Src/usbd_core.o
 .debug_abbrev  0x00001447      0x26c Middlewares/ST/STM32_USB_Device_Library/Core/Src/usbd_ctlreq.o
 .debug_abbrev  0x000016b3      0x158 Middlewares/ST/STM32_USB_Device_Library/Core/Src/usbd_ioreq.o
 .debug_abbrev  0x0000180b      0x1f0 Src/main.o
 .debug_abbrev  0x000019fb      0x14b Src/stm32f4xx_hal_msp.o
 .debug_abbrev  0x00001b46      0x1a5 Src/stm32f4xx_it.o
 .debug_abbrev  0x00001ceb      0x104 Src/system_stm32f4xx.o
 .debug_abbrev  0x00001def      0x170 Src/usb_device.o
 .debug_abbrev  0x00001f5f      0x221 Src/usbd_cdc_if.o
 .debug_abbrev  0x00002180      0x27e Src/usbd_conf.o
 .debug_abbrev  0x000023fe      0x167 Src/usbd_desc.o
 .debug_abbrev  0x00002565       0x12 startup/startup_stm32f405xx.o

.debug_loc      0x00000000     0x57b9
 .debug_loc     0x00000000       0x91 Drivers/STM32F4xx_HAL_Driver/Src/stm32f4xx_hal.o
 .debug_loc     0x00000091      0x548 Drivers/STM32F4xx_HAL_Driver/Src/stm32f4xx_hal_cortex.o
 .debug_loc     0x000005d9      0x38f Drivers/STM32F4xx_HAL_Driver/Src/stm32f4xx_hal_gpio.o
 .debug_loc     0x00000968      0xb6d Drivers/STM32F4xx_HAL_Driver/Src/stm32f4xx_hal_pcd.o
 .debug_loc     0x000014d5       0xd0 Drivers/STM32F4xx_HAL_Driver/Src/stm32f4xx_hal_pcd_ex.o
 .debug_loc     0x000015a5      0x622 Drivers/STM32F4xx_HAL_Driver/Src/stm32f4xx_hal_rcc.o
 .debug_loc     0x00001bc7     0x133b Drivers/STM32F4xx_HAL_Driver/Src/stm32f4xx_ll_usb.o
 .debug_loc     0x00002f02      0x4b1 Middlewares/ST/STM32_USB_Device_Library/Class/CDC/Src/usbd_cdc.o
 .debug_loc     0x000033b3      0x629 Middlewares/ST/STM32_USB_Device_Library/Core/Src/usbd_core.o
 .debug_loc     0x000039dc      0xb12 Middlewares/ST/STM32_USB_Device_Library/Core/Src/usbd_ctlreq.o
 .debug_loc     0x000044ee      0x23c Middlewares/ST/STM32_USB_Device_Library/Core/Src/usbd_ioreq.o
 .debug_loc     0x0000472a       0x2b Src/main.o
 .debug_loc     0x00004755      0x132 Src/system_stm32f4xx.o
 .debug_loc     0x00004887      0x111 Src/usbd_cdc_if.o
 .debug_loc     0x00004998      0xb6a Src/usbd_conf.o
 .debug_loc     0x00005502      0x2b7 Src/usbd_desc.o

.debug_aranges  0x00000000      0xa00
 .debug_aranges
                0x00000000       0xc8 Drivers/STM32F4xx_HAL_Driver/Src/stm32f4xx_hal.o
 .debug_aranges
                0x000000c8       0xa8 Drivers/STM32F4xx_HAL_Driver/Src/stm32f4xx_hal_cortex.o
 .debug_aranges
                0x00000170       0x58 Drivers/STM32F4xx_HAL_Driver/Src/stm32f4xx_hal_gpio.o
 .debug_aranges
                0x000001c8      0x120 Drivers/STM32F4xx_HAL_Driver/Src/stm32f4xx_hal_pcd.o
 .debug_aranges
                0x000002e8       0x28 Drivers/STM32F4xx_HAL_Driver/Src/stm32f4xx_hal_pcd_ex.o
 .debug_aranges
                0x00000310       0x88 Drivers/STM32F4xx_HAL_Driver/Src/stm32f4xx_hal_rcc.o
 .debug_aranges
                0x00000398      0x180 Drivers/STM32F4xx_HAL_Driver/Src/stm32f4xx_ll_usb.o
 .debug_aranges
                0x00000518       0x90 Middlewares/ST/STM32_USB_Device_Library/Class/CDC/Src/usbd_cdc.o
 .debug_aranges
                0x000005a8       0xb8 Middlewares/ST/STM32_USB_Device_Library/Core/Src/usbd_core.o
 .debug_aranges
                0x00000660       0x88 Middlewares/ST/STM32_USB_Device_Library/Core/Src/usbd_ctlreq.o
 .debug_aranges
                0x000006e8       0x50 Middlewares/ST/STM32_USB_Device_Library/Core/Src/usbd_ioreq.o
 .debug_aranges
                0x00000738       0x38 Src/main.o
 .debug_aranges
                0x00000770       0x30 Src/stm32f4xx_hal_msp.o
 .debug_aranges
                0x000007a0       0x68 Src/stm32f4xx_it.o
 .debug_aranges
                0x00000808       0x28 Src/system_stm32f4xx.o
 .debug_aranges
                0x00000830       0x20 Src/usb_device.o
 .debug_aranges
                0x00000850       0x40 Src/usbd_cdc_if.o
 .debug_aranges
                0x00000890       0xf8 Src/usbd_conf.o
 .debug_aranges
                0x00000988       0x50 Src/usbd_desc.o
 .debug_aranges
                0x000009d8       0x28 startup/startup_stm32f405xx.o

.debug_ranges   0x00000000      0x8c8
 .debug_ranges  0x00000000       0xb8 Drivers/STM32F4xx_HAL_Driver/Src/stm32f4xx_hal.o
 .debug_ranges  0x000000b8       0x98 Drivers/STM32F4xx_HAL_Driver/Src/stm32f4xx_hal_cortex.o
 .debug_ranges  0x00000150       0x48 Drivers/STM32F4xx_HAL_Driver/Src/stm32f4xx_hal_gpio.o
 .debug_ranges  0x00000198      0x110 Drivers/STM32F4xx_HAL_Driver/Src/stm32f4xx_hal_pcd.o
 .debug_ranges  0x000002a8       0x18 Drivers/STM32F4xx_HAL_Driver/Src/stm32f4xx_hal_pcd_ex.o
 .debug_ranges  0x000002c0       0x78 Drivers/STM32F4xx_HAL_Driver/Src/stm32f4xx_hal_rcc.o
 .debug_ranges  0x00000338      0x170 Drivers/STM32F4xx_HAL_Driver/Src/stm32f4xx_ll_usb.o
 .debug_ranges  0x000004a8       0x80 Middlewares/ST/STM32_USB_Device_Library/Class/CDC/Src/usbd_cdc.o
 .debug_ranges  0x00000528       0xa8 Middlewares/ST/STM32_USB_Device_Library/Core/Src/usbd_core.o
 .debug_ranges  0x000005d0       0x78 Middlewares/ST/STM32_USB_Device_Library/Core/Src/usbd_ctlreq.o
 .debug_ranges  0x00000648       0x40 Middlewares/ST/STM32_USB_Device_Library/Core/Src/usbd_ioreq.o
 .debug_ranges  0x00000688       0x28 Src/main.o
 .debug_ranges  0x000006b0       0x20 Src/stm32f4xx_hal_msp.o
 .debug_ranges  0x000006d0       0x58 Src/stm32f4xx_it.o
 .debug_ranges  0x00000728       0x18 Src/system_stm32f4xx.o
 .debug_ranges  0x00000740       0x10 Src/usb_device.o
 .debug_ranges  0x00000750       0x30 Src/usbd_cdc_if.o
 .debug_ranges  0x00000780       0xe8 Src/usbd_conf.o
 .debug_ranges  0x00000868       0x40 Src/usbd_desc.o
 .debug_ranges  0x000008a8       0x20 startup/startup_stm32f405xx.o

.debug_macro    0x00000000    0x20d2d
 .debug_macro   0x00000000      0x36e Drivers/STM32F4xx_HAL_Driver/Src/stm32f4xx_hal.o
 .debug_macro   0x0000036e      0x898 Drivers/STM32F4xx_HAL_Driver/Src/stm32f4xx_hal.o
 .debug_macro   0x00000c06       0x10 Drivers/STM32F4xx_HAL_Driver/Src/stm32f4xx_hal.o
 .debug_macro   0x00000c16      0x17a Drivers/STM32F4xx_HAL_Driver/Src/stm32f4xx_hal.o
 .debug_macro   0x00000d90       0x33 Drivers/STM32F4xx_HAL_Driver/Src/stm32f4xx_hal.o
 .debug_macro   0x00000dc3       0x28 Drivers/STM32F4xx_HAL_Driver/Src/stm32f4xx_hal.o
 .debug_macro   0x00000deb       0x22 Drivers/STM32F4xx_HAL_Driver/Src/stm32f4xx_hal.o
 .debug_macro   0x00000e0d       0x87 Drivers/STM32F4xx_HAL_Driver/Src/stm32f4xx_hal.o
 .debug_macro   0x00000e94       0x44 Drivers/STM32F4xx_HAL_Driver/Src/stm32f4xx_hal.o
 .debug_macro   0x00000ed8       0xfd Drivers/STM32F4xx_HAL_Driver/Src/stm32f4xx_hal.o
 .debug_macro   0x00000fd5       0x5e Drivers/STM32F4xx_HAL_Driver/Src/stm32f4xx_hal.o
 .debug_macro   0x00001033      0x1df Drivers/STM32F4xx_HAL_Driver/Src/stm32f4xx_hal.o
 .debug_macro   0x00001212       0x35 Drivers/STM32F4xx_HAL_Driver/Src/stm32f4xx_hal.o
 .debug_macro   0x00001247       0x50 Drivers/STM32F4xx_HAL_Driver/Src/stm32f4xx_hal.o
 .debug_macro   0x00001297      0xe66 Drivers/STM32F4xx_HAL_Driver/Src/stm32f4xx_hal.o
 .debug_macro   0x000020fd    0x14219 Drivers/STM32F4xx_HAL_Driver/Src/stm32f4xx_hal.o
 .debug_macro   0x00016316       0x43 Drivers/STM32F4xx_HAL_Driver/Src/stm32f4xx_hal.o
 .debug_macro   0x00016359     0x3574 Drivers/STM32F4xx_HAL_Driver/Src/stm32f4xx_hal.o
 .debug_macro   0x000198cd       0x52 Drivers/STM32F4xx_HAL_Driver/Src/stm32f4xx_hal.o
 .debug_macro   0x0001991f       0x35 Drivers/STM32F4xx_HAL_Driver/Src/stm32f4xx_hal.o
 .debug_macro   0x00019954       0x9c Drivers/STM32F4xx_HAL_Driver/Src/stm32f4xx_hal.o
 .debug_macro   0x000199f0       0x16 Drivers/STM32F4xx_HAL_Driver/Src/stm32f4xx_hal.o
 .debug_macro   0x00019a06       0x97 Drivers/STM32F4xx_HAL_Driver/Src/stm32f4xx_hal.o
 .debug_macro   0x00019a9d      0x30d Drivers/STM32F4xx_HAL_Driver/Src/stm32f4xx_hal.o
 .debug_macro   0x00019daa       0xfd Drivers/STM32F4xx_HAL_Driver/Src/stm32f4xx_hal.o
 .debug_macro   0x00019ea7       0x10 Drivers/STM32F4xx_HAL_Driver/Src/stm32f4xx_hal.o
 .debug_macro   0x00019eb7       0x52 Drivers/STM32F4xx_HAL_Driver/Src/stm32f4xx_hal.o
 .debug_macro   0x00019f09       0x1f Drivers/STM32F4xx_HAL_Driver/Src/stm32f4xx_hal.o
 .debug_macro   0x00019f28       0x43 Drivers/STM32F4xx_HAL_Driver/Src/stm32f4xx_hal.o
 .debug_macro   0x00019f6b       0x20 Drivers/STM32F4xx_HAL_Driver/Src/stm32f4xx_hal.o
 .debug_macro   0x00019f8b      0x187 Drivers/STM32F4xx_HAL_Driver/Src/stm32f4xx_hal.o
 .debug_macro   0x0001a112       0x10 Drivers/STM32F4xx_HAL_Driver/Src/stm32f4xx_hal.o
 .debug_macro   0x0001a122       0x1c Drivers/STM32F4xx_HAL_Driver/Src/stm32f4xx_hal.o
 .debug_macro   0x0001a13e       0x52 Drivers/STM32F4xx_HAL_Driver/Src/stm32f4xx_hal.o
 .debug_macro   0x0001a190       0x40 Drivers/STM32F4xx_HAL_Driver/Src/stm32f4xx_hal.o
 .debug_macro   0x0001a1d0       0x10 Drivers/STM32F4xx_HAL_Driver/Src/stm32f4xx_hal.o
 .debug_macro   0x0001a1e0       0x40 Drivers/STM32F4xx_HAL_Driver/Src/stm32f4xx_hal.o
 .debug_macro   0x0001a220       0xd7 Drivers/STM32F4xx_HAL_Driver/Src/stm32f4xx_hal.o
 .debug_macro   0x0001a2f7       0x16 Drivers/STM32F4xx_HAL_Driver/Src/stm32f4xx_hal.o
 .debug_macro   0x0001a30d      0x18b Drivers/STM32F4xx_HAL_Driver/Src/stm32f4xx_hal.o
 .debug_macro   0x0001a498       0x50 Drivers/STM32F4xx_HAL_Driver/Src/stm32f4xx_hal.o
 .debug_macro   0x0001a4e8      0x8a7 Drivers/STM32F4xx_HAL_Driver/Src/stm32f4xx_hal.o
 .debug_macro   0x0001ad8f      0x9e1 Drivers/STM32F4xx_HAL_Driver/Src/stm32f4xx_hal.o
 .debug_macro   0x0001b770      0x11e Drivers/STM32F4xx_HAL_Driver/Src/stm32f4xx_hal.o
 .debug_macro   0x0001b88e      0x130 Drivers/STM32F4xx_HAL_Driver/Src/stm32f4xx_hal.o
 .debug_macro   0x0001b9be       0x27 Drivers/STM32F4xx_HAL_Driver/Src/stm32f4xx_hal.o
 .debug_macro   0x0001b9e5      0x287 Drivers/STM32F4xx_HAL_Driver/Src/stm32f4xx_hal.o
 .debug_macro   0x0001bc6c       0x5f Drivers/STM32F4xx_HAL_Driver/Src/stm32f4xx_hal.o
 .debug_macro   0x0001bccb      0x23a Drivers/STM32F4xx_HAL_Driver/Src/stm32f4xx_hal.o
 .debug_macro   0x0001bf05      0x133 Drivers/STM32F4xx_HAL_Driver/Src/stm32f4xx_hal.o
 .debug_macro   0x0001c038      0x21e Drivers/STM32F4xx_HAL_Driver/Src/stm32f4xx_hal.o
 .debug_macro   0x0001c256       0x2e Drivers/STM32F4xx_HAL_Driver/Src/stm32f4xx_hal.o
 .debug_macro   0x0001c284      0x11e Drivers/STM32F4xx_HAL_Driver/Src/stm32f4xx_hal.o
 .debug_macro   0x0001c3a2       0x7f Drivers/STM32F4xx_HAL_Driver/Src/stm32f4xx_hal.o
 .debug_macro   0x0001c421       0x89 Drivers/STM32F4xx_HAL_Driver/Src/stm32f4xx_hal.o
 .debug_macro   0x0001c4aa      0x1df Drivers/STM32F4xx_HAL_Driver/Src/stm32f4xx_hal.o
 .debug_macro   0x0001c689      0x115 Drivers/STM32F4xx_HAL_Driver/Src/stm32f4xx_hal.o
 .debug_macro   0x0001c79e      0x125 Drivers/STM32F4xx_HAL_Driver/Src/stm32f4xx_hal.o
 .debug_macro   0x0001c8c3      0x30e Drivers/STM32F4xx_HAL_Driver/Src/stm32f4xx_hal_cortex.o
 .debug_macro   0x0001cbd1      0x346 Drivers/STM32F4xx_HAL_Driver/Src/stm32f4xx_hal_gpio.o
 .debug_macro   0x0001cf17      0x31a Drivers/STM32F4xx_HAL_Driver/Src/stm32f4xx_hal_pcd.o
 .debug_macro   0x0001d231      0x30e Drivers/STM32F4xx_HAL_Driver/Src/stm32f4xx_hal_pcd_ex.o
 .debug_macro   0x0001d53f      0x338 Drivers/STM32F4xx_HAL_Driver/Src/stm32f4xx_hal_rcc.o
 .debug_macro   0x0001d877      0x315 Drivers/STM32F4xx_HAL_Driver/Src/stm32f4xx_ll_usb.o