Archive member included to satisfy reference by file (symbol)

/home/kajiala/.eclipse/org.eclipse.platform_4.7.0_1473617060_linux_gtk_x86_64/plugins/fr.ac6.mcu.externaltools.arm-none.linux64_1.13.1.201707031232/tools/compiler/bin/../lib/gcc/arm-none-eabi/5.4.1/../../../../arm-none-eabi/lib/armv7e-m/fpu/libc_nano.a(lib_a-exit.o)
                              /home/kajiala/.eclipse/org.eclipse.platform_4.7.0_1473617060_linux_gtk_x86_64/plugins/fr.ac6.mcu.externaltools.arm-none.linux64_1.13.1.201707031232/tools/compiler/bin/../lib/gcc/arm-none-eabi/5.4.1/../../../../arm-none-eabi/lib/armv7e-m/fpu/crt0.o (exit)
/home/kajiala/.eclipse/org.eclipse.platform_4.7.0_1473617060_linux_gtk_x86_64/plugins/fr.ac6.mcu.externaltools.arm-none.linux64_1.13.1.201707031232/tools/compiler/bin/../lib/gcc/arm-none-eabi/5.4.1/../../../../arm-none-eabi/lib/armv7e-m/fpu/libc_nano.a(lib_a-impure.o)
                              /home/kajiala/.eclipse/org.eclipse.platform_4.7.0_1473617060_linux_gtk_x86_64/plugins/fr.ac6.mcu.externaltools.arm-none.linux64_1.13.1.201707031232/tools/compiler/bin/../lib/gcc/arm-none-eabi/5.4.1/../../../../arm-none-eabi/lib/armv7e-m/fpu/libc_nano.a(lib_a-exit.o) (_global_impure_ptr)
/home/kajiala/.eclipse/org.eclipse.platform_4.7.0_1473617060_linux_gtk_x86_64/plugins/fr.ac6.mcu.externaltools.arm-none.linux64_1.13.1.201707031232/tools/compiler/bin/../lib/gcc/arm-none-eabi/5.4.1/../../../../arm-none-eabi/lib/armv7e-m/fpu/libc_nano.a(lib_a-init.o)
                              /home/kajiala/.eclipse/org.eclipse.platform_4.7.0_1473617060_linux_gtk_x86_64/plugins/fr.ac6.mcu.externaltools.arm-none.linux64_1.13.1.201707031232/tools/compiler/bin/../lib/gcc/arm-none-eabi/5.4.1/../../../../arm-none-eabi/lib/armv7e-m/fpu/crt0.o (__libc_init_array)
/home/kajiala/.eclipse/org.eclipse.platform_4.7.0_1473617060_linux_gtk_x86_64/plugins/fr.ac6.mcu.externaltools.arm-none.linux64_1.13.1.201707031232/tools/compiler/bin/../lib/gcc/arm-none-eabi/5.4.1/../../../../arm-none-eabi/lib/armv7e-m/fpu/libc_nano.a(lib_a-malloc.o)
                              Middlewares/ST/STM32_USB_Device_Library/Class/CDC/Src/usbd_cdc.o (malloc)
/home/kajiala/.eclipse/org.eclipse.platform_4.7.0_1473617060_linux_gtk_x86_64/plugins/fr.ac6.mcu.externaltools.arm-none.linux64_1.13.1.201707031232/tools/compiler/bin/../lib/gcc/arm-none-eabi/5.4.1/../../../../arm-none-eabi/lib/armv7e-m/fpu/libc_nano.a(lib_a-memcpy-stub.o)
                              Src/usbd_cdc_if.o (memcpy)
/home/kajiala/.eclipse/org.eclipse.platform_4.7.0_1473617060_linux_gtk_x86_64/plugins/fr.ac6.mcu.externaltools.arm-none.linux64_1.13.1.201707031232/tools/compiler/bin/../lib/gcc/arm-none-eabi/5.4.1/../../../../arm-none-eabi/lib/armv7e-m/fpu/libc_nano.a(lib_a-memset.o)
                              /home/kajiala/.eclipse/org.eclipse.platform_4.7.0_1473617060_linux_gtk_x86_64/plugins/fr.ac6.mcu.externaltools.arm-none.linux64_1.13.1.201707031232/tools/compiler/bin/../lib/gcc/arm-none-eabi/5.4.1/../../../../arm-none-eabi/lib/armv7e-m/fpu/crt0.o (memset)
/home/kajiala/.eclipse/org.eclipse.platform_4.7.0_1473617060_linux_gtk_x86_64/plugins/fr.ac6.mcu.externaltools.arm-none.linux64_1.13.1.201707031232/tools/compiler/bin/../lib/gcc/arm-none-eabi/5.4.1/../../../../arm-none-eabi/lib/armv7e-m/fpu/libc_nano.a(lib_a-nano-freer.o)
                              /home/kajiala/.eclipse/org.eclipse.platform_4.7.0_1473617060_linux_gtk_x86_64/plugins/fr.ac6.mcu.externaltools.arm-none.linux64_1.13.1.201707031232/tools/compiler/bin/../lib/gcc/arm-none-eabi/5.4.1/../../../../arm-none-eabi/lib/armv7e-m/fpu/libc_nano.a(lib_a-malloc.o) (_free_r)
/home/kajiala/.eclipse/org.eclipse.platform_4.7.0_1473617060_linux_gtk_x86_64/plugins/fr.ac6.mcu.externaltools.arm-none.linux64_1.13.1.201707031232/tools/compiler/bin/../lib/gcc/arm-none-eabi/5.4.1/../../../../arm-none-eabi/lib/armv7e-m/fpu/libc_nano.a(lib_a-nano-mallocr.o)
                              /home/kajiala/.eclipse/org.eclipse.platform_4.7.0_1473617060_linux_gtk_x86_64/plugins/fr.ac6.mcu.externaltools.arm-none.linux64_1.13.1.201707031232/tools/compiler/bin/../lib/gcc/arm-none-eabi/5.4.1/../../../../arm-none-eabi/lib/armv7e-m/fpu/libc_nano.a(lib_a-malloc.o) (_malloc_r)
/home/kajiala/.eclipse/org.eclipse.platform_4.7.0_1473617060_linux_gtk_x86_64/plugins/fr.ac6.mcu.externaltools.arm-none.linux64_1.13.1.201707031232/tools/compiler/bin/../lib/gcc/arm-none-eabi/5.4.1/../../../../arm-none-eabi/lib/armv7e-m/fpu/libc_nano.a(lib_a-sbrkr.o)
                              /home/kajiala/.eclipse/org.eclipse.platform_4.7.0_1473617060_linux_gtk_x86_64/plugins/fr.ac6.mcu.externaltools.arm-none.linux64_1.13.1.201707031232/tools/compiler/bin/../lib/gcc/arm-none-eabi/5.4.1/../../../../arm-none-eabi/lib/armv7e-m/fpu/libc_nano.a(lib_a-nano-mallocr.o) (_sbrk_r)
[...]
Memory Configuration

Name             Origin             Length             Attributes
RAM              0x20000000         0x00020000         xrw
CCMRAM           0x10000000         0x00010000         rw
FLASH            0x08000000         0x00100000         xr
*default*        0x00000000         0xffffffff

Linker script and memory map

LOAD /home/kajiala/.eclipse/org.eclipse.platform_4.7.0_1473617060_linux_gtk_x86_64/plugins/fr.ac6.mcu.externaltools.arm-none.linux64_1.13.1.201707031232/tools/compiler/bin/../lib/gcc/arm-none-eabi/5.4.1/armv7e-m/fpu/crti.o
LOAD /home/kajiala/.eclipse/org.eclipse.platform_4.7.0_1473617060_linux_gtk_x86_64/plugins/fr.ac6.mcu.externaltools.arm-none.linux64_1.13.1.201707031232/tools/compiler/bin/../lib/gcc/arm-none-eabi/5.4.1/armv7e-m/fpu/crtbegin.o
LOAD /home/kajiala/.eclipse/org.eclipse.platform_4.7.0_1473617060_linux_gtk_x86_64/plugins/fr.ac6.mcu.externaltools.arm-none.linux64_1.13.1.201707031232/tools/compiler/bin/../lib/gcc/arm-none-eabi/5.4.1/../../../../arm-none-eabi/lib/armv7e-m/fpu/crt0.o
LOAD Drivers/STM32F4xx_HAL_Driver/Src/stm32f4xx_hal.o
LOAD Drivers/STM32F4xx_HAL_Driver/Src/stm32f4xx_hal_cortex.o
LOAD Drivers/STM32F4xx_HAL_Driver/Src/stm32f4xx_hal_dma.o
LOAD Drivers/STM32F4xx_HAL_Driver/Src/stm32f4xx_hal_dma_ex.o
LOAD Drivers/STM32F4xx_HAL_Driver/Src/stm32f4xx_hal_flash.o
LOAD Drivers/STM32F4xx_HAL_Driver/Src/stm32f4xx_hal_flash_ex.o
LOAD Drivers/STM32F4xx_HAL_Driver/Src/stm32f4xx_hal_flash_ramfunc.o
LOAD Drivers/STM32F4xx_HAL_Driver/Src/stm32f4xx_hal_gpio.o
LOAD Drivers/STM32F4xx_HAL_Driver/Src/stm32f4xx_hal_pcd.o
LOAD Drivers/STM32F4xx_HAL_Driver/Src/stm32f4xx_hal_pcd_ex.o
LOAD Drivers/STM32F4xx_HAL_Driver/Src/stm32f4xx_hal_pwr.o
LOAD Drivers/STM32F4xx_HAL_Driver/Src/stm32f4xx_hal_pwr_ex.o
LOAD Drivers/STM32F4xx_HAL_Driver/Src/stm32f4xx_hal_rcc.o
LOAD Drivers/STM32F4xx_HAL_Driver/Src/stm32f4xx_hal_rcc_ex.o
LOAD Drivers/STM32F4xx_HAL_Driver/Src/stm32f4xx_hal_tim.o
LOAD Drivers/STM32F4xx_HAL_Driver/Src/stm32f4xx_hal_tim_ex.o
LOAD Drivers/STM32F4xx_HAL_Driver/Src/stm32f4xx_ll_usb.o
LOAD Middlewares/ST/STM32_USB_Device_Library/Class/CDC/Src/usbd_cdc.o
LOAD Middlewares/ST/STM32_USB_Device_Library/Core/Src/usbd_core.o
LOAD Middlewares/ST/STM32_USB_Device_Library/Core/Src/usbd_ctlreq.o
LOAD Middlewares/ST/STM32_USB_Device_Library/Core/Src/usbd_ioreq.o
LOAD Src/main.o
LOAD Src/stm32f4xx_hal_msp.o
LOAD Src/stm32f4xx_it.o
LOAD Src/system_stm32f4xx.o
LOAD Src/usb_device.o
LOAD Src/usbd_cdc_if.o
LOAD Src/usbd_conf.o
LOAD Src/usbd_desc.o
LOAD startup/startup_stm32f405xx.o
LOAD /home/kajiala/.eclipse/org.eclipse.platform_4.7.0_1473617060_linux_gtk_x86_64/plugins/fr.ac6.mcu.externaltools.arm-none.linux64_1.13.1.201707031232/tools/compiler/bin/../lib/gcc/arm-none-eabi/5.4.1/../../../../arm-none-eabi/lib/armv7e-m/fpu/libm.a
START GROUP
LOAD /home/kajiala/.eclipse/org.eclipse.platform_4.7.0_1473617060_linux_gtk_x86_64/plugins/fr.ac6.mcu.externaltools.arm-none.linux64_1.13.1.201707031232/tools/compiler/bin/../lib/gcc/arm-none-eabi/5.4.1/armv7e-m/fpu/libgcc.a
LOAD /home/kajiala/.eclipse/org.eclipse.platform_4.7.0_1473617060_linux_gtk_x86_64/plugins/fr.ac6.mcu.externaltools.arm-none.linux64_1.13.1.201707031232/tools/compiler/bin/../lib/gcc/arm-none-eabi/5.4.1/../../../../arm-none-eabi/lib/armv7e-m/fpu/libc_nano.a
END GROUP
START GROUP
LOAD /home/kajiala/.eclipse/org.eclipse.platform_4.7.0_1473617060_linux_gtk_x86_64/plugins/fr.ac6.mcu.externaltools.arm-none.linux64_1.13.1.201707031232/tools/compiler/bin/../lib/gcc/arm-none-eabi/5.4.1/armv7e-m/fpu/libgcc.a
LOAD /home/kajiala/.eclipse/org.eclipse.platform_4.7.0_1473617060_linux_gtk_x86_64/plugins/fr.ac6.mcu.externaltools.arm-none.linux64_1.13.1.201707031232/tools/compiler/bin/../lib/gcc/arm-none-eabi/5.4.1/../../../../arm-none-eabi/lib/armv7e-m/fpu/libc_nano.a
LOAD /home/kajiala/.eclipse/org.eclipse.platform_4.7.0_1473617060_linux_gtk_x86_64/plugins/fr.ac6.mcu.externaltools.arm-none.linux64_1.13.1.201707031232/tools/compiler/bin/../lib/gcc/arm-none-eabi/5.4.1/../../../../arm-none-eabi/lib/armv7e-m/fpu/libnosys.a
END GROUP
START GROUP
LOAD /home/kajiala/.eclipse/org.eclipse.platform_4.7.0_1473617060_linux_gtk_x86_64/plugins/fr.ac6.mcu.externaltools.arm-none.linux64_1.13.1.201707031232/tools/compiler/bin/../lib/gcc/arm-none-eabi/5.4.1/armv7e-m/fpu/libgcc.a
LOAD /home/kajiala/.eclipse/org.eclipse.platform_4.7.0_1473617060_linux_gtk_x86_64/plugins/fr.ac6.mcu.externaltools.arm-none.linux64_1.13.1.201707031232/tools/compiler/bin/../lib/gcc/arm-none-eabi/5.4.1/../../../../arm-none-eabi/lib/armv7e-m/fpu/libc_nano.a
LOAD /home/kajiala/.eclipse/org.eclipse.platform_4.7.0_1473617060_linux_gtk_x86_64/plugins/fr.ac6.mcu.externaltools.arm-none.linux64_1.13.1.201707031232/tools/compiler/bin/../lib/gcc/arm-none-eabi/5.4.1/../../../../arm-none-eabi/lib/armv7e-m/fpu/libnosys.a
END GROUP
LOAD /home/kajiala/.eclipse/org.eclipse.platform_4.7.0_1473617060_linux_gtk_x86_64/plugins/fr.ac6.mcu.externaltools.arm-none.linux64_1.13.1.201707031232/tools/compiler/bin/../lib/gcc/arm-none-eabi/5.4.1/armv7e-m/fpu/crtend.o
LOAD /home/kajiala/.eclipse/org.eclipse.platform_4.7.0_1473617060_linux_gtk_x86_64/plugins/fr.ac6.mcu.externaltools.arm-none.linux64_1.13.1.201707031232/tools/compiler/bin/../lib/gcc/arm-none-eabi/5.4.1/armv7e-m/fpu/crtn.o
                0x20020000                _estack = 0x20020000
                0x00000200                _Min_Heap_Size = 0x200
                0x00000400                _Min_Stack_Size = 0x400

.isr_vector     0x08000000      0x188
                0x08000000                . = ALIGN (0x4)
 *(.isr_vector)
 .isr_vector    0x08000000      0x188 startup/startup_stm32f405xx.o
                0x08000000                g_pfnVectors
                0x08000188                . = ALIGN (0x4)

.text           0x08000188     0x3210
                0x08000188                . = ALIGN (0x4)
 *(.text)
 .text          0x08000188       0x5c /home/kajiala/.eclipse/org.eclipse.platform_4.7.0_1473617060_linux_gtk_x86_64/plugins/fr.ac6.mcu.externaltools.arm-none.linux64_1.13.1.201707031232/tools/compiler/bin/../lib/gcc/arm-none-eabi/5.4.1/armv7e-m/fpu/crtbegin.o
 .text          0x080001e4       0x10 /home/kajiala/.eclipse/org.eclipse.platform_4.7.0_1473617060_linux_gtk_x86_64/plugins/fr.ac6.mcu.externaltools.arm-none.linux64_1.13.1.201707031232/tools/compiler/bin/../lib/gcc/arm-none-eabi/5.4.1/../../../../arm-none-eabi/lib/armv7e-m/fpu/libc_nano.a(lib_a-strlen.o)
                0x080001e4                strlen
 *(.text*)
 .text.HAL_InitTick
                0x080001f4       0x2c Drivers/STM32F4xx_HAL_Driver/Src/stm32f4xx_hal.o
                0x080001f4                HAL_InitTick
 .text.HAL_Init
                0x08000220       0x34 Drivers/STM32F4xx_HAL_Driver/Src/stm32f4xx_hal.o
                0x08000220                HAL_Init
 .text.HAL_IncTick
                0x08000254       0x10 Drivers/STM32F4xx_HAL_Driver/Src/stm32f4xx_hal.o
                0x08000254                HAL_IncTick
 .text.HAL_GetTick
                0x08000264        0xc Drivers/STM32F4xx_HAL_Driver/Src/stm32f4xx_hal.o
                0x08000264                HAL_GetTick
 .text.HAL_Delay
                0x08000270       0x24 Drivers/STM32F4xx_HAL_Driver/Src/stm32f4xx_hal.o
                0x08000270                HAL_Delay
 .text.HAL_NVIC_SetPriorityGrouping
                0x08000294       0x24 Drivers/STM32F4xx_HAL_Driver/Src/stm32f4xx_hal_cortex.o
                0x08000294                HAL_NVIC_SetPriorityGrouping
 .text.HAL_NVIC_SetPriority
                0x080002b8       0x64 Drivers/STM32F4xx_HAL_Driver/Src/stm32f4xx_hal_cortex.o
                0x080002b8                HAL_NVIC_SetPriority
 .text.HAL_NVIC_EnableIRQ
                0x0800031c       0x18 Drivers/STM32F4xx_HAL_Driver/Src/stm32f4xx_hal_cortex.o
                0x0800031c                HAL_NVIC_EnableIRQ
 .text.HAL_SYSTICK_Config
                0x08000334       0x2c Drivers/STM32F4xx_HAL_Driver/Src/stm32f4xx_hal_cortex.o
                0x08000334                HAL_SYSTICK_Config
 .text.HAL_SYSTICK_CLKSourceConfig
                0x08000360       0x20 Drivers/STM32F4xx_HAL_Driver/Src/stm32f4xx_hal_cortex.o
                0x08000360                HAL_SYSTICK_CLKSourceConfig
 .text.HAL_SYSTICK_Callback
                0x08000380        0x4 Drivers/STM32F4xx_HAL_Driver/Src/stm32f4xx_hal_cortex.o
                0x08000380                HAL_SYSTICK_Callback
 .text.HAL_SYSTICK_IRQHandler
                0x08000384        0x8 Drivers/STM32F4xx_HAL_Driver/Src/stm32f4xx_hal_cortex.o
                0x08000384                HAL_SYSTICK_IRQHandler
 .text.HAL_GPIO_Init
                0x0800038c      0x1c0 Drivers/STM32F4xx_HAL_Driver/Src/stm32f4xx_hal_gpio.o
                0x0800038c                HAL_GPIO_Init
 .text.PCD_WriteEmptyTxFifo
                0x0800054c       0xb0 Drivers/STM32F4xx_HAL_Driver/Src/stm32f4xx_hal_pcd.o
 .text.HAL_PCD_Init
                0x080005fc       0xe4 Drivers/STM32F4xx_HAL_Driver/Src/stm32f4xx_hal_pcd.o
                0x080005fc                HAL_PCD_Init
 .text.HAL_PCD_Start
                0x080006e0       0x2c Drivers/STM32F4xx_HAL_Driver/Src/stm32f4xx_hal_pcd.o
                0x080006e0                HAL_PCD_Start
 .text.HAL_PCD_IRQHandler
                0x0800070c      0x57c Drivers/STM32F4xx_HAL_Driver/Src/stm32f4xx_hal_pcd.o
                0x0800070c                HAL_PCD_IRQHandler
 .text.HAL_PCD_SetAddress
                0x08000c88       0x24 Drivers/STM32F4xx_HAL_Driver/Src/stm32f4xx_hal_pcd.o
                0x08000c88                HAL_PCD_SetAddress
 .text.HAL_PCD_EP_Open
                0x08000cac       0x68 Drivers/STM32F4xx_HAL_Driver/Src/stm32f4xx_hal_pcd.o
                0x08000cac                HAL_PCD_EP_Open
 .text.HAL_PCD_EP_Close
                0x08000d14       0x58 Drivers/STM32F4xx_HAL_Driver/Src/stm32f4xx_hal_pcd.o
                0x08000d14                HAL_PCD_EP_Close
 .text.HAL_PCD_EP_Receive
                0x08000d6c       0x58 Drivers/STM32F4xx_HAL_Driver/Src/stm32f4xx_hal_pcd.o
                0x08000d6c                HAL_PCD_EP_Receive
 .text.HAL_PCD_EP_GetRxCount
                0x08000dc4       0x14 Drivers/STM32F4xx_HAL_Driver/Src/stm32f4xx_hal_pcd.o
                0x08000dc4                HAL_PCD_EP_GetRxCount
 .text.HAL_PCD_EP_Transmit
                0x08000dd8       0x50 Drivers/STM32F4xx_HAL_Driver/Src/stm32f4xx_hal_pcd.o
                0x08000dd8                HAL_PCD_EP_Transmit
 .text.HAL_PCD_EP_SetStall
                0x08000e28       0x64 Drivers/STM32F4xx_HAL_Driver/Src/stm32f4xx_hal_pcd.o
                0x08000e28                HAL_PCD_EP_SetStall
 .text.HAL_PCD_EP_ClrStall
                0x08000e8c       0x58 Drivers/STM32F4xx_HAL_Driver/Src/stm32f4xx_hal_pcd.o
                0x08000e8c                HAL_PCD_EP_ClrStall
 .text.HAL_PCDEx_SetTxFiFo
                0x08000ee4       0x48 Drivers/STM32F4xx_HAL_Driver/Src/stm32f4xx_hal_pcd_ex.o
                0x08000ee4                HAL_PCDEx_SetTxFiFo
 .text.HAL_PCDEx_SetRxFiFo
                0x08000f2c        0x8 Drivers/STM32F4xx_HAL_Driver/Src/stm32f4xx_hal_pcd_ex.o
                0x08000f2c                HAL_PCDEx_SetRxFiFo
 .text.HAL_RCC_OscConfig
                0x08000f34      0x3c8 Drivers/STM32F4xx_HAL_Driver/Src/stm32f4xx_hal_rcc.o
                0x08000f34                HAL_RCC_OscConfig
 .text.HAL_RCC_GetSysClockFreq
                0x080012fc       0xa4 Drivers/STM32F4xx_HAL_Driver/Src/stm32f4xx_hal_rcc.o
                0x080012fc                HAL_RCC_GetSysClockFreq
 .text.HAL_RCC_ClockConfig
                0x080013a0      0x1b0 Drivers/STM32F4xx_HAL_Driver/Src/stm32f4xx_hal_rcc.o
                0x080013a0                HAL_RCC_ClockConfig
 .text.HAL_RCC_GetHCLKFreq
                0x08001550        0xc Drivers/STM32F4xx_HAL_Driver/Src/stm32f4xx_hal_rcc.o
                0x08001550                HAL_RCC_GetHCLKFreq
 .text.USB_CoreInit
                0x0800155c       0x78 Drivers/STM32F4xx_HAL_Driver/Src/stm32f4xx_ll_usb.o
                0x0800155c                USB_CoreInit
 .text.USB_EnableGlobalInt
                0x080015d4        0xc Drivers/STM32F4xx_HAL_Driver/Src/stm32f4xx_ll_usb.o
                0x080015d4                USB_EnableGlobalInt
 .text.USB_DisableGlobalInt
                0x080015e0        0xc Drivers/STM32F4xx_HAL_Driver/Src/stm32f4xx_ll_usb.o
                0x080015e0                USB_DisableGlobalInt
 .text.USB_SetCurrentMode
                0x080015ec       0x2c Drivers/STM32F4xx_HAL_Driver/Src/stm32f4xx_ll_usb.o
                0x080015ec                USB_SetCurrentMode
 .text.USB_DevInit
                0x08001618      0x14c Drivers/STM32F4xx_HAL_Driver/Src/stm32f4xx_ll_usb.o
                0x08001618                USB_DevInit
 .text.USB_FlushTxFifo
                0x08001764       0x28 Drivers/STM32F4xx_HAL_Driver/Src/stm32f4xx_ll_usb.o
                0x08001764                USB_FlushTxFifo
 .text.USB_FlushRxFifo
                0x0800178c       0x24 Drivers/STM32F4xx_HAL_Driver/Src/stm32f4xx_ll_usb.o
                0x0800178c                USB_FlushRxFifo
 .text.USB_SetDevSpeed
                0x080017b0       0x10 Drivers/STM32F4xx_HAL_Driver/Src/stm32f4xx_ll_usb.o
                0x080017b0                USB_SetDevSpeed
 .text.USB_GetDevSpeed
                0x080017c0       0x40 Drivers/STM32F4xx_HAL_Driver/Src/stm32f4xx_ll_usb.o
                0x080017c0                USB_GetDevSpeed
 .text.USB_ActivateEndpoint
                0x08001800       0x98 Drivers/STM32F4xx_HAL_Driver/Src/stm32f4xx_ll_usb.o
                0x08001800                USB_ActivateEndpoint
 .text.USB_DeactivateEndpoint
                0x08001898       0xf4 Drivers/STM32F4xx_HAL_Driver/Src/stm32f4xx_ll_usb.o
                0x08001898                USB_DeactivateEndpoint
 .text.USB_EPStartXfer
                0x0800198c      0x258 Drivers/STM32F4xx_HAL_Driver/Src/stm32f4xx_ll_usb.o
                0x0800198c                USB_EPStartXfer
 .text.USB_EP0StartXfer
                0x08001be4      0x160 Drivers/STM32F4xx_HAL_Driver/Src/stm32f4xx_ll_usb.o
                0x08001be4                USB_EP0StartXfer
 .text.USB_WritePacket
                0x08001d44       0x2c Drivers/STM32F4xx_HAL_Driver/Src/stm32f4xx_ll_usb.o
                0x08001d44                USB_WritePacket
 .text.USB_ReadPacket
                0x08001d70       0x24 Drivers/STM32F4xx_HAL_Driver/Src/stm32f4xx_ll_usb.o
                0x08001d70                USB_ReadPacket
 .text.USB_EPSetStall
                0x08001d94       0x64 Drivers/STM32F4xx_HAL_Driver/Src/stm32f4xx_ll_usb.o
                0x08001d94                USB_EPSetStall
 .text.USB_EPClearStall
                0x08001df8       0x68 Drivers/STM32F4xx_HAL_Driver/Src/stm32f4xx_ll_usb.o
                0x08001df8                USB_EPClearStall
 .text.USB_SetDevAddress
                0x08001e60       0x20 Drivers/STM32F4xx_HAL_Driver/Src/stm32f4xx_ll_usb.o
                0x08001e60                USB_SetDevAddress
 .text.USB_DevConnect
                0x08001e80       0x18 Drivers/STM32F4xx_HAL_Driver/Src/stm32f4xx_ll_usb.o
                0x08001e80                USB_DevConnect
 .text.USB_DevDisconnect
                0x08001e98       0x18 Drivers/STM32F4xx_HAL_Driver/Src/stm32f4xx_ll_usb.o
                0x08001e98                USB_DevDisconnect
 .text.USB_ReadInterrupts
                0x08001eb0        0x8 Drivers/STM32F4xx_HAL_Driver/Src/stm32f4xx_ll_usb.o
                0x08001eb0                USB_ReadInterrupts
 .text.USB_ReadDevAllOutEpInterrupt
                0x08001eb8       0x10 Drivers/STM32F4xx_HAL_Driver/Src/stm32f4xx_ll_usb.o
                0x08001eb8                USB_ReadDevAllOutEpInterrupt
 .text.USB_ReadDevAllInEpInterrupt
                0x08001ec8       0x10 Drivers/STM32F4xx_HAL_Driver/Src/stm32f4xx_ll_usb.o
                0x08001ec8                USB_ReadDevAllInEpInterrupt
 .text.USB_ReadDevOutEPInterrupt
                0x08001ed8       0x14 Drivers/STM32F4xx_HAL_Driver/Src/stm32f4xx_ll_usb.o
                0x08001ed8                USB_ReadDevOutEPInterrupt
 .text.USB_ReadDevInEPInterrupt
                0x08001eec       0x24 Drivers/STM32F4xx_HAL_Driver/Src/stm32f4xx_ll_usb.o
                0x08001eec                USB_ReadDevInEPInterrupt
 .text.USB_GetMode
                0x08001f10        0x8 Drivers/STM32F4xx_HAL_Driver/Src/stm32f4xx_ll_usb.o
                0x08001f10                USB_GetMode
 .text.USB_ActivateSetup
                0x08001f18       0x38 Drivers/STM32F4xx_HAL_Driver/Src/stm32f4xx_ll_usb.o
                0x08001f18                USB_ActivateSetup
 .text.USB_EP0_OutStart
                0x08001f50       0x44 Drivers/STM32F4xx_HAL_Driver/Src/stm32f4xx_ll_usb.o
                0x08001f50                USB_EP0_OutStart
 .text.USB_CoreReset
                0x08001f94       0x3c Drivers/STM32F4xx_HAL_Driver/Src/stm32f4xx_ll_usb.o
 .text.USBD_CDC_DataIn
                0x08001fd0       0x14 Middlewares/ST/STM32_USB_Device_Library/Class/CDC/Src/usbd_cdc.o
 .text.USBD_CDC_EP0_RxReady
                0x08001fe4       0x28 Middlewares/ST/STM32_USB_Device_Library/Class/CDC/Src/usbd_cdc.o
 .text.USBD_CDC_GetFSCfgDesc
                0x0800200c        0xc Middlewares/ST/STM32_USB_Device_Library/Class/CDC/Src/usbd_cdc.o
 .text.USBD_CDC_GetHSCfgDesc
                0x08002018        0xc Middlewares/ST/STM32_USB_Device_Library/Class/CDC/Src/usbd_cdc.o
 .text.USBD_CDC_GetOtherSpeedCfgDesc
                0x08002024        0xc Middlewares/ST/STM32_USB_Device_Library/Class/CDC/Src/usbd_cdc.o
 .text.USBD_CDC_GetDeviceQualifierDescriptor
                0x08002030        0xc Middlewares/ST/STM32_USB_Device_Library/Class/CDC/Src/usbd_cdc.o
                0x08002030                USBD_CDC_GetDeviceQualifierDescriptor
 .text.USBD_CDC_DataOut
                0x0800203c       0x30 Middlewares/ST/STM32_USB_Device_Library/Class/CDC/Src/usbd_cdc.o
 .text.USBD_CDC_Setup
                0x0800206c       0x74 Middlewares/ST/STM32_USB_Device_Library/Class/CDC/Src/usbd_cdc.o
 .text.USBD_CDC_DeInit
                0x080020e0       0x3c Middlewares/ST/STM32_USB_Device_Library/Class/CDC/Src/usbd_cdc.o
 .text.USBD_CDC_Init
                0x0800211c       0x98 Middlewares/ST/STM32_USB_Device_Library/Class/CDC/Src/usbd_cdc.o
 .text.USBD_CDC_RegisterInterface
                0x080021b4       0x10 Middlewares/ST/STM32_USB_Device_Library/Class/CDC/Src/usbd_cdc.o
                0x080021b4                USBD_CDC_RegisterInterface
 .text.USBD_CDC_SetTxBuffer
                0x080021c4       0x10 Middlewares/ST/STM32_USB_Device_Library/Class/CDC/Src/usbd_cdc.o
                0x080021c4                USBD_CDC_SetTxBuffer
 .text.USBD_CDC_SetRxBuffer
                0x080021d4        0xc Middlewares/ST/STM32_USB_Device_Library/Class/CDC/Src/usbd_cdc.o
                0x080021d4                USBD_CDC_SetRxBuffer
 .text.USBD_CDC_TransmitPacket
                0x080021e0       0x30 Middlewares/ST/STM32_USB_Device_Library/Class/CDC/Src/usbd_cdc.o
                0x080021e0                USBD_CDC_TransmitPacket
 .text.USBD_CDC_ReceivePacket
                0x08002210       0x34 Middlewares/ST/STM32_USB_Device_Library/Class/CDC/Src/usbd_cdc.o
                0x08002210                USBD_CDC_ReceivePacket
 .text.USBD_Init
                0x08002244       0x30 Middlewares/ST/STM32_USB_Device_Library/Core/Src/usbd_core.o
                0x08002244                USBD_Init
 .text.USBD_RegisterClass
                0x08002274       0x10 Middlewares/ST/STM32_USB_Device_Library/Core/Src/usbd_core.o
                0x08002274                USBD_RegisterClass
 .text.USBD_Start
                0x08002284        0xc Middlewares/ST/STM32_USB_Device_Library/Core/Src/usbd_core.o
                0x08002284                USBD_Start
 .text.USBD_SetClassConfig
                0x08002290       0x1c Middlewares/ST/STM32_USB_Device_Library/Core/Src/usbd_core.o
                0x08002290                USBD_SetClassConfig
 .text.USBD_ClrClassConfig
                0x080022ac       0x10 Middlewares/ST/STM32_USB_Device_Library/Core/Src/usbd_core.o
                0x080022ac                USBD_ClrClassConfig
 .text.USBD_LL_SetupStage
                0x080022bc       0x5c Middlewares/ST/STM32_USB_Device_Library/Core/Src/usbd_core.o
                0x080022bc                USBD_LL_SetupStage
 .text.USBD_LL_DataOutStage
                0x08002318       0x68 Middlewares/ST/STM32_USB_Device_Library/Core/Src/usbd_core.o
                0x08002318                USBD_LL_DataOutStage
 .text.USBD_LL_DataInStage
                0x08002380       0xac Middlewares/ST/STM32_USB_Device_Library/Core/Src/usbd_core.o
                0x08002380                USBD_LL_DataInStage
 .text.USBD_LL_Reset
                0x0800242c       0x40 Middlewares/ST/STM32_USB_Device_Library/Core/Src/usbd_core.o
                0x0800242c                USBD_LL_Reset
 .text.USBD_LL_SetSpeed
                0x0800246c        0x8 Middlewares/ST/STM32_USB_Device_Library/Core/Src/usbd_core.o
                0x0800246c                USBD_LL_SetSpeed
 .text.USBD_LL_Suspend
                0x08002474       0x14 Middlewares/ST/STM32_USB_Device_Library/Core/Src/usbd_core.o
                0x08002474                USBD_LL_Suspend
 .text.USBD_LL_Resume
                0x08002488        0xc Middlewares/ST/STM32_USB_Device_Library/Core/Src/usbd_core.o
                0x08002488                USBD_LL_Resume
 .text.USBD_LL_SOF
                0x08002494       0x18 Middlewares/ST/STM32_USB_Device_Library/Core/Src/usbd_core.o
                0x08002494                USBD_LL_SOF
 .text.USBD_LL_IsoINIncomplete
                0x080024ac        0x4 Middlewares/ST/STM32_USB_Device_Library/Core/Src/usbd_core.o
                0x080024ac                USBD_LL_IsoINIncomplete
 .text.USBD_LL_IsoOUTIncomplete
                0x080024b0        0x4 Middlewares/ST/STM32_USB_Device_Library/Core/Src/usbd_core.o
                0x080024b0                USBD_LL_IsoOUTIncomplete
 .text.USBD_LL_DevConnected
                0x080024b4        0x4 Middlewares/ST/STM32_USB_Device_Library/Core/Src/usbd_core.o
                0x080024b4                USBD_LL_DevConnected
 .text.USBD_LL_DevDisconnected
                0x080024b8       0x18 Middlewares/ST/STM32_USB_Device_Library/Core/Src/usbd_core.o
                0x080024b8                USBD_LL_DevDisconnected
 .text.USBD_GetLen
                0x080024d0       0x14 Middlewares/ST/STM32_USB_Device_Library/Core/Src/usbd_ctlreq.o
 .text.USBD_SetFeature
                0x080024e4       0x20 Middlewares/ST/STM32_USB_Device_Library/Core/Src/usbd_ctlreq.o
 .text.USBD_ParseSetupRequest
                0x08002504       0x28 Middlewares/ST/STM32_USB_Device_Library/Core/Src/usbd_ctlreq.o
                0x08002504                USBD_ParseSetupRequest
 .text.USBD_CtlError
                0x0800252c       0x14 Middlewares/ST/STM32_USB_Device_Library/Core/Src/usbd_ctlreq.o
                0x0800252c                USBD_CtlError
 .text.USBD_GetDescriptor
                0x08002540      0x130 Middlewares/ST/STM32_USB_Device_Library/Core/Src/usbd_ctlreq.o
 .text.USBD_SetAddress
                0x08002670       0x4c Middlewares/ST/STM32_USB_Device_Library/Core/Src/usbd_ctlreq.o
 .text.USBD_SetConfig
                0x080026bc       0xa8 Middlewares/ST/STM32_USB_Device_Library/Core/Src/usbd_ctlreq.o
 .text.USBD_GetConfig
                0x08002764       0x3c Middlewares/ST/STM32_USB_Device_Library/Core/Src/usbd_ctlreq.o
 .text.USBD_GetStatus
                0x080027a0       0x2c Middlewares/ST/STM32_USB_Device_Library/Core/Src/usbd_ctlreq.o
 .text.USBD_ClrFeature
                0x080027cc       0x30 Middlewares/ST/STM32_USB_Device_Library/Core/Src/usbd_ctlreq.o
 .text.USBD_StdDevReq
                0x080027fc       0x48 Middlewares/ST/STM32_USB_Device_Library/Core/Src/usbd_ctlreq.o
                0x080027fc                USBD_StdDevReq
 .text.USBD_StdItfReq
                0x08002844       0x38 Middlewares/ST/STM32_USB_Device_Library/Core/Src/usbd_ctlreq.o
                0x08002844                USBD_StdItfReq
 .text.USBD_StdEPReq
                0x0800287c      0x11c Middlewares/ST/STM32_USB_Device_Library/Core/Src/usbd_ctlreq.o
                0x0800287c                USBD_StdEPReq
 .text.USBD_GetString
                0x08002998       0x3c Middlewares/ST/STM32_USB_Device_Library/Core/Src/usbd_ctlreq.o
                0x08002998                USBD_GetString
 .text.USBD_CtlSendData
                0x080029d4       0x1c Middlewares/ST/STM32_USB_Device_Library/Core/Src/usbd_ioreq.o
                0x080029d4                USBD_CtlSendData
 .text.USBD_CtlContinueSendData
                0x080029f0       0x10 Middlewares/ST/STM32_USB_Device_Library/Core/Src/usbd_ioreq.o
                0x080029f0                USBD_CtlContinueSendData
 .text.USBD_CtlPrepareRx
                0x08002a00       0x20 Middlewares/ST/STM32_USB_Device_Library/Core/Src/usbd_ioreq.o
                0x08002a00                USBD_CtlPrepareRx
 .text.USBD_CtlContinueRx
                0x08002a20       0x10 Middlewares/ST/STM32_USB_Device_Library/Core/Src/usbd_ioreq.o
                0x08002a20                USBD_CtlContinueRx
 .text.USBD_CtlSendStatus
                0x08002a30       0x18 Middlewares/ST/STM32_USB_Device_Library/Core/Src/usbd_ioreq.o
                0x08002a30                USBD_CtlSendStatus
 .text.USBD_CtlReceiveStatus
                0x08002a48       0x18 Middlewares/ST/STM32_USB_Device_Library/Core/Src/usbd_ioreq.o
                0x08002a48                USBD_CtlReceiveStatus
 .text._Error_Handler
                0x08002a60        0x4 Src/main.o
                0x08002a60                _Error_Handler
 .text.SystemClock_Config
                0x08002a64       0xc4 Src/main.o
                0x08002a64                SystemClock_Config
 .text.main     0x08002b28       0x28 Src/main.o
                0x08002b28                main
 .text.HAL_GPIO_MspInit
                0x08002b50       0x38 Src/stm32f4xx_hal_msp.o
                0x08002b50                HAL_GPIO_MspInit
 .text.HAL_USB_DEV_MspInit
                0x08002b88        0x8 Src/stm32f4xx_hal_msp.o
                0x08002b88                HAL_USB_DEV_MspInit
 .text.HAL_MspInit
                0x08002b90       0x68 Src/stm32f4xx_hal_msp.o
                0x08002b90                HAL_MspInit
 .text.NMI_Handler
                0x08002bf8        0x4 Src/stm32f4xx_it.o
                0x08002bf8                NMI_Handler
 .text.HardFault_Handler
                0x08002bfc        0x4 Src/stm32f4xx_it.o
                0x08002bfc                HardFault_Handler
 .text.MemManage_Handler
                0x08002c00        0x4 Src/stm32f4xx_it.o
                0x08002c00                MemManage_Handler
 .text.BusFault_Handler
                0x08002c04        0x4 Src/stm32f4xx_it.o
                0x08002c04                BusFault_Handler
 .text.UsageFault_Handler
                0x08002c08        0x4 Src/stm32f4xx_it.o
                0x08002c08                UsageFault_Handler
 .text.SVC_Handler
                0x08002c0c        0x4 Src/stm32f4xx_it.o
                0x08002c0c                SVC_Handler
 .text.DebugMon_Handler
                0x08002c10        0x4 Src/stm32f4xx_it.o
                0x08002c10                DebugMon_Handler
 .text.PendSV_Handler
                0x08002c14        0x4 Src/stm32f4xx_it.o
                0x08002c14                PendSV_Handler
 .text.SysTick_Handler
                0x08002c18        0xc Src/stm32f4xx_it.o
                0x08002c18                SysTick_Handler
 .text.OTG_FS_IRQHandler
                0x08002c24       0x10 Src/stm32f4xx_it.o
                0x08002c24                OTG_FS_IRQHandler
 .text.SystemInit
                0x08002c34       0x4c Src/system_stm32f4xx.o
                0x08002c34                SystemInit
 .text.MX_USB_DEVICE_Init
                0x08002c80       0x38 Src/usb_device.o
                0x08002c80                MX_USB_DEVICE_Init
 .text.CDC_DeInit_FS
                0x08002cb8        0x4 Src/usbd_cdc_if.o
 .text.CDC_Control_FS
                0x08002cbc        0x4 Src/usbd_cdc_if.o
 .text.CDC_Receive_FS
                0x08002cc0       0x34 Src/usbd_cdc_if.o
 .text.CDC_Init_FS
                0x08002cf4       0x28 Src/usbd_cdc_if.o
 .text.CDC_Transmit_FS
                0x08002d1c       0x3c Src/usbd_cdc_if.o
                0x08002d1c                CDC_Transmit_FS
 .text.HAL_PCD_MspInit
                0x08002d58       0x68 Src/usbd_conf.o
                0x08002d58                HAL_PCD_MspInit
 .text.HAL_PCD_SetupStageCallback
                0x08002dc0       0x10 Src/usbd_conf.o
                0x08002dc0                HAL_PCD_SetupStageCallback
 .text.HAL_PCD_DataOutStageCallback
                0x08002dd0       0x18 Src/usbd_conf.o
                0x08002dd0                HAL_PCD_DataOutStageCallback
 .text.HAL_PCD_DataInStageCallback
                0x08002de8       0x18 Src/usbd_conf.o
                0x08002de8                HAL_PCD_DataInStageCallback
 .text.HAL_PCD_SOFCallback
                0x08002e00        0xc Src/usbd_conf.o
                0x08002e00                HAL_PCD_SOFCallback
 .text.HAL_PCD_ResetCallback
                0x08002e0c       0x20 Src/usbd_conf.o
                0x08002e0c                HAL_PCD_ResetCallback
 .text.HAL_PCD_SuspendCallback
                0x08002e2c       0x30 Src/usbd_conf.o
                0x08002e2c                HAL_PCD_SuspendCallback
 .text.HAL_PCD_ResumeCallback
                0x08002e5c        0xc Src/usbd_conf.o
                0x08002e5c                HAL_PCD_ResumeCallback
 .text.HAL_PCD_ISOOUTIncompleteCallback
                0x08002e68        0xc Src/usbd_conf.o
                0x08002e68                HAL_PCD_ISOOUTIncompleteCallback
 .text.HAL_PCD_ISOINIncompleteCallback
                0x08002e74        0xc Src/usbd_conf.o
                0x08002e74                HAL_PCD_ISOINIncompleteCallback
 .text.HAL_PCD_ConnectCallback
                0x08002e80        0xc Src/usbd_conf.o
                0x08002e80                HAL_PCD_ConnectCallback
 .text.HAL_PCD_DisconnectCallback
                0x08002e8c        0xc Src/usbd_conf.o
                0x08002e8c                HAL_PCD_DisconnectCallback
 .text.USBD_LL_Init
                0x08002e98       0x74 Src/usbd_conf.o
                0x08002e98                USBD_LL_Init
 .text.USBD_LL_Start
                0x08002f0c       0x20 Src/usbd_conf.o
                0x08002f0c                USBD_LL_Start
 .text.USBD_LL_OpenEP
                0x08002f2c       0x24 Src/usbd_conf.o
                0x08002f2c                USBD_LL_OpenEP
 .text.USBD_LL_CloseEP
                0x08002f50       0x20 Src/usbd_conf.o
                0x08002f50                USBD_LL_CloseEP
 .text.USBD_LL_StallEP
                0x08002f70       0x20 Src/usbd_conf.o
                0x08002f70                USBD_LL_StallEP
 .text.USBD_LL_ClearStallEP
                0x08002f90       0x20 Src/usbd_conf.o
                0x08002f90                USBD_LL_ClearStallEP
 .text.USBD_LL_IsStallEP
                0x08002fb0       0x30 Src/usbd_conf.o
                0x08002fb0                USBD_LL_IsStallEP
 .text.USBD_LL_SetUSBAddress
                0x08002fe0       0x20 Src/usbd_conf.o
                0x08002fe0                USBD_LL_SetUSBAddress
 .text.USBD_LL_Transmit
                0x08003000       0x20 Src/usbd_conf.o
                0x08003000                USBD_LL_Transmit
 .text.USBD_LL_PrepareReceive
                0x08003020       0x20 Src/usbd_conf.o
                0x08003020                USBD_LL_PrepareReceive
 .text.USBD_LL_GetRxDataSize
                0x08003040        0xc Src/usbd_conf.o
                0x08003040                USBD_LL_GetRxDataSize
 .text.USBD_FS_DeviceDescriptor
                0x0800304c        0xc Src/usbd_desc.o
                0x0800304c                USBD_FS_DeviceDescriptor
 .text.USBD_FS_LangIDStrDescriptor
                0x08003058        0xc Src/usbd_desc.o
                0x08003058                USBD_FS_LangIDStrDescriptor
 .text.USBD_FS_ProductStrDescriptor
                0x08003064       0x24 Src/usbd_desc.o
                0x08003064                USBD_FS_ProductStrDescriptor
 .text.USBD_FS_ManufacturerStrDescriptor
                0x08003088       0x1c Src/usbd_desc.o
                0x08003088                USBD_FS_ManufacturerStrDescriptor
 .text.USBD_FS_SerialStrDescriptor
                0x080030a4       0x24 Src/usbd_desc.o
                0x080030a4                USBD_FS_SerialStrDescriptor
 .text.USBD_FS_ConfigStrDescriptor
                0x080030c8       0x24 Src/usbd_desc.o
                0x080030c8                USBD_FS_ConfigStrDescriptor
 .text.USBD_FS_InterfaceStrDescriptor
                0x080030ec       0x24 Src/usbd_desc.o
                0x080030ec                USBD_FS_InterfaceStrDescriptor
 .text.Reset_Handler
                0x08003110       0x50 startup/startup_stm32f405xx.o
                0x08003110                Reset_Handler
 .text.Default_Handler
                0x08003160        0x2 startup/startup_stm32f405xx.o
                0x08003160                RTC_Alarm_IRQHandler
                0x08003160                HASH_RNG_IRQHandler
                0x08003160                EXTI2_IRQHandler
                0x08003160                TIM8_CC_IRQHandler
                0x08003160                TIM1_CC_IRQHandler
                0x08003160                DMA2_Stream5_IRQHandler
                0x08003160                DMA1_Stream5_IRQHandler
                0x08003160                PVD_IRQHandler
                0x08003160                SDIO_IRQHandler
                0x08003160                TAMP_STAMP_IRQHandler
                0x08003160                CAN2_RX1_IRQHandler
                0x08003160                EXTI3_IRQHandler
                0x08003160                TIM8_TRG_COM_TIM14_IRQHandler
                0x08003160                TIM1_UP_TIM10_IRQHandler
                0x08003160                TIM8_UP_TIM13_IRQHandler
                0x08003160                I2C3_ER_IRQHandler
                0x08003160                EXTI0_IRQHandler
                0x08003160                I2C2_EV_IRQHandler
                0x08003160                DMA1_Stream2_IRQHandler
                0x08003160                CAN1_RX0_IRQHandler
                0x08003160                FPU_IRQHandler
                0x08003160                OTG_HS_WKUP_IRQHandler
                0x08003160                CAN2_SCE_IRQHandler
                0x08003160                DMA2_Stream2_IRQHandler
                0x08003160                SPI1_IRQHandler
                0x08003160                TIM6_DAC_IRQHandler
                0x08003160                TIM1_BRK_TIM9_IRQHandler
                0x08003160                CAN2_RX0_IRQHandler
                0x08003160                DMA2_Stream3_IRQHandler
                0x08003160                USART6_IRQHandler
                0x08003160                USART3_IRQHandler
                0x08003160                CAN1_RX1_IRQHandler
                0x08003160                UART5_IRQHandler
                0x08003160                DMA2_Stream0_IRQHandler
                0x08003160                TIM4_IRQHandler
                0x08003160                I2C1_EV_IRQHandler
                0x08003160                DMA1_Stream6_IRQHandler
                0x08003160                DMA1_Stream1_IRQHandler
                0x08003160                UART4_IRQHandler
                0x08003160                TIM3_IRQHandler
                0x08003160                RCC_IRQHandler
                0x08003160                TIM8_BRK_TIM12_IRQHandler
                0x08003160                Default_Handler
                0x08003160                EXTI15_10_IRQHandler
                0x08003160                ADC_IRQHandler
                0x08003160                DMA1_Stream7_IRQHandler
                0x08003160                TIM7_IRQHandler
                0x08003160                CAN2_TX_IRQHandler
                0x08003160                TIM5_IRQHandler
                0x08003160                DMA2_Stream7_IRQHandler
                0x08003160                I2C3_EV_IRQHandler
                0x08003160                EXTI9_5_IRQHandler
                0x08003160                RTC_WKUP_IRQHandler
                0x08003160                SPI2_IRQHandler
                0x08003160                OTG_HS_EP1_IN_IRQHandler
                0x08003160                DMA1_Stream0_IRQHandler
                0x08003160                CAN1_TX_IRQHandler
                0x08003160                EXTI4_IRQHandler
                0x08003160                FSMC_IRQHandler
                0x08003160                OTG_HS_EP1_OUT_IRQHandler
                0x08003160                WWDG_IRQHandler
                0x08003160                TIM2_IRQHandler
                0x08003160                OTG_FS_WKUP_IRQHandler
                0x08003160                TIM1_TRG_COM_TIM11_IRQHandler
                0x08003160                OTG_HS_IRQHandler
                0x08003160                EXTI1_IRQHandler
                0x08003160                USART2_IRQHandler
                0x08003160                I2C2_ER_IRQHandler
                0x08003160                DMA2_Stream1_IRQHandler
                0x08003160                CAN1_SCE_IRQHandler
                0x08003160                FLASH_IRQHandler
                0x08003160                DMA2_Stream4_IRQHandler
                0x08003160                USART1_IRQHandler
                0x08003160                SPI3_IRQHandler
                0x08003160                DMA1_Stream4_IRQHandler
                0x08003160                I2C1_ER_IRQHandler
                0x08003160                DMA2_Stream6_IRQHandler
                0x08003160                DMA1_Stream3_IRQHandler
 *fill*         0x08003162        0x2 
 .text.__libc_init_array
                0x08003164       0x4c /home/kajiala/.eclipse/org.eclipse.platform_4.7.0_1473617060_linux_gtk_x86_64/plugins/fr.ac6.mcu.externaltools.arm-none.linux64_1.13.1.201707031232/tools/compiler/bin/../lib/gcc/arm-none-eabi/5.4.1/../../../../arm-none-eabi/lib/armv7e-m/fpu/libc_nano.a(lib_a-init.o)
                0x08003164                __libc_init_array
 .text.malloc   0x080031b0       0x10 /home/kajiala/.eclipse/org.eclipse.platform_4.7.0_1473617060_linux_gtk_x86_64/plugins/fr.ac6.mcu.externaltools.arm-none.linux64_1.13.1.201707031232/tools/compiler/bin/../lib/gcc/arm-none-eabi/5.4.1/../../../../arm-none-eabi/lib/armv7e-m/fpu/libc_nano.a(lib_a-malloc.o)
                0x080031b0                malloc
 .text.free     0x080031c0       0x10 /home/kajiala/.eclipse/org.eclipse.platform_4.7.0_1473617060_linux_gtk_x86_64/plugins/fr.ac6.mcu.externaltools.arm-none.linux64_1.13.1.201707031232/tools/compiler/bin/../lib/gcc/arm-none-eabi/5.4.1/../../../../arm-none-eabi/lib/armv7e-m/fpu/libc_nano.a(lib_a-malloc.o)
                0x080031c0                free
 .text.memcpy   0x080031d0       0x16 /home/kajiala/.eclipse/org.eclipse.platform_4.7.0_1473617060_linux_gtk_x86_64/plugins/fr.ac6.mcu.externaltools.arm-none.linux64_1.13.1.201707031232/tools/compiler/bin/../lib/gcc/arm-none-eabi/5.4.1/../../../../arm-none-eabi/lib/armv7e-m/fpu/libc_nano.a(lib_a-memcpy-stub.o)
                0x080031d0                memcpy
 *fill*         0x080031e6        0x2 
 .text._free_r  0x080031e8       0x9c /home/kajiala/.eclipse/org.eclipse.platform_4.7.0_1473617060_linux_gtk_x86_64/plugins/fr.ac6.mcu.externaltools.arm-none.linux64_1.13.1.201707031232/tools/compiler/bin/../lib/gcc/arm-none-eabi/5.4.1/../../../../arm-none-eabi/lib/armv7e-m/fpu/libc_nano.a(lib_a-nano-freer.o)
                0x080031e8                _free_r
 .text._malloc_r
                0x08003284       0xbc /home/kajiala/.eclipse/org.eclipse.platform_4.7.0_1473617060_linux_gtk_x86_64/plugins/fr.ac6.mcu.externaltools.arm-none.linux64_1.13.1.201707031232/tools/compiler/bin/../lib/gcc/arm-none-eabi/5.4.1/../../../../arm-none-eabi/lib/armv7e-m/fpu/libc_nano.a(lib_a-nano-mallocr.o)
                0x08003284                _malloc_r
 .text._sbrk_r  0x08003340       0x20 /home/kajiala/.eclipse/org.eclipse.platform_4.7.0_1473617060_linux_gtk_x86_64/plugins/fr.ac6.mcu.externaltools.arm-none.linux64_1.13.1.201707031232/tools/compiler/bin/../lib/gcc/arm-none-eabi/5.4.1/../../../../arm-none-eabi/lib/armv7e-m/fpu/libc_nano.a(lib_a-sbrkr.o)
                0x08003340                _sbrk_r
 .text.__malloc_lock
                0x08003360        0x2 /home/kajiala/.eclipse/org.eclipse.platform_4.7.0_1473617060_linux_gtk_x86_64/plugins/fr.ac6.mcu.externaltools.arm-none.linux64_1.13.1.201707031232/tools/compiler/bin/../lib/gcc/arm-none-eabi/5.4.1/../../../../arm-none-eabi/lib/armv7e-m/fpu/libc_nano.a(lib_a-mlock.o)
                0x08003360                __malloc_lock
 .text.__malloc_unlock
                0x08003362        0x2 /home/kajiala/.eclipse/org.eclipse.platform_4.7.0_1473617060_linux_gtk_x86_64/plugins/fr.ac6.mcu.externaltools.arm-none.linux64_1.13.1.201707031232/tools/compiler/bin/../lib/gcc/arm-none-eabi/5.4.1/../../../../arm-none-eabi/lib/armv7e-m/fpu/libc_nano.a(lib_a-mlock.o)
                0x08003362                __malloc_unlock
 .text._sbrk    0x08003364       0x1c /home/kajiala/.eclipse/org.eclipse.platform_4.7.0_1473617060_linux_gtk_x86_64/plugins/fr.ac6.mcu.externaltools.arm-none.linux64_1.13.1.201707031232/tools/compiler/bin/../lib/gcc/arm-none-eabi/5.4.1/../../../../arm-none-eabi/lib/armv7e-m/fpu/libnosys.a(sbrk.o)
                0x08003364                _sbrk
 *(.glue_7)
 .glue_7        0x08003380        0x0 linker stubs
 *(.glue_7t)
 .glue_7t       0x08003380        0x0 linker stubs
 *(.eh_frame)
 .eh_frame      0x08003380        0x0 /home/kajiala/.eclipse/org.eclipse.platform_4.7.0_1473617060_linux_gtk_x86_64/plugins/fr.ac6.mcu.externaltools.arm-none.linux64_1.13.1.201707031232/tools/compiler/bin/../lib/gcc/arm-none-eabi/5.4.1/armv7e-m/fpu/crtbegin.o
 *(.init)
 .init          0x08003380        0x4 /home/kajiala/.eclipse/org.eclipse.platform_4.7.0_1473617060_linux_gtk_x86_64/plugins/fr.ac6.mcu.externaltools.arm-none.linux64_1.13.1.201707031232/tools/compiler/bin/../lib/gcc/arm-none-eabi/5.4.1/armv7e-m/fpu/crti.o
                0x08003380                _init
 .init          0x08003384        0x8 /home/kajiala/.eclipse/org.eclipse.platform_4.7.0_1473617060_linux_gtk_x86_64/plugins/fr.ac6.mcu.externaltools.arm-none.linux64_1.13.1.201707031232/tools/compiler/bin/../lib/gcc/arm-none-eabi/5.4.1/armv7e-m/fpu/crtn.o
 *(.fini)
 .fini          0x0800338c        0x4 /home/kajiala/.eclipse/org.eclipse.platform_4.7.0_1473617060_linux_gtk_x86_64/plugins/fr.ac6.mcu.externaltools.arm-none.linux64_1.13.1.201707031232/tools/compiler/bin/../lib/gcc/arm-none-eabi/5.4.1/armv7e-m/fpu/crti.o
                0x0800338c                _fini
 .fini          0x08003390        0x8 /home/kajiala/.eclipse/org.eclipse.platform_4.7.0_1473617060_linux_gtk_x86_64/plugins/fr.ac6.mcu.externaltools.arm-none.linux64_1.13.1.201707031232/tools/compiler/bin/../lib/gcc/arm-none-eabi/5.4.1/armv7e-m/fpu/crtn.o
                0x08003398                . = ALIGN (0x4)
                0x08003398                _etext = .

.vfp11_veneer   0x08003398        0x0
 .vfp11_veneer  0x08003398        0x0 linker stubs

.v4_bx          0x08003398        0x0
 .v4_bx         0x08003398        0x0 linker stubs

.iplt           0x08003398        0x0
 .iplt          0x08003398        0x0 /home/kajiala/.eclipse/org.eclipse.platform_4.7.0_1473617060_linux_gtk_x86_64/plugins/fr.ac6.mcu.externaltools.arm-none.linux64_1.13.1.201707031232/tools/compiler/bin/../lib/gcc/arm-none-eabi/5.4.1/armv7e-m/fpu/crtbegin.o

.rodata         0x08003398       0x94
                0x08003398                . = ALIGN (0x4)
 *(.rodata)
 .rodata        0x08003398       0x18 Src/system_stm32f4xx.o
                0x08003398                AHBPrescTable
                0x080033a8                APBPrescTable
 *(.rodata*)
 .rodata.str1.4
                0x080033b0        0xe Src/main.o
 *fill*         0x080033be        0x2 
 .rodata.str1.4
                0x080033c0       0x13 Src/usbd_conf.o
 *fill*         0x080033d3        0x1 
 .rodata.str1.4
                0x080033d4       0x58 Src/usbd_desc.o
                                 0x56 (size before relaxing)
                0x0800342c                . = ALIGN (0x4)

.rel.dyn        0x0800342c        0x0
 .rel.iplt      0x0800342c        0x0 /home/kajiala/.eclipse/org.eclipse.platform_4.7.0_1473617060_linux_gtk_x86_64/plugins/fr.ac6.mcu.externaltools.arm-none.linux64_1.13.1.201707031232/tools/compiler/bin/../lib/gcc/arm-none-eabi/5.4.1/armv7e-m/fpu/crtbegin.o

.ARM.extab
 *(.ARM.extab* .gnu.linkonce.armextab.*)

.ARM            0x0800342c        0x0
                0x0800342c                __exidx_start = .
 *(.ARM.exidx*)
                0x0800342c                __exidx_end = .

.preinit_array  0x0800342c        0x0
                0x0800342c                PROVIDE (__preinit_array_start, .)
 *(.preinit_array*)
                0x0800342c                PROVIDE (__preinit_array_end, .)

.init_array     0x0800342c        0x4
                0x0800342c                PROVIDE (__init_array_start, .)
 *(SORT(.init_array.*))
 *(.init_array*)
 .init_array    0x0800342c        0x4 /home/kajiala/.eclipse/org.eclipse.platform_4.7.0_1473617060_linux_gtk_x86_64/plugins/fr.ac6.mcu.externaltools.arm-none.linux64_1.13.1.201707031232/tools/compiler/bin/../lib/gcc/arm-none-eabi/5.4.1/armv7e-m/fpu/crtbegin.o
                0x08003430                PROVIDE (__init_array_end, .)

.fini_array     0x08003430        0x4
                [!provide]                PROVIDE (__fini_array_start, .)
 *(SORT(.fini_array.*))
 *(.fini_array*)
 .fini_array    0x08003430        0x4 /home/kajiala/.eclipse/org.eclipse.platform_4.7.0_1473617060_linux_gtk_x86_64/plugins/fr.ac6.mcu.externaltools.arm-none.linux64_1.13.1.201707031232/tools/compiler/bin/../lib/gcc/arm-none-eabi/5.4.1/armv7e-m/fpu/crtbegin.o
                [!provide]                PROVIDE (__fini_array_end, .)
                0x08003434                _sidata = LOADADDR (.data)

.data           0x20000000      0x1cc load address 0x08003434
                0x20000000                . = ALIGN (0x4)
                0x20000000                _sdata = .
 *(.data)
 .data          0x20000000      0x110 Middlewares/ST/STM32_USB_Device_Library/Class/CDC/Src/usbd_cdc.o
                0x20000000                USBD_CDC_CfgFSDesc
                0x20000044                USBD_CDC_CfgHSDesc
                0x20000088                USBD_CDC_OtherSpeedCfgDesc
                0x200000d8                USBD_CDC
 .data          0x20000110        0xf Src/main.o
                0x20000110                mystring
 *fill*         0x2000011f        0x1 
 .data          0x20000120        0x4 Src/system_stm32f4xx.o
                0x20000120                SystemCoreClock
 .data          0x20000124       0x10 Src/usbd_cdc_if.o
                0x20000124                USBD_Interface_fops_FS
 .data          0x20000134       0x34 Src/usbd_desc.o
                0x20000134                USBD_FS_DeviceDesc
                0x20000148                USBD_LangIDDesc
                0x2000014c                FS_Desc
 *(.data*)
 .data.impure_data
                0x20000168       0x60 /home/kajiala/.eclipse/org.eclipse.platform_4.7.0_1473617060_linux_gtk_x86_64/plugins/fr.ac6.mcu.externaltools.arm-none.linux64_1.13.1.201707031232/tools/compiler/bin/../lib/gcc/arm-none-eabi/5.4.1/../../../../arm-none-eabi/lib/armv7e-m/fpu/libc_nano.a(lib_a-impure.o)
 .data._impure_ptr
                0x200001c8        0x4 /home/kajiala/.eclipse/org.eclipse.platform_4.7.0_1473617060_linux_gtk_x86_64/plugins/fr.ac6.mcu.externaltools.arm-none.linux64_1.13.1.201707031232/tools/compiler/bin/../lib/gcc/arm-none-eabi/5.4.1/../../../../arm-none-eabi/lib/armv7e-m/fpu/libc_nano.a(lib_a-impure.o)
                0x200001c8                _impure_ptr
                0x200001cc                . = ALIGN (0x4)
                0x200001cc                _edata = .
                0x08003600                _siccmram = LOADADDR (.ccmram)

.jcr            0x200001cc        0x0 load address 0x08003600
 .jcr           0x200001cc        0x0 /home/kajiala/.eclipse/org.eclipse.platform_4.7.0_1473617060_linux_gtk_x86_64/plugins/fr.ac6.mcu.externaltools.arm-none.linux64_1.13.1.201707031232/tools/compiler/bin/../lib/gcc/arm-none-eabi/5.4.1/armv7e-m/fpu/crtbegin.o

.igot.plt       0x200001cc        0x0 load address 0x08003600
 .igot.plt      0x200001cc        0x0 /home/kajiala/.eclipse/org.eclipse.platform_4.7.0_1473617060_linux_gtk_x86_64/plugins/fr.ac6.mcu.externaltools.arm-none.linux64_1.13.1.201707031232/tools/compiler/bin/../lib/gcc/arm-none-eabi/5.4.1/armv7e-m/fpu/crtbegin.o

.ccmram         0x10000000        0x0 load address 0x08003600
                0x10000000                . = ALIGN (0x4)
                0x10000000                _sccmram = .
 *(.ccmram)
 *(.ccmram*)
                0x10000000                . = ALIGN (0x4)
                0x10000000                _eccmram = .
                0x10000000                . = ALIGN (0x4)

.bss            0x200001cc      0x8c8
                0x200001cc                _sbss = .
                0x200001cc                __bss_start__ = _sbss
 *(.bss)
 .bss           0x200001cc       0x1c /home/kajiala/.eclipse/org.eclipse.platform_4.7.0_1473617060_linux_gtk_x86_64/plugins/fr.ac6.mcu.externaltools.arm-none.linux64_1.13.1.201707031232/tools/compiler/bin/../lib/gcc/arm-none-eabi/5.4.1/armv7e-m/fpu/crtbegin.o
 .bss           0x200001e8        0x1 Middlewares/ST/STM32_USB_Device_Library/Class/CDC/Src/usbd_cdc.o
 .bss           0x200001e9        0x1 Middlewares/ST/STM32_USB_Device_Library/Core/Src/usbd_ctlreq.o
 .bss           0x200001ea        0x1 Src/usbd_cdc_if.o
                0x200001ea                _index
 *(.bss*)
 *fill*         0x200001eb        0x1 
 .bss.__malloc_sbrk_start
                0x200001ec        0x4 /home/kajiala/.eclipse/org.eclipse.platform_4.7.0_1473617060_linux_gtk_x86_64/plugins/fr.ac6.mcu.externaltools.arm-none.linux64_1.13.1.201707031232/tools/compiler/bin/../lib/gcc/arm-none-eabi/5.4.1/../../../../arm-none-eabi/lib/armv7e-m/fpu/libc_nano.a(lib_a-nano-mallocr.o)
                0x200001ec                __malloc_sbrk_start
 .bss.__malloc_free_list
                0x200001f0        0x4 /home/kajiala/.eclipse/org.eclipse.platform_4.7.0_1473617060_linux_gtk_x86_64/plugins/fr.ac6.mcu.externaltools.arm-none.linux64_1.13.1.201707031232/tools/compiler/bin/../lib/gcc/arm-none-eabi/5.4.1/../../../../arm-none-eabi/lib/armv7e-m/fpu/libc_nano.a(lib_a-nano-mallocr.o)
                0x200001f0                __malloc_free_list
 .bss.heap_end.4169
                0x200001f4        0x4 /home/kajiala/.eclipse/org.eclipse.platform_4.7.0_1473617060_linux_gtk_x86_64/plugins/fr.ac6.mcu.externaltools.arm-none.linux64_1.13.1.201707031232/tools/compiler/bin/../lib/gcc/arm-none-eabi/5.4.1/../../../../arm-none-eabi/lib/armv7e-m/fpu/libnosys.a(sbrk.o)
 *(COMMON)
 COMMON         0x200001f8        0x4 Drivers/STM32F4xx_HAL_Driver/Src/stm32f4xx_hal.o
                0x200001f8                uwTick
 COMMON         0x200001fc      0x224 Src/usb_device.o
                0x200001fc                hUsbDeviceFS
 COMMON         0x20000420       0x80 Src/usbd_cdc_if.o
                0x20000420                UserRxBufferFS
                0x20000460                UserTxBufferFS
 COMMON         0x200004a0      0x3f0 Src/usbd_conf.o
                0x200004a0                hpcd_USB_OTG_FS
 COMMON         0x20000890      0x200 Src/usbd_desc.o
                0x20000890                USBD_StrDesc
 COMMON         0x20000a90        0x4 /home/kajiala/.eclipse/org.eclipse.platform_4.7.0_1473617060_linux_gtk_x86_64/plugins/fr.ac6.mcu.externaltools.arm-none.linux64_1.13.1.201707031232/tools/compiler/bin/../lib/gcc/arm-none-eabi/5.4.1/../../../../arm-none-eabi/lib/armv7e-m/fpu/libc_nano.a(lib_a-reent.o)
                0x20000a90                errno
                0x20000a94                . = ALIGN (0x4)
                0x20000a94                _ebss = .
                0x20000a94                __bss_end__ = _ebss

._user_heap_stack
                0x20000a94      0x604
                0x20000a98                . = ALIGN (0x8)
 *fill*         0x20000a94        0x4 
                0x20000a98                PROVIDE (end, .)
                [!provide]                PROVIDE (_end, .)
                0x20000c98                . = (. + _Min_Heap_Size)
 *fill*         0x20000a98      0x200 
                0x20001098                . = (. + _Min_Stack_Size)
 *fill*         0x20000c98      0x400 
                0x20001098                . = ALIGN (0x8)

/DISCARD/
 libc.a(*)
 libm.a(*)
 libgcc.a(*)

.ARM.attributes
                0x00000000       0x30
 *(.ARM.attributes)
 .ARM.attributes
                0x00000000       0x22 /home/kajiala/.eclipse/org.eclipse.platform_4.7.0_1473617060_linux_gtk_x86_64/plugins/fr.ac6.mcu.externaltools.arm-none.linux64_1.13.1.201707031232/tools/compiler/bin/../lib/gcc/arm-none-eabi/5.4.1/armv7e-m/fpu/crti.o
 .ARM.attributes
                0x00000022       0x34 /home/kajiala/.eclipse/org.eclipse.platform_4.7.0_1473617060_linux_gtk_x86_64/plugins/fr.ac6.mcu.externaltools.arm-none.linux64_1.13.1.201707031232/tools/compiler/bin/../lib/gcc/arm-none-eabi/5.4.1/armv7e-m/fpu/crtbegin.o
 .ARM.attributes
                0x00000056       0x39 Drivers/STM32F4xx_HAL_Driver/Src/stm32f4xx_hal.o
 .ARM.attributes
                0x0000008f       0x39 Drivers/STM32F4xx_HAL_Driver/Src/stm32f4xx_hal_cortex.o
 .ARM.attributes
                0x000000c8       0x39 Drivers/STM32F4xx_HAL_Driver/Src/stm32f4xx_hal_gpio.o
 .ARM.attributes
                0x00000101       0x39 Drivers/STM32F4xx_HAL_Driver/Src/stm32f4xx_hal_pcd.o
 .ARM.attributes
                0x0000013a       0x39 Drivers/STM32F4xx_HAL_Driver/Src/stm32f4xx_hal_pcd_ex.o
 .ARM.attributes
                0x00000173       0x39 Drivers/STM32F4xx_HAL_Driver/Src/stm32f4xx_hal_rcc.o
 .ARM.attributes
                0x000001ac       0x39 Drivers/STM32F4xx_HAL_Driver/Src/stm32f4xx_ll_usb.o
 .ARM.attributes
                0x000001e5       0x39 Middlewares/ST/STM32_USB_Device_Library/Class/CDC/Src/usbd_cdc.o
 .ARM.attributes
                0x0000021e       0x39 Middlewares/ST/STM32_USB_Device_Library/Core/Src/usbd_core.o
 .ARM.attributes
                0x00000257       0x39 Middlewares/ST/STM32_USB_Device_Library/Core/Src/usbd_ctlreq.o
 .ARM.attributes
                0x00000290       0x39 Middlewares/ST/STM32_USB_Device_Library/Core/Src/usbd_ioreq.o
 .ARM.attributes
                0x000002c9       0x39 Src/main.o
 .ARM.attributes
                0x00000302       0x39 Src/stm32f4xx_hal_msp.o
 .ARM.attributes
                0x0000033b       0x39 Src/stm32f4xx_it.o
 .ARM.attributes
                0x00000374       0x39 Src/system_stm32f4xx.o
 .ARM.attributes
                0x000003ad       0x39 Src/usb_device.o
 .ARM.attributes
                0x000003e6       0x39 Src/usbd_cdc_if.o
 .ARM.attributes
                0x0000041f       0x39 Src/usbd_conf.o
 .ARM.attributes
                0x00000458       0x39 Src/usbd_desc.o
 .ARM.attributes
                0x00000491       0x21 startup/startup_stm32f405xx.o
 .ARM.attributes
                0x000004b2       0x34 /home/kajiala/.eclipse/org.eclipse.platform_4.7.0_1473617060_linux_gtk_x86_64/plugins/fr.ac6.mcu.externaltools.arm-none.linux64_1.13.1.201707031232/tools/compiler/bin/../lib/gcc/arm-none-eabi/5.4.1/../../../../arm-none-eabi/lib/armv7e-m/fpu/libc_nano.a(lib_a-impure.o)
 .ARM.attributes
                0x000004e6       0x34 /home/kajiala/.eclipse/org.eclipse.platform_4.7.0_1473617060_linux_gtk_x86_64/plugins/fr.ac6.mcu.externaltools.arm-none.linux64_1.13.1.201707031232/tools/compiler/bin/../lib/gcc/arm-none-eabi/5.4.1/../../../../arm-none-eabi/lib/armv7e-m/fpu/libc_nano.a(lib_a-init.o)
 .ARM.attributes
                0x0000051a       0x34 /home/kajiala/.eclipse/org.eclipse.platform_4.7.0_1473617060_linux_gtk_x86_64/plugins/fr.ac6.mcu.externaltools.arm-none.linux64_1.13.1.201707031232/tools/compiler/bin/../lib/gcc/arm-none-eabi/5.4.1/../../../../arm-none-eabi/lib/armv7e-m/fpu/libc_nano.a(lib_a-malloc.o)
 .ARM.attributes
                0x0000054e       0x34 /home/kajiala/.eclipse/org.eclipse.platform_4.7.0_1473617060_linux_gtk_x86_64/plugins/fr.ac6.mcu.externaltools.arm-none.linux64_1.13.1.201707031232/tools/compiler/bin/../lib/gcc/arm-none-eabi/5.4.1/../../../../arm-none-eabi/lib/armv7e-m/fpu/libc_nano.a(lib_a-memcpy-stub.o)
 .ARM.attributes
                0x00000582       0x34 /home/kajiala/.eclipse/org.eclipse.platform_4.7.0_1473617060_linux_gtk_x86_64/plugins/fr.ac6.mcu.externaltools.arm-none.linux64_1.13.1.201707031232/tools/compiler/bin/../lib/gcc/arm-none-eabi/5.4.1/../../../../arm-none-eabi/lib/armv7e-m/fpu/libc_nano.a(lib_a-nano-freer.o)
 .ARM.attributes
                0x000005b6       0x34 /home/kajiala/.eclipse/org.eclipse.platform_4.7.0_1473617060_linux_gtk_x86_64/plugins/fr.ac6.mcu.externaltools.arm-none.linux64_1.13.1.201707031232/tools/compiler/bin/../lib/gcc/arm-none-eabi/5.4.1/../../../../arm-none-eabi/lib/armv7e-m/fpu/libc_nano.a(lib_a-nano-mallocr.o)
 .ARM.attributes
                0x000005ea       0x34 /home/kajiala/.eclipse/org.eclipse.platform_4.7.0_1473617060_linux_gtk_x86_64/plugins/fr.ac6.mcu.externaltools.arm-none.linux64_1.13.1.201707031232/tools/compiler/bin/../lib/gcc/arm-none-eabi/5.4.1/../../../../arm-none-eabi/lib/armv7e-m/fpu/libc_nano.a(lib_a-sbrkr.o)
 .ARM.attributes
                0x0000061e       0x1b /home/kajiala/.eclipse/org.eclipse.platform_4.7.0_1473617060_linux_gtk_x86_64/plugins/fr.ac6.mcu.externaltools.arm-none.linux64_1.13.1.201707031232/tools/compiler/bin/../lib/gcc/arm-none-eabi/5.4.1/../../../../arm-none-eabi/lib/armv7e-m/fpu/libc_nano.a(lib_a-strlen.o)
 .ARM.attributes
                0x00000639       0x34 /home/kajiala/.eclipse/org.eclipse.platform_4.7.0_1473617060_linux_gtk_x86_64/plugins/fr.ac6.mcu.externaltools.arm-none.linux64_1.13.1.201707031232/tools/compiler/bin/../lib/gcc/arm-none-eabi/5.4.1/../../../../arm-none-eabi/lib/armv7e-m/fpu/libc_nano.a(lib_a-mlock.o)
 .ARM.attributes
                0x0000066d       0x34 /home/kajiala/.eclipse/org.eclipse.platform_4.7.0_1473617060_linux_gtk_x86_64/plugins/fr.ac6.mcu.externaltools.arm-none.linux64_1.13.1.201707031232/tools/compiler/bin/../lib/gcc/arm-none-eabi/5.4.1/../../../../arm-none-eabi/lib/armv7e-m/fpu/libc_nano.a(lib_a-reent.o)
 .ARM.attributes
                0x000006a1       0x34 /home/kajiala/.eclipse/org.eclipse.platform_4.7.0_1473617060_linux_gtk_x86_64/plugins/fr.ac6.mcu.externaltools.arm-none.linux64_1.13.1.201707031232/tools/compiler/bin/../lib/gcc/arm-none-eabi/5.4.1/../../../../arm-none-eabi/lib/armv7e-m/fpu/libnosys.a(sbrk.o)
 .ARM.attributes
                0x000006d5       0x22 /home/kajiala/.eclipse/org.eclipse.platform_4.7.0_1473617060_linux_gtk_x86_64/plugins/fr.ac6.mcu.externaltools.arm-none.linux64_1.13.1.201707031232/tools/compiler/bin/../lib/gcc/arm-none-eabi/5.4.1/armv7e-m/fpu/crtn.o
OUTPUT(test15_cube_vcp.elf elf32-littlearm)

.debug_info     0x00000000     0xd1e9
 .debug_info    0x00000000      0x916 Drivers/STM32F4xx_HAL_Driver/Src/stm32f4xx_hal.o
 .debug_info    0x00000916      0xefb Drivers/STM32F4xx_HAL_Driver/Src/stm32f4xx_hal_cortex.o
 .debug_info    0x00001811      0x72a Drivers/STM32F4xx_HAL_Driver/Src/stm32f4xx_hal_gpio.o
 .debug_info    0x00001f3b     0x143e Drivers/STM32F4xx_HAL_Driver/Src/stm32f4xx_hal_pcd.o
 .debug_info    0x00003379      0x574 Drivers/STM32F4xx_HAL_Driver/Src/stm32f4xx_hal_pcd_ex.o
 .debug_info    0x000038ed      0xce5 Drivers/STM32F4xx_HAL_Driver/Src/stm32f4xx_hal_rcc.o
 .debug_info    0x000045d2     0x16ac Drivers/STM32F4xx_HAL_Driver/Src/stm32f4xx_ll_usb.o
 .debug_info    0x00005c7e      0xd07 Middlewares/ST/STM32_USB_Device_Library/Class/CDC/Src/usbd_cdc.o
 .debug_info    0x00006985      0xc42 Middlewares/ST/STM32_USB_Device_Library/Core/Src/usbd_core.o
 .debug_info    0x000075c7      0xdfb Middlewares/ST/STM32_USB_Device_Library/Core/Src/usbd_ctlreq.o
 .debug_info    0x000083c2      0x765 Middlewares/ST/STM32_USB_Device_Library/Core/Src/usbd_ioreq.o
 .debug_info    0x00008b27      0x845 Src/main.o
 .debug_info    0x0000936c      0x618 Src/stm32f4xx_hal_msp.o
 .debug_info    0x00009984      0x5a4 Src/stm32f4xx_it.o
 .debug_info    0x00009f28      0x500 Src/system_stm32f4xx.o
 .debug_info    0x0000a428      0x616 Src/usb_device.o
 .debug_info    0x0000aa3e      0x86d Src/usbd_cdc_if.o
 .debug_info    0x0000b2ab     0x1a06 Src/usbd_conf.o
 .debug_info    0x0000ccb1      0x4cc Src/usbd_desc.o
 .debug_info    0x0000d17d       0x6c startup/startup_stm32f405xx.o

.debug_abbrev   0x00000000     0x2559
 .debug_abbrev  0x00000000      0x25c Drivers/STM32F4xx_HAL_Driver/Src/stm32f4xx_hal.o
 .debug_abbrev  0x0000025c      0x2fe Drivers/STM32F4xx_HAL_Driver/Src/stm32f4xx_hal_cortex.o
 .debug_abbrev  0x0000055a      0x1cd Drivers/STM32F4xx_HAL_Driver/Src/stm32f4xx_hal_gpio.o
 .debug_abbrev  0x00000727      0x283 Drivers/STM32F4xx_HAL_Driver/Src/stm32f4xx_hal_pcd.o
 .debug_abbrev  0x000009aa      0x172 Drivers/STM32F4xx_HAL_Driver/Src/stm32f4xx_hal_pcd_ex.o
 .debug_abbrev  0x00000b1c      0x2b0 Drivers/STM32F4xx_HAL_Driver/Src/stm32f4xx_hal_rcc.o
 .debug_abbrev  0x00000dcc      0x242 Drivers/STM32F4xx_HAL_Driver/Src/stm32f4xx_ll_usb.o
 .debug_abbrev  0x0000100e      0x24a Middlewares/ST/STM32_USB_Device_Library/Class/CDC/Src/usbd_cdc.o
 .debug_abbrev  0x00001258      0x1ef Middlewares/ST/STM32_USB_Device_Library/Core/Src/usbd_core.o
 .debug_abbrev  0x00001447      0x26c Middlewares/ST/STM32_USB_Device_Library/Core/Src/usbd_ctlreq.o
 .debug_abbrev  0x000016b3      0x158 Middlewares/ST/STM32_USB_Device_Library/Core/Src/usbd_ioreq.o
 .debug_abbrev  0x0000180b      0x1d2 Src/main.o
 .debug_abbrev  0x000019dd      0x14b Src/stm32f4xx_hal_msp.o
 .debug_abbrev  0x00001b28      0x1a5 Src/stm32f4xx_it.o
 .debug_abbrev  0x00001ccd      0x104 Src/system_stm32f4xx.o
 .debug_abbrev  0x00001dd1      0x170 Src/usb_device.o
 .debug_abbrev  0x00001f41      0x221 Src/usbd_cdc_if.o
 .debug_abbrev  0x00002162      0x27e Src/usbd_conf.o
 .debug_abbrev  0x000023e0      0x167 Src/usbd_desc.o
 .debug_abbrev  0x00002547       0x12 startup/startup_stm32f405xx.o

.debug_loc      0x00000000     0x578e
 .debug_loc     0x00000000       0x91 Drivers/STM32F4xx_HAL_Driver/Src/stm32f4xx_hal.o
 .debug_loc     0x00000091      0x548 Drivers/STM32F4xx_HAL_Driver/Src/stm32f4xx_hal_cortex.o
 .debug_loc     0x000005d9      0x38f Drivers/STM32F4xx_HAL_Driver/Src/stm32f4xx_hal_gpio.o
 .debug_loc     0x00000968      0xb6d Drivers/STM32F4xx_HAL_Driver/Src/stm32f4xx_hal_pcd.o
 .debug_loc     0x000014d5       0xd0 Drivers/STM32F4xx_HAL_Driver/Src/stm32f4xx_hal_pcd_ex.o
 .debug_loc     0x000015a5      0x622 Drivers/STM32F4xx_HAL_Driver/Src/stm32f4xx_hal_rcc.o
 .debug_loc     0x00001bc7     0x133b Drivers/STM32F4xx_HAL_Driver/Src/stm32f4xx_ll_usb.o
 .debug_loc     0x00002f02      0x4b1 Middlewares/ST/STM32_USB_Device_Library/Class/CDC/Src/usbd_cdc.o
 .debug_loc     0x000033b3      0x629 Middlewares/ST/STM32_USB_Device_Library/Core/Src/usbd_core.o
 .debug_loc     0x000039dc      0xb12 Middlewares/ST/STM32_USB_Device_Library/Core/Src/usbd_ctlreq.o
 .debug_loc     0x000044ee      0x23c Middlewares/ST/STM32_USB_Device_Library/Core/Src/usbd_ioreq.o
 .debug_loc     0x0000472a      0x132 Src/system_stm32f4xx.o
 .debug_loc     0x0000485c      0x111 Src/usbd_cdc_if.o
 .debug_loc     0x0000496d      0xb6a Src/usbd_conf.o
 .debug_loc     0x000054d7      0x2b7 Src/usbd_desc.o

.debug_aranges  0x00000000      0x9f8
 .debug_aranges
                0x00000000       0xc8 Drivers/STM32F4xx_HAL_Driver/Src/stm32f4xx_hal.o
 .debug_aranges
                0x000000c8       0xa8 Drivers/STM32F4xx_HAL_Driver/Src/stm32f4xx_hal_cortex.o
 .debug_aranges
                0x00000170       0x58 Drivers/STM32F4xx_HAL_Driver/Src/stm32f4xx_hal_gpio.o
 .debug_aranges
                0x000001c8      0x120 Drivers/STM32F4xx_HAL_Driver/Src/stm32f4xx_hal_pcd.o
 .debug_aranges
                0x000002e8       0x28 Drivers/STM32F4xx_HAL_Driver/Src/stm32f4xx_hal_pcd_ex.o
 .debug_aranges
                0x00000310       0x88 Drivers/STM32F4xx_HAL_Driver/Src/stm32f4xx_hal_rcc.o
 .debug_aranges
                0x00000398      0x180 Drivers/STM32F4xx_HAL_Driver/Src/stm32f4xx_ll_usb.o
 .debug_aranges
                0x00000518       0x90 Middlewares/ST/STM32_USB_Device_Library/Class/CDC/Src/usbd_cdc.o
 .debug_aranges
                0x000005a8       0xb8 Middlewares/ST/STM32_USB_Device_Library/Core/Src/usbd_core.o
 .debug_aranges
                0x00000660       0x88 Middlewares/ST/STM32_USB_Device_Library/Core/Src/usbd_ctlreq.o
 .debug_aranges
                0x000006e8       0x50 Middlewares/ST/STM32_USB_Device_Library/Core/Src/usbd_ioreq.o
 .debug_aranges
                0x00000738       0x30 Src/main.o
 .debug_aranges
                0x00000768       0x30 Src/stm32f4xx_hal_msp.o
 .debug_aranges
                0x00000798       0x68 Src/stm32f4xx_it.o
 .debug_aranges
                0x00000800       0x28 Src/system_stm32f4xx.o
 .debug_aranges
                0x00000828       0x20 Src/usb_device.o
 .debug_aranges
                0x00000848       0x40 Src/usbd_cdc_if.o
 .debug_aranges
                0x00000888       0xf8 Src/usbd_conf.o
 .debug_aranges
                0x00000980       0x50 Src/usbd_desc.o
 .debug_aranges
                0x000009d0       0x28 startup/startup_stm32f405xx.o

.debug_ranges   0x00000000      0x8c0
 .debug_ranges  0x00000000       0xb8 Drivers/STM32F4xx_HAL_Driver/Src/stm32f4xx_hal.o
 .debug_ranges  0x000000b8       0x98 Drivers/STM32F4xx_HAL_Driver/Src/stm32f4xx_hal_cortex.o
 .debug_ranges  0x00000150       0x48 Drivers/STM32F4xx_HAL_Driver/Src/stm32f4xx_hal_gpio.o
 .debug_ranges  0x00000198      0x110 Drivers/STM32F4xx_HAL_Driver/Src/stm32f4xx_hal_pcd.o
 .debug_ranges  0x000002a8       0x18 Drivers/STM32F4xx_HAL_Driver/Src/stm32f4xx_hal_pcd_ex.o
 .debug_ranges  0x000002c0       0x78 Drivers/STM32F4xx_HAL_Driver/Src/stm32f4xx_hal_rcc.o
 .debug_ranges  0x00000338      0x170 Drivers/STM32F4xx_HAL_Driver/Src/stm32f4xx_ll_usb.o
 .debug_ranges  0x000004a8       0x80 Middlewares/ST/STM32_USB_Device_Library/Class/CDC/Src/usbd_cdc.o
 .debug_ranges  0x00000528       0xa8 Middlewares/ST/STM32_USB_Device_Library/Core/Src/usbd_core.o
 .debug_ranges  0x000005d0       0x78 Middlewares/ST/STM32_USB_Device_Library/Core/Src/usbd_ctlreq.o
 .debug_ranges  0x00000648       0x40 Middlewares/ST/STM32_USB_Device_Library/Core/Src/usbd_ioreq.o
 .debug_ranges  0x00000688       0x20 Src/main.o
 .debug_ranges  0x000006a8       0x20 Src/stm32f4xx_hal_msp.o
 .debug_ranges  0x000006c8       0x58 Src/stm32f4xx_it.o
 .debug_ranges  0x00000720       0x18 Src/system_stm32f4xx.o
 .debug_ranges  0x00000738       0x10 Src/usb_device.o
 .debug_ranges  0x00000748       0x30 Src/usbd_cdc_if.o
 .debug_ranges  0x00000778       0xe8 Src/usbd_conf.o
 .debug_ranges  0x00000860       0x40 Src/usbd_desc.o
 .debug_ranges  0x000008a0       0x20 startup/startup_stm32f405xx.o

.debug_macro    0x00000000    0x20d33
 .debug_macro   0x00000000      0x36e Drivers/STM32F4xx_HAL_Driver/Src/stm32f4xx_hal.o
 .debug_macro   0x0000036e      0x898 Drivers/STM32F4xx_HAL_Driver/Src/stm32f4xx_hal.o
 .debug_macro   0x00000c06       0x10 Drivers/STM32F4xx_HAL_Driver/Src/stm32f4xx_hal.o
 .debug_macro   0x00000c16      0x17a Drivers/STM32F4xx_HAL_Driver/Src/stm32f4xx_hal.o
 .debug_macro   0x00000d90       0x33 Drivers/STM32F4xx_HAL_Driver/Src/stm32f4xx_hal.o
 .debug_macro   0x00000dc3       0x28 Drivers/STM32F4xx_HAL_Driver/Src/stm32f4xx_hal.o
 .debug_macro   0x00000deb       0x22 Drivers/STM32F4xx_HAL_Driver/Src/stm32f4xx_hal.o
 .debug_macro   0x00000e0d       0x87 Drivers/STM32F4xx_HAL_Driver/Src/stm32f4xx_hal.o
 .debug_macro   0x00000e94       0x44 Drivers/STM32F4xx_HAL_Driver/Src/stm32f4xx_hal.o
 .debug_macro   0x00000ed8       0xfd Drivers/STM32F4xx_HAL_Driver/Src/stm32f4xx_hal.o
 .debug_macro   0x00000fd5       0x5e Drivers/STM32F4xx_HAL_Driver/Src/stm32f4xx_hal.o
 .debug_macro   0x00001033      0x1df Drivers/STM32F4xx_HAL_Driver/Src/stm32f4xx_hal.o
 .debug_macro   0x00001212       0x35 Drivers/STM32F4xx_HAL_Driver/Src/stm32f4xx_hal.o
 .debug_macro   0x00001247       0x50 Drivers/STM32F4xx_HAL_Driver/Src/stm32f4xx_hal.o
 .debug_macro   0x00001297      0xe66 Drivers/STM32F4xx_HAL_Driver/Src/stm32f4xx_hal.o
 .debug_macro   0x000020fd    0x14219 Drivers/STM32F4xx_HAL_Driver/Src/stm32f4xx_hal.o
 .debug_macro   0x00016316       0x43 Drivers/STM32F4xx_HAL_Driver/Src/stm32f4xx_hal.o
 .debug_macro   0x00016359     0x3574 Drivers/STM32F4xx_HAL_Driver/Src/stm32f4xx_hal.o
 .debug_macro   0x000198cd       0x52 Drivers/STM32F4xx_HAL_Driver/Src/stm32f4xx_hal.o
 .debug_macro   0x0001991f       0x35 Drivers/STM32F4xx_HAL_Driver/Src/stm32f4xx_hal.o
 .debug_macro   0x00019954       0x9c Drivers/STM32F4xx_HAL_Driver/Src/stm32f4xx_hal.o
 .debug_macro   0x000199f0       0x16 Drivers/STM32F4xx_HAL_Driver/Src/stm32f4xx_hal.o
 .debug_macro   0x00019a06       0x97 Drivers/STM32F4xx_HAL_Driver/Src/stm32f4xx_hal.o
 .debug_macro   0x00019a9d      0x30d Drivers/STM32F4xx_HAL_Driver/Src/stm32f4xx_hal.o
 .debug_macro   0x00019daa       0xfd Drivers/STM32F4xx_HAL_Driver/Src/stm32f4xx_hal.o
 .debug_macro   0x00019ea7       0x10 Drivers/STM32F4xx_HAL_Driver/Src/stm32f4xx_hal.o
 .debug_macro   0x00019eb7       0x52 Drivers/STM32F4xx_HAL_Driver/Src/stm32f4xx_hal.o
 .debug_macro   0x00019f09       0x1f Drivers/STM32F4xx_HAL_Driver/Src/stm32f4xx_hal.o
 .debug_macro   0x00019f28       0x43 Drivers/STM32F4xx_HAL_Driver/Src/stm32f4xx_hal.o
 .debug_macro   0x00019f6b       0x20 Drivers/STM32F4xx_HAL_Driver/Src/stm32f4xx_hal.o
 .debug_macro   0x00019f8b      0x187 Drivers/STM32F4xx_HAL_Driver/Src/stm32f4xx_hal.o
 .debug_macro   0x0001a112       0x10 Drivers/STM32F4xx_HAL_Driver/Src/stm32f4xx_hal.o
 .debug_macro   0x0001a122       0x1c Drivers/STM32F4xx_HAL_Driver/Src/stm32f4xx_hal.o
 .debug_macro   0x0001a13e       0x52 Drivers/STM32F4xx_HAL_Driver/Src/stm32f4xx_hal.o
 .debug_macro   0x0001a190       0x40 Drivers/STM32F4xx_HAL_Driver/Src/stm32f4xx_hal.o
 .debug_macro   0x0001a1d0       0x10 Drivers/STM32F4xx_HAL_Driver/Src/stm32f4xx_hal.o
 .debug_macro   0x0001a1e0       0x40 Drivers/STM32F4xx_HAL_Driver/Src/stm32f4xx_hal.o
 .debug_macro   0x0001a220       0xd7 Drivers/STM32F4xx_HAL_Driver/Src/stm32f4xx_hal.o
 .debug_macro   0x0001a2f7       0x16 Drivers/STM32F4xx_HAL_Driver/Src/stm32f4xx_hal.o
 .debug_macro   0x0001a30d      0x18b Drivers/STM32F4xx_HAL_Driver/Src/stm32f4xx_hal.o
 .debug_macro   0x0001a498       0x50 Drivers/STM32F4xx_HAL_Driver/Src/stm32f4xx_hal.o
 .debug_macro   0x0001a4e8      0x8a7 Drivers/STM32F4xx_HAL_Driver/Src/stm32f4xx_hal.o
 .debug_macro   0x0001ad8f      0x9e1 Drivers/STM32F4xx_HAL_Driver/Src/stm32f4xx_hal.o
 .debug_macro   0x0001b770      0x11e Drivers/STM32F4xx_HAL_Driver/Src/stm32f4xx_hal.o
 .debug_macro   0x0001b88e      0x130 Drivers/STM32F4xx_HAL_Driver/Src/stm32f4xx_hal.o
 .debug_macro   0x0001b9be       0x27 Drivers/STM32F4xx_HAL_Driver/Src/stm32f4xx_hal.o
 .debug_macro   0x0001b9e5      0x287 Drivers/STM32F4xx_HAL_Driver/Src/stm32f4xx_hal.o
 .debug_macro   0x0001bc6c       0x5f Drivers/STM32F4xx_HAL_Driver/Src/stm32f4xx_hal.o
 .debug_macro   0x0001bccb      0x23a Drivers/STM32F4xx_HAL_Driver/Src/stm32f4xx_hal.o
 .debug_macro   0x0001bf05      0x133 Drivers/STM32F4xx_HAL_Driver/Src/stm32f4xx_hal.o
 .debug_macro   0x0001c038      0x21e Drivers/STM32F4xx_HAL_Driver/Src/stm32f4xx_hal.o
 .debug_macro   0x0001c256       0x2e Drivers/STM32F4xx_HAL_Driver/Src/stm32f4xx_hal.o
 .debug_macro   0x0001c284      0x11e Drivers/STM32F4xx_HAL_Driver/Src/stm32f4xx_hal.o
 .debug_macro   0x0001c3a2       0x7f Drivers/STM32F4xx_HAL_Driver/Src/stm32f4xx_hal.o
 .debug_macro   0x0001c421       0x89 Drivers/STM32F4xx_HAL_Driver/Src/stm32f4xx_hal.o
 .debug_macro   0x0001c4aa      0x1df Drivers/STM32F4xx_HAL_Driver/Src/stm32f4xx_hal.o
 .debug_macro   0x0001c689      0x115 Drivers/STM32F4xx_HAL_Driver/Src/stm32f4xx_hal.o
 .debug_macro   0x0001c79e      0x125 Drivers/STM32F4xx_HAL_Driver/Src/stm32f4xx_hal.o
 .debug_macro   0x0001c8c3      0x30e Drivers/STM32F4xx_HAL_Driver/Src/stm32f4xx_hal_cortex.o
 .debug_macro   0x0001cbd1      0x346 Drivers/STM32F4xx_HAL_Driver/Src/stm32f4xx_hal_gpio.o
 .debug_macro   0x0001cf17      0x31a Drivers/STM32F4xx_HAL_Driver/Src/stm32f4xx_hal_pcd.o
 .debug_macro   0x0001d231      0x30e Drivers/STM32F4xx_HAL_Driver/Src/stm32f4xx_hal_pcd_ex.o
 .debug_macro   0x0001d53f      0x338 Drivers/STM32F4xx_HAL_Driver/Src/stm32f4xx_hal_rcc.o
 .debug_macro   0x0001d877      0x315 Drivers/STM32F4xx_HAL_Driver/Src/stm32f4xx_ll_usb.o
 .debug_macro   0x0001db8c      0x3c4 Middlewares/ST/STM32_USB_Device_Library/Class/CDC/Src/usbd_cdc.o
 .debug_macro   0x0001df50       0x4c Middlewares/ST/STM32_USB_Device_Library/Class/CDC/Src/usbd_cdc.o
 .debug_macro   0x0001df9c       0x8d Middlewares/ST/STM32_USB_Device_Library/Class/CDC/Src/usbd_cdc.o
 .debug_macro   0x0001e029       0x4a Middlewares/ST/STM32_USB_Device_Library/Class/CDC/Src/usbd_cdc.o
 .debug_macro   0x0001e073       0x16 Middlewares/ST/STM32_USB_Device_Library/Class/CDC/Src/usbd_cdc.o
 .debug_macro   0x0001e089       0x35 Middlewares/ST/STM32_USB_Device_Library/Class/CDC/Src/usbd_cdc.o
 .debug_macro   0x0001e0be       0x16 Middlewares/ST/STM32_USB_Device_Library/Class/CDC/Src/usbd_cdc.o
 .debug_macro   0x0001e0d4       0x29 Middlewares/ST/STM32_USB_Device_Library/Class/CDC/Src/usbd_cdc.o
 .debug_macro   0x0001e0fd       0x16 Middlewares/ST/STM32_USB_Device_Library/Class/CDC/Src/usbd_cdc.o
 .debug_macro   0x0001e113       0x6b Middlewares/ST/STM32_USB_Device_Library/Class/CDC/Src/usbd_cdc.o
 .debug_macro   0x0001e17e      0x1c3 Middlewares/ST/STM32_USB_Device_Library/Class/CDC/Src/usbd_cdc.o
 .debug_macro   0x0001e341       0x83 Middlewares/ST/STM32_USB_Device_Library/Class/CDC/Src/usbd_cdc.o
 .debug_macro   0x0001e3c4      0x39d Middlewares/ST/STM32_USB_Device_Library/Core/Src/usbd_core.o
 .debug_macro   0x0001e761      0x1c9 Middlewares/ST/STM32_USB_Device_Library/Core/Src/usbd_core.o
 .debug_macro   0x0001e92a      0x3a7 Middlewares/ST/STM32_USB_Device_Library/Core/Src/usbd_ctlreq.o
 .debug_macro   0x0001ecd1      0x3a3 Middlewares/ST/STM32_USB_Device_Library/Core/Src/usbd_ioreq.o
 .debug_macro   0x0001f074      0x3d4 Src/main.o
 .debug_macro   0x0001f448      0x38b Src/stm32f4xx_hal_msp.o
 .debug_macro   0x0001f7d3      0x318 Src/stm32f4xx_it.o
 .debug_macro   0x0001faeb      0x314 Src/system_stm32f4xx.o
 .debug_macro   0x0001fdff      0x3de Src/usb_device.o
 .debug_macro   0x000201dd      0x3c8 Src/usbd_cdc_if.o
 .debug_macro   0x000205a5      0x3ad Src/usbd_conf.o
 .debug_macro   0x00020952      0x3e1 Src/usbd_desc.o

.debug_line     0x00000000     0xc788
 .debug_line    0x00000000      0xa03 Drivers/STM32F4xx_HAL_Driver/Src/stm32f4xx_hal.o
 .debug_line    0x00000a03      0xa60 Drivers/STM32F4xx_HAL_Driver/Src/stm32f4xx_hal_cortex.o
 .debug_line    0x00001463      0x9da Drivers/STM32F4xx_HAL_Driver/Src/stm32f4xx_hal_gpio.o
 .debug_line    0x00001e3d      0xd34 Drivers/STM32F4xx_HAL_Driver/Src/stm32f4xx_hal_pcd.o
 .debug_line    0x00002b71      0x89e Drivers/STM32F4xx_HAL_Driver/Src/stm32f4xx_hal_pcd_ex.o
 .debug_line    0x0000340f      0xb80 Drivers/STM32F4xx_HAL_Driver/Src/stm32f4xx_hal_rcc.o
 .debug_line    0x00003f8f      0xe6a Drivers/STM32F4xx_HAL_Driver/Src/stm32f4xx_ll_usb.o
 .debug_line    0x00004df9      0xb39 Middlewares/ST/STM32_USB_Device_Library/Class/CDC/Src/usbd_cdc.o
 .debug_line    0x00005932      0xb29 Middlewares/ST/STM32_USB_Device_Library/Core/Src/usbd_core.o
 .debug_line    0x0000645b      0xb27 Middlewares/ST/STM32_USB_Device_Library/Core/Src/usbd_ctlreq.o
 .debug_line    0x00006f82      0x9d6 Middlewares/ST/STM32_USB_Device_Library/Core/Src/usbd_ioreq.o
 .debug_line    0x00007958      0x9f5 Src/main.o
 .debug_line    0x0000834d      0x947 Src/stm32f4xx_hal_msp.o
 .debug_line    0x00008c94      0x8f2 Src/stm32f4xx_it.o
 .debug_line    0x00009586      0x87c Src/system_stm32f4xx.o
 .debug_line    0x00009e02      0x9cb Src/usb_device.o
 .debug_line    0x0000a7cd      0x9ff Src/usbd_cdc_if.o
 .debug_line    0x0000b1cc      0xb86 Src/usbd_conf.o
 .debug_line    0x0000bd52      0x9b7 Src/usbd_desc.o
 .debug_line    0x0000c709       0x7f startup/startup_stm32f405xx.o

.debug_str      0x00000000    0xb2694
 .debug_str     0x00000000    0xaf2d4 Drivers/STM32F4xx_HAL_Driver/Src/stm32f4xx_hal.o
                              0xaf665 (size before relaxing)
 .debug_str     0x000af2d4      0x3c4 Drivers/STM32F4xx_HAL_Driver/Src/stm32f4xx_hal_cortex.o
                              0xaf42d (size before relaxing)
 .debug_str     0x000af698      0x28c Drivers/STM32F4xx_HAL_Driver/Src/stm32f4xx_hal_gpio.o
                              0xaeddc (size before relaxing)
 .debug_str     0x000af924      0x9dc Drivers/STM32F4xx_HAL_Driver/Src/stm32f4xx_hal_pcd.o
                              0xaf475 (size before relaxing)
 .debug_str     0x000b0300       0x4f Drivers/STM32F4xx_HAL_Driver/Src/stm32f4xx_hal_pcd_ex.o
                              0xaedab (size before relaxing)
 .debug_str     0x000b034f      0x388 Drivers/STM32F4xx_HAL_Driver/Src/stm32f4xx_hal_rcc.o
                              0xaefd9 (size before relaxing)
 .debug_str     0x000b06d7      0x3d1 Drivers/STM32F4xx_HAL_Driver/Src/stm32f4xx_ll_usb.o
                              0xaf3dc (size before relaxing)
 .debug_str     0x000b0aa8     0x1271 Middlewares/ST/STM32_USB_Device_Library/Class/CDC/Src/usbd_cdc.o
                              0xafd99 (size before relaxing)
 .debug_str     0x000b1d19      0x294 Middlewares/ST/STM32_USB_Device_Library/Core/Src/usbd_core.o
                              0xafa7a (size before relaxing)
 .debug_str     0x000b1fad      0x125 Middlewares/ST/STM32_USB_Device_Library/Core/Src/usbd_ctlreq.o
                              0xaf994 (size before relaxing)
 .debug_str     0x000b20d2       0x51 Middlewares/ST/STM32_USB_Device_Library/Core/Src/usbd_ioreq.o
                              0xaf8c1 (size before relaxing)
 .debug_str     0x000b2123       0x7b Src/main.o
                              0xafeac (size before relaxing)
 .debug_str     0x000b219e       0x53 Src/stm32f4xx_hal_msp.o
                              0xafa06 (size before relaxing)
 .debug_str     0x000b21f1       0xda Src/stm32f4xx_it.o
                              0xaee07 (size before relaxing)
 .debug_str     0x000b22cb       0x5a Src/system_stm32f4xx.o
                              0xaebc4 (size before relaxing)
 .debug_str     0x000b2325       0x40 Src/usb_device.o
                              0xafb2c (size before relaxing)
 .debug_str     0x000b2365       0xa7 Src/usbd_cdc_if.o
                              0xafc3e (size before relaxing)
 .debug_str     0x000b240c       0x51 Src/usbd_conf.o
                              0xb0695 (size before relaxing)
 .debug_str     0x000b245d      0x237 Src/usbd_desc.o
                              0xaf75c (size before relaxing)

.comment        0x00000000       0x6e
 .comment       0x00000000       0x6e Drivers/STM32F4xx_HAL_Driver/Src/stm32f4xx_hal.o
                                 0x6f (size before relaxing)
 .comment       0x0000006e       0x6f Drivers/STM32F4xx_HAL_Driver/Src/stm32f4xx_hal_cortex.o
 .comment       0x0000006e       0x6f Drivers/STM32F4xx_HAL_Driver/Src/stm32f4xx_hal_gpio.o
 .comment       0x0000006e       0x6f Drivers/STM32F4xx_HAL_Driver/Src/stm32f4xx_hal_pcd.o
 .comment       0x0000006e       0x6f Drivers/STM32F4xx_HAL_Driver/Src/stm32f4xx_hal_pcd_ex.o
 .comment       0x0000006e       0x6f Drivers/STM32F4xx_HAL_Driver/Src/stm32f4xx_hal_rcc.o
 .comment       0x0000006e       0x6f Drivers/STM32F4xx_HAL_Driver/Src/stm32f4xx_ll_usb.o
 .comment       0x0000006e       0x6f Middlewares/ST/STM32_USB_Device_Library/Class/CDC/Src/usbd_cdc.o
 .comment       0x0000006e       0x6f Middlewares/ST/STM32_USB_Device_Library/Core/Src/usbd_core.o
 .comment       0x0000006e       0x6f Middlewares/ST/STM32_USB_Device_Library/Core/Src/usbd_ctlreq.o
 .comment       0x0000006e       0x6f Middlewares/ST/STM32_USB_Device_Library/Core/Src/usbd_ioreq.o
 .comment       0x0000006e       0x6f Src/main.o
 .comment       0x0000006e       0x6f Src/stm32f4xx_hal_msp.o
 .comment       0x0000006e       0x6f Src/stm32f4xx_it.o
 .comment       0x0000006e       0x6f Src/system_stm32f4xx.o
 .comment       0x0000006e       0x6f Src/usb_device.o
 .comment       0x0000006e       0x6f Src/usbd_cdc_if.o
 .comment       0x0000006e       0x6f Src/usbd_conf.o
 .comment       0x0000006e       0x6f Src/usbd_desc.o

.debug_frame    0x00000000     0x197c
 .debug_frame   0x00000000      0x198 Drivers/STM32F4xx_HAL_Driver/Src/stm32f4xx_hal.o
 .debug_frame   0x00000198      0x154 Drivers/STM32F4xx_HAL_Driver/Src/stm32f4xx_hal_cortex.o
 .debug_frame   0x000002ec       0xc4 Drivers/STM32F4xx_HAL_Driver/Src/stm32f4xx_hal_gpio.o
 .debug_frame   0x000003b0      0x30c Drivers/STM32F4xx_HAL_Driver/Src/stm32f4xx_hal_pcd.o
 .debug_frame   0x000006bc       0x3c Drivers/STM32F4xx_HAL_Driver/Src/stm32f4xx_hal_pcd_ex.o
 .debug_frame   0x000006f8      0x150 Drivers/STM32F4xx_HAL_Driver/Src/stm32f4xx_hal_rcc.o
 .debug_frame   0x00000848      0x494 Drivers/STM32F4xx_HAL_Driver/Src/stm32f4xx_ll_usb.o
 .debug_frame   0x00000cdc      0x154 Middlewares/ST/STM32_USB_Device_Library/Class/CDC/Src/usbd_cdc.o
 .debug_frame   0x00000e30      0x1bc Middlewares/ST/STM32_USB_Device_Library/Core/Src/usbd_core.o
 .debug_frame   0x00000fec      0x178 Middlewares/ST/STM32_USB_Device_Library/Core/Src/usbd_ctlreq.o
 .debug_frame   0x00001164       0xb8 Middlewares/ST/STM32_USB_Device_Library/Core/Src/usbd_ioreq.o
 .debug_frame   0x0000121c       0x54 Src/main.o
 .debug_frame   0x00001270       0x58 Src/stm32f4xx_hal_msp.o
 .debug_frame   0x000012c8       0xc0 Src/stm32f4xx_it.o
 .debug_frame   0x00001388       0x30 Src/system_stm32f4xx.o
 .debug_frame   0x000013b8       0x28 Src/usb_device.o
 .debug_frame   0x000013e0       0x7c Src/usbd_cdc_if.o
 .debug_frame   0x0000145c      0x2b8 Src/usbd_conf.o
 .debug_frame   0x00001714       0xa8 Src/usbd_desc.o
 .debug_frame   0x000017bc       0x2c /home/kajiala/.eclipse/org.eclipse.platform_4.7.0_1473617060_linux_gtk_x86_64/plugins/fr.ac6.mcu.externaltools.arm-none.linux64_1.13.1.201707031232/tools/compiler/bin/../lib/gcc/arm-none-eabi/5.4.1/../../../../arm-none-eabi/lib/armv7e-m/fpu/libc_nano.a(lib_a-init.o)
 .debug_frame   0x000017e8       0x30 /home/kajiala/.eclipse/org.eclipse.platform_4.7.0_1473617060_linux_gtk_x86_64/plugins/fr.ac6.mcu.externaltools.arm-none.linux64_1.13.1.201707031232/tools/compiler/bin/../lib/gcc/arm-none-eabi/5.4.1/../../../../arm-none-eabi/lib/armv7e-m/fpu/libc_nano.a(lib_a-malloc.o)
 .debug_frame   0x00001818       0x28 /home/kajiala/.eclipse/org.eclipse.platform_4.7.0_1473617060_linux_gtk_x86_64/plugins/fr.ac6.mcu.externaltools.arm-none.linux64_1.13.1.201707031232/tools/compiler/bin/../lib/gcc/arm-none-eabi/5.4.1/../../../../arm-none-eabi/lib/armv7e-m/fpu/libc_nano.a(lib_a-memcpy-stub.o)
 .debug_frame   0x00001840       0x38 /home/kajiala/.eclipse/org.eclipse.platform_4.7.0_1473617060_linux_gtk_x86_64/plugins/fr.ac6.mcu.externaltools.arm-none.linux64_1.13.1.201707031232/tools/compiler/bin/../lib/gcc/arm-none-eabi/5.4.1/../../../../arm-none-eabi/lib/armv7e-m/fpu/libc_nano.a(lib_a-nano-freer.o)
 .debug_frame   0x00001878       0x2c /home/kajiala/.eclipse/org.eclipse.platform_4.7.0_1473617060_linux_gtk_x86_64/plugins/fr.ac6.mcu.externaltools.arm-none.linux64_1.13.1.201707031232/tools/compiler/bin/../lib/gcc/arm-none-eabi/5.4.1/../../../../arm-none-eabi/lib/armv7e-m/fpu/libc_nano.a(lib_a-nano-mallocr.o)
 .debug_frame   0x000018a4       0x2c /home/kajiala/.eclipse/org.eclipse.platform_4.7.0_1473617060_linux_gtk_x86_64/plugins/fr.ac6.mcu.externaltools.arm-none.linux64_1.13.1.201707031232/tools/compiler/bin/../lib/gcc/arm-none-eabi/5.4.1/../../../../arm-none-eabi/lib/armv7e-m/fpu/libc_nano.a(lib_a-sbrkr.o)
 .debug_frame   0x000018d0       0x30 /home/kajiala/.eclipse/org.eclipse.platform_4.7.0_1473617060_linux_gtk_x86_64/plugins/fr.ac6.mcu.externaltools.arm-none.linux64_1.13.1.201707031232/tools/compiler/bin/../lib/gcc/arm-none-eabi/5.4.1/../../../../arm-none-eabi/lib/armv7e-m/fpu/libc_nano.a(lib_a-mlock.o)
 .debug_frame   0x00001900       0x5c /home/kajiala/.eclipse/org.eclipse.platform_4.7.0_1473617060_linux_gtk_x86_64/plugins/fr.ac6.mcu.externaltools.arm-none.linux64_1.13.1.201707031232/tools/compiler/bin/../lib/gcc/arm-none-eabi/5.4.1/../../../../arm-none-eabi/lib/armv7e-m/fpu/libc_nano.a(lib_a-reent.o)
 .debug_frame   0x0000195c       0x20 /home/kajiala/.eclipse/org.eclipse.platform_4.7.0_1473617060_linux_gtk_x86_64/plugins/fr.ac6.mcu.externaltools.arm-none.linux64_1.13.1.201707031232/tools/compiler/bin/../lib/gcc/arm-none-eabi/5.4.1/../../../../arm-none-eabi/lib/armv7e-m/fpu/libnosys.a(sbrk.o)
